Component: ARM Compiler 5.06 update 3 (build 300) Tool: armlink [4d35c9]

==============================================================================

Section Cross References

    main.o(i.Autofly_Task) refers to tasks.o(i.xTaskGetTickCount) for xTaskGetTickCount
    main.o(i.Autofly_Task) refers to autoflytask.o(i.AutoflyTask) for AutoflyTask
    main.o(i.Autofly_Task) refers to tasks.o(i.vTaskDelayUntil) for vTaskDelayUntil
    main.o(i.Autofly_Task) refers to global_declare.o(.bss) for system_monitor
    main.o(i.IMUSample_Task) refers to tasks.o(i.xTaskGetTickCount) for xTaskGetTickCount
    main.o(i.IMUSample_Task) refers to bmi088_driver.o(i.Sensor_Data_Prepare) for Sensor_Data_Prepare
    main.o(i.IMUSample_Task) refers to tasks.o(i.vTaskDelayUntil) for vTaskDelayUntil
    main.o(i.IMUSample_Task) refers to global_declare.o(.bss) for system_monitor
    main.o(i.IMU_DataDeal_Task) refers to tasks.o(i.xTaskGetTickCount) for xTaskGetTickCount
    main.o(i.IMU_DataDeal_Task) refers to imu_update.o(i.IMU_Update_Mahony) for IMU_Update_Mahony
    main.o(i.IMU_DataDeal_Task) refers to tasks.o(i.vTaskDelayUntil) for vTaskDelayUntil
    main.o(i.IMU_DataDeal_Task) refers to imu_update.o(.data) for imu_data
    main.o(i.IMU_DataDeal_Task) refers to global_declare.o(.bss) for system_monitor
    main.o(i.Remoter_Task) refers to tasks.o(i.xTaskGetTickCount) for xTaskGetTickCount
    main.o(i.Remoter_Task) refers to remotertask.o(i.remoter_task) for remoter_task
    main.o(i.Remoter_Task) refers to tasks.o(i.vTaskDelayUntil) for vTaskDelayUntil
    main.o(i.Remoter_Task) refers to global_declare.o(.bss) for system_monitor
    main.o(i.Send_Task) refers to tasks.o(i.xTaskGetTickCount) for xTaskGetTickCount
    main.o(i.Send_Task) refers to send_data.o(i.Send_Groundstation_Telemetry_UART4) for Send_Groundstation_Telemetry_UART4
    main.o(i.Send_Task) refers to send_data.o(i.Process_GroundStation_Command) for Process_GroundStation_Command
    main.o(i.Send_Task) refers to tasks.o(i.vTaskDelay) for vTaskDelay
    main.o(i.Send_Task) refers to send_data.o(i.send_to_linux) for send_to_linux
    main.o(i.Send_Task) refers to send_data.o(i.usart3_send) for usart3_send
    main.o(i.Send_Task) refers to tasks.o(i.vTaskDelayUntil) for vTaskDelayUntil
    main.o(i.Send_Task) refers to mrac.o(.bss) for mrac_flags
    main.o(i.Send_Task) refers to global_declare.o(.bss) for system_monitor
    main.o(i.Stabilizer_Task) refers to tasks.o(i.xTaskGetTickCount) for xTaskGetTickCount
    main.o(i.Stabilizer_Task) refers to mrac.o(i.MRAC_Init) for MRAC_Init
    main.o(i.Stabilizer_Task) refers to gyro_filter.o(i.GyroFilter_Init) for GyroFilter_Init
    main.o(i.Stabilizer_Task) refers to stabilizertask.o(i.stabilizer_Task) for stabilizer_Task
    main.o(i.Stabilizer_Task) refers to tasks.o(i.vTaskDelayUntil) for vTaskDelayUntil
    main.o(i.Stabilizer_Task) refers to global_declare.o(.bss) for system_monitor
    main.o(i.SystemMonitor_Task) refers to tasks.o(i.xTaskGetTickCount) for xTaskGetTickCount
    main.o(i.SystemMonitor_Task) refers to systemmonitor_task.o(i.SystemErrorDetect) for SystemErrorDetect
    main.o(i.SystemMonitor_Task) refers to stabilizertask.o(i.Get_Voltage) for Get_Voltage
    main.o(i.SystemMonitor_Task) refers to tasks.o(i.vTaskDelayUntil) for vTaskDelayUntil
    main.o(i.main) refers to bsp.o(i.BSP_Init) for BSP_Init
    main.o(i.main) refers to tasks.o(i.xTaskCreate) for xTaskCreate
    main.o(i.main) refers to tasks.o(i.vTaskStartScheduler) for vTaskStartScheduler
    main.o(i.main) refers to main.o(.data) for StartTask_Handler
    main.o(i.main) refers to main.o(i.start_task) for start_task
    main.o(i.start_task) refers to port.o(i.vPortEnterCritical) for vPortEnterCritical
    main.o(i.start_task) refers to tasks.o(i.xTaskCreate) for xTaskCreate
    main.o(i.start_task) refers to tasks.o(i.vTaskDelete) for vTaskDelete
    main.o(i.start_task) refers to port.o(i.vPortExitCritical) for vPortExitCritical
    main.o(i.start_task) refers to main.o(.data) for SystemMonitorTask_Handler
    main.o(i.start_task) refers to main.o(i.SystemMonitor_Task) for SystemMonitor_Task
    main.o(i.start_task) refers to main.o(i.IMU_DataDeal_Task) for IMU_DataDeal_Task
    main.o(i.start_task) refers to main.o(i.IMUSample_Task) for IMUSample_Task
    main.o(i.start_task) refers to main.o(i.Stabilizer_Task) for Stabilizer_Task
    main.o(i.start_task) refers to main.o(i.Remoter_Task) for Remoter_Task
    main.o(i.start_task) refers to main.o(i.Autofly_Task) for Autofly_Task
    main.o(i.start_task) refers to main.o(i.Send_Task) for Send_Task
    retarget.o(.rev16_text) refers (Special) to use_no_semi_2.o(.text) for __use_no_semihosting
    retarget.o(.revsh_text) refers (Special) to use_no_semi_2.o(.text) for __use_no_semihosting
    retarget.o(i._sys_exit) refers (Special) to use_no_semi_2.o(.text) for __use_no_semihosting
    retarget.o(i.fputc) refers (Special) to use_no_semi_2.o(.text) for __use_no_semihosting
[...]
    SPI_Init                                 0x080067c1   Thumb Code    60  stm32f4xx_spi.o(i.SPI_Init)
    Send_Groundstation_Telemetry_UART4       0x080067fd   Thumb Code  2186  send_data.o(i.Send_Groundstation_Telemetry_UART4)
    Send_Task                                0x08007091   Thumb Code    74  main.o(i.Send_Task)
    Sensor_Data_Prepare                      0x080070e5   Thumb Code   774  bmi088_driver.o(i.Sensor_Data_Prepare)
    SetBeep                                  0x0800746d   Thumb Code    28  pwm.o(i.SetBeep)
    Set_IDLE_Motors                          0x08007579   Thumb Code    26  pwm.o(i.Set_IDLE_Motors)
    Set_PWM_Motors                           0x08007599   Thumb Code   208  pwm.o(i.Set_PWM_Motors)
    Set_Zero_Motors                          0x08007671   Thumb Code    26  pwm.o(i.Set_Zero_Motors)
    Stabilizer_Task                          0x08007691   Thumb Code    48  main.o(i.Stabilizer_Task)
    SysID_Abort                              0x080076c9   Thumb Code    18  sysid.o(i.SysID_Abort)
    SysID_GetAxis                            0x080076e1   Thumb Code     6  sysid.o(i.SysID_GetAxis)
    SysID_GetDither                          0x080076ed   Thumb Code     8  sysid.o(i.SysID_GetDither)
    SysID_GetRateSetpoint                    0x080076f9   Thumb Code     8  sysid.o(i.SysID_GetRateSetpoint)
    SysID_GetState                           0x08007705   Thumb Code     6  sysid.o(i.SysID_GetState)
    SysID_IsAxisActive                       0x08007711   Thumb Code    46  sysid.o(i.SysID_IsAxisActive)
    SysID_SetGeofence                        0x08007749   Thumb Code    14  sysid.o(i.SysID_SetGeofence)
    SysID_Start                              0x0800775d   Thumb Code   740  sysid.o(i.SysID_Start)
    SysID_Update                             0x08007abd   Thumb Code   174  sysid.o(i.SysID_Update)
    SysTick_Handler                          0x08007b89   Thumb Code    16  delay.o(i.SysTick_Handler)
    SystemErrorDetect                        0x08007b99   Thumb Code   276  systemmonitor_task.o(i.SystemErrorDetect)
    SystemInit                               0x08007cc1   Thumb Code    88  system_stm32f4xx.o(i.SystemInit)
    SystemMonitor_Task                       0x08007d29   Thumb Code    32  main.o(i.SystemMonitor_Task)
    TIM_ARRPreloadConfig                     0x08007d49   Thumb Code    24  stm32f4xx_tim.o(i.TIM_ARRPreloadConfig)
    TIM_Cmd                                  0x08007d61   Thumb Code    24  stm32f4xx_tim.o(i.TIM_Cmd)
    TIM_CtrlPWMOutputs                       0x08007d79   Thumb Code    30  stm32f4xx_tim.o(i.TIM_CtrlPWMOutputs)
    TIM_OC1Init                              0x08007d99   Thumb Code   114  stm32f4xx_tim.o(i.TIM_OC1Init)
    TIM_OC1PreloadConfig                     0x08007e15   Thumb Code    18  stm32f4xx_tim.o(i.TIM_OC1PreloadConfig)
    TIM_OC2Init                              0x08007e29   Thumb Code   154  stm32f4xx_tim.o(i.TIM_OC2Init)
    TIM_OC2PreloadConfig                     0x08007ecd   Thumb Code    26  stm32f4xx_tim.o(i.TIM_OC2PreloadConfig)
    TIM_OC3Init                              0x08007ee9   Thumb Code   150  stm32f4xx_tim.o(i.TIM_OC3Init)
    TIM_OC4Init                              0x08007f89   Thumb Code   112  stm32f4xx_tim.o(i.TIM_OC4Init)
    TIM_OCStructInit                         0x08008001   Thumb Code    20  stm32f4xx_tim.o(i.TIM_OCStructInit)
    TIM_SetCompare3                          0x08008015   Thumb Code     4  stm32f4xx_tim.o(i.TIM_SetCompare3)
    TIM_TimeBaseInit                         0x08008019   Thumb Code   104  stm32f4xx_tim.o(i.TIM_TimeBaseInit)
    TIM_TimeBaseStructInit                   0x0800809d   Thumb Code    18  stm32f4xx_tim.o(i.TIM_TimeBaseStructInit)
    UART4_Configuration                      0x080080b1   Thumb Code   374  usart4.o(i.UART4_Configuration)
    UART4_IRQHandler                         0x0800823d   Thumb Code    68  stm32f4xx_it.o(i.UART4_IRQHandler)
    UART5_Configuration                      0x08008291   Thumb Code   426  usart5.o(i.UART5_Configuration)
    UART5_IRQHandler                         0x08008451   Thumb Code    58  stm32f4xx_it.o(i.UART5_IRQHandler)
    USART1_Configuration                     0x0800849d   Thumb Code   170  usart1.o(i.USART1_Configuration)
    USART1_IRQHandler                        0x08008555   Thumb Code    48  stm32f4xx_it.o(i.USART1_IRQHandler)
    USART2_Configuration                     0x0800858d   Thumb Code   164  usart2.o(i.USART2_Configuration)
    USART2_IRQHandler                        0x08008641   Thumb Code    68  stm32f4xx_it.o(i.USART2_IRQHandler)
    USART3_Configuration                     0x0800868d   Thumb Code   404  usart3.o(i.USART3_Configuration)
    USART3_IRQHandler                        0x08008831   Thumb Code    32  stm32f4xx_it.o(i.USART3_IRQHandler)
    USART6_IRQHandler                        0x08008859   Thumb Code     2  stm32f4xx_it.o(i.USART6_IRQHandler)
    USART_ClearITPendingBit                  0x0800885b   Thumb Code    30  stm32f4xx_usart.o(i.USART_ClearITPendingBit)
    USART_Cmd                                0x08008879   Thumb Code    24  stm32f4xx_usart.o(i.USART_Cmd)
    USART_DMACmd                             0x08008891   Thumb Code    18  stm32f4xx_usart.o(i.USART_DMACmd)
    USART_DeInit                             0x080088a5   Thumb Code   206  stm32f4xx_usart.o(i.USART_DeInit)
    USART_GetITStatus                        0x08008995   Thumb Code    84  stm32f4xx_usart.o(i.USART_GetITStatus)
    USART_ITConfig                           0x080089e9   Thumb Code    74  stm32f4xx_usart.o(i.USART_ITConfig)
    USART_Init                               0x08008a35   Thumb Code   204  stm32f4xx_usart.o(i.USART_Init)
    USART_Receive                            0x08008b09   Thumb Code   182  stm32f4xx_it.o(i.USART_Receive)
    Update_Data                              0x08008bc1   Thumb Code  1146  stabilizertask.o(i.Update_Data)
    Update_Des                               0x08009045   Thumb Code  1546  stabilizertask.o(i.Update_Des)
    Update_Motor                             0x08009681   Thumb Code   532  stabilizertask.o(i.Update_Motor)
    Voltage_Calculation                      0x080098e1   Thumb Code    22  adc.o(i.Voltage_Calculation)
    __ARM_fpclassify                         0x080098fd   Thumb Code    48  fpclassify.o(i.__ARM_fpclassify)
    __ARM_fpclassifyf                        0x0800992d   Thumb Code    38  fpclassifyf.o(i.__ARM_fpclassifyf)
    __hardfp_asinf                           0x08009965   Thumb Code   258  asinf.o(i.__hardfp_asinf)
    __hardfp_atan2f                          0x08009a91   Thumb Code   502  atan2f.o(i.__hardfp_atan2f)
    __hardfp_cos                             0x08009ce1   Thumb Code   180  cos.o(i.__hardfp_cos)
    __hardfp_cosf                            0x08009da9   Thumb Code   280  cosf.o(i.__hardfp_cosf)
    __hardfp_expf                            0x08009ef9   Thumb Code   426  expf.o(i.__hardfp_expf)
    __mathlib_expf                           0x08009ef9   Thumb Code     0  expf.o(i.__hardfp_expf)
    __hardfp_pow                             0x0800a0e1   Thumb Code  3072  pow.o(i.__hardfp_pow)
    __hardfp_powf                            0x0800ad31   Thumb Code  1606  powf.o(i.__hardfp_powf)
    __mathlib_powf                           0x0800ad31   Thumb Code     0  powf.o(i.__hardfp_powf)
    __hardfp_sin                             0x0800b399   Thumb Code   180  sin.o(i.__hardfp_sin)
    __hardfp_sinf                            0x0800b461   Thumb Code   344  sinf.o(i.__hardfp_sinf)
    __hardfp_sqrt                            0x0800b5f1   Thumb Code   122  sqrt.o(i.__hardfp_sqrt)
    __hardfp_sqrtf                           0x0800b66b   Thumb Code    58  sqrtf.o(i.__hardfp_sqrtf)
    __hardfp_tanhf                           0x0800b6a5   Thumb Code   208  tanhf.o(i.__hardfp_tanhf)
    __ieee754_rem_pio2                       0x0800b789   Thumb Code   938  rred.o(i.__ieee754_rem_pio2)
    __kernel_cos                             0x0800bbc1   Thumb Code   322  cos_i.o(i.__kernel_cos)
    __kernel_poly                            0x0800bd31   Thumb Code   248  poly.o(i.__kernel_poly)
    __kernel_sin                             0x0800be29   Thumb Code   280  sin_i.o(i.__kernel_sin)
    __mathlib_dbl_divzero                    0x0800bf59   Thumb Code    28  dunder.o(i.__mathlib_dbl_divzero)
    __mathlib_dbl_infnan                     0x0800bf89   Thumb Code    20  dunder.o(i.__mathlib_dbl_infnan)
    __mathlib_dbl_infnan2                    0x0800bf9d   Thumb Code    20  dunder.o(i.__mathlib_dbl_infnan2)
    __mathlib_dbl_invalid                    0x0800bfb1   Thumb Code    24  dunder.o(i.__mathlib_dbl_invalid)
    __mathlib_dbl_overflow                   0x0800bfd1   Thumb Code    24  dunder.o(i.__mathlib_dbl_overflow)
    __mathlib_dbl_underflow                  0x0800bff1   Thumb Code    24  dunder.o(i.__mathlib_dbl_underflow)
    __mathlib_flt_divzero                    0x0800c011   Thumb Code    14  funder.o(i.__mathlib_flt_divzero)
    __mathlib_flt_infnan                     0x0800c025   Thumb Code     6  funder.o(i.__mathlib_flt_infnan)
    __mathlib_flt_infnan2                    0x0800c02b   Thumb Code     6  funder.o(i.__mathlib_flt_infnan2)
    __mathlib_flt_invalid                    0x0800c031   Thumb Code    10  funder.o(i.__mathlib_flt_invalid)
    __mathlib_flt_overflow                   0x0800c041   Thumb Code    10  funder.o(i.__mathlib_flt_overflow)
    __mathlib_flt_underflow                  0x0800c051   Thumb Code    10  funder.o(i.__mathlib_flt_underflow)
    __mathlib_rredf2                         0x0800c061   Thumb Code   316  rredf.o(i.__mathlib_rredf2)
    _sys_exit                                0x0800c1b5   Thumb Code     4  retarget.o(i._sys_exit)
    accel_to_lean_angles                     0x0800c1b9   Thumb Code   268  stabilizertask.o(i.accel_to_lean_angles)
    bmi088_init                              0x0800c401   Thumb Code   358  bmi088_driver.o(i.bmi088_init)
    delay_ms                                 0x0800c581   Thumb Code    28  delay.o(i.delay_ms)
    fabs                                     0x0800c59d   Thumb Code    24  fabs.o(i.fabs)
    fast_atan                                0x0800c5b5   Thumb Code    42  stabilizertask.o(i.fast_atan)
    fputc                                    0x0800c5ed   Thumb Code     2  retarget.o(i.fputc)
    invSqrt                                  0x0800c5f1   Thumb Code    56  imu_update.o(i.invSqrt)
    leastSquareLinearFit                     0x0800c62d   Thumb Code   224  bmi088_driver.o(i.leastSquareLinearFit)
    main                                     0x0800c715   Thumb Code    34  main.o(i.main)
    pvPortMalloc                             0x0800d245   Thumb Code   262  heap_4.o(i.pvPortMalloc)
    pvTaskIncrementMutexHeldCount            0x0800d399   Thumb Code    26  tasks.o(i.pvTaskIncrementMutexHeldCount)
    pxPortInitialiseStack                    0x0800d3b9   Thumb Code    38  port.o(i.pxPortInitialiseStack)
    remoter_task                             0x0800d3e5   Thumb Code   614  remotertask.o(i.remoter_task)
    send_to_linux                            0x0800d6fd   Thumb Code   498  send_data.o(i.send_to_linux)
    spi2_read_write_byte                     0x0800d905   Thumb Code    44  spi.o(i.spi2_read_write_byte)
    sqrt                                     0x0800d935   Thumb Code   110  sqrt.o(i.sqrt)
    sqrtf                                    0x0800d9a3   Thumb Code    62  sqrtf.o(i.sqrtf)
    stabilizer_Task                          0x0800d9e1   Thumb Code    20  stabilizertask.o(i.stabilizer_Task)
    start_task                               0x0800d9f5   Thumb Code   176  main.o(i.start_task)
    usart3_send                              0x0800df6d   Thumb Code   200  send_data.o(i.usart3_send)
    uxListRemove                             0x0800e041   Thumb Code    40  list.o(i.uxListRemove)
    vListInitialise                          0x0800e069   Thumb Code    26  list.o(i.vListInitialise)
    vListInitialiseItem                      0x0800e083   Thumb Code     6  list.o(i.vListInitialiseItem)
    vListInsert                              0x0800e089   Thumb Code    52  list.o(i.vListInsert)
    vListInsertEnd                           0x0800e0bd   Thumb Code    24  list.o(i.vListInsertEnd)
    vPortEnterCritical                       0x0800e0d5   Thumb Code    68  port.o(i.vPortEnterCritical)
    vPortExitCritical                        0x0800e15d   Thumb Code    48  port.o(i.vPortExitCritical)
    vPortFree                                0x0800e1cd   Thumb Code   120  heap_4.o(i.vPortFree)
    vPortSetupTimerInterrupt                 0x0800e285   Thumb Code    26  port.o(i.vPortSetupTimerInterrupt)
    vPortValidateInterruptPriority           0x0800e2a5   Thumb Code    86  port.o(i.vPortValidateInterruptPriority)
    vQueueAddToRegistry                      0x0800e345   Thumb Code    38  queue.o(i.vQueueAddToRegistry)
    vQueueWaitForMessageRestricted           0x0800e371   Thumb Code    74  queue.o(i.vQueueWaitForMessageRestricted)
    vTaskDelay                               0x0800e3bd   Thumb Code    72  tasks.o(i.vTaskDelay)
    vTaskDelayUntil                          0x0800e431   Thumb Code   170  tasks.o(i.vTaskDelayUntil)
    vTaskDelete                              0x0800e50d   Thumb Code   192  tasks.o(i.vTaskDelete)
    vTaskMissedYield                         0x0800e619   Thumb Code     8  tasks.o(i.vTaskMissedYield)
    vTaskPlaceOnEventList                    0x0800e625   Thumb Code    42  tasks.o(i.vTaskPlaceOnEventList)
    vTaskPlaceOnEventListRestricted          0x0800e679   Thumb Code    50  tasks.o(i.vTaskPlaceOnEventListRestricted)
    vTaskPriorityInherit                     0x0800e6d5   Thumb Code   164  tasks.o(i.vTaskPriorityInherit)
    vTaskSetTimeOutState                     0x0800e785   Thumb Code    32  tasks.o(i.vTaskSetTimeOutState)
    vTaskStartScheduler                      0x0800e7d1   Thumb Code   108  tasks.o(i.vTaskStartScheduler)
    vTaskSuspendAll                          0x0800e87d   Thumb Code    12  tasks.o(i.vTaskSuspendAll)
    vTaskSwitchContext                       0x0800e88d   Thumb Code   110  tasks.o(i.vTaskSwitchContext)
    xPortStartScheduler                      0x0800e935   Thumb Code   258  port.o(i.xPortStartScheduler)
    xPortSysTickHandler                      0x0800ea91   Thumb Code    46  port.o(i.xPortSysTickHandler)
    xQueueGenericCreate                      0x0800eac5   Thumb Code    78  queue.o(i.xQueueGenericCreate)
    xQueueGenericReceive                     0x0800eb39   Thumb Code   416  queue.o(i.xQueueGenericReceive)
    xQueueGenericReset                       0x0800ed01   Thumb Code   136  queue.o(i.xQueueGenericReset)
    xQueueGenericSend                        0x0800edb1   Thumb Code   412  queue.o(i.xQueueGenericSend)
    xQueueGenericSendFromISR                 0x0800ef75   Thumb Code   234  queue.o(i.xQueueGenericSendFromISR)
    xTaskCheckForTimeOut                     0x0800f085   Thumb Code   116  tasks.o(i.xTaskCheckForTimeOut)
    xTaskCreate                              0x0800f125   Thumb Code    96  tasks.o(i.xTaskCreate)
    xTaskGetSchedulerState                   0x0800f185   Thumb Code    24  tasks.o(i.xTaskGetSchedulerState)
    xTaskGetTickCount                        0x0800f1a5   Thumb Code     6  tasks.o(i.xTaskGetTickCount)
    xTaskGetTickCountFromISR                 0x0800f1b1   Thumb Code    16  tasks.o(i.xTaskGetTickCountFromISR)
    xTaskIncrementTick                       0x0800f1c5   Thumb Code   272  tasks.o(i.xTaskIncrementTick)
    xTaskPriorityDisinherit                  0x0800f325   Thumb Code   168  tasks.o(i.xTaskPriorityDisinherit)
    xTaskRemoveFromEventList                 0x0800f3fd   Thumb Code   118  tasks.o(i.xTaskRemoveFromEventList)
    xTaskResumeAll                           0x0800f4b1   Thumb Code   214  tasks.o(i.xTaskResumeAll)
    xTimerCreateTimerTask                    0x0800f5d1   Thumb Code    56  timers.o(i.xTimerCreateTimerTask)
    xTimerGenericCommand                     0x0800f645   Thumb Code   118  timers.o(i.xTimerGenericCommand)
    __aeabi_dneg                             0x0800f6e9   Thumb Code     0  basic.o(x$fpl$basic)
    _dneg                                    0x0800f6e9   Thumb Code     6  basic.o(x$fpl$basic)
    __aeabi_fneg                             0x0800f6ef   Thumb Code     0  basic.o(x$fpl$basic)
    _fneg                                    0x0800f6ef   Thumb Code     6  basic.o(x$fpl$basic)
    _dabs                                    0x0800f6f5   Thumb Code     6  basic.o(x$fpl$basic)
    _fabs                                    0x0800f6fb   Thumb Code     6  basic.o(x$fpl$basic)
    __aeabi_d2f                              0x0800f701   Thumb Code     0  d2f.o(x$fpl$d2f)
    _d2f                                     0x0800f701   Thumb Code    98  d2f.o(x$fpl$d2f)
    __aeabi_dadd                             0x0800f765   Thumb Code     0  daddsub_clz.o(x$fpl$dadd)
    _dadd                                    0x0800f765   Thumb Code   332  daddsub_clz.o(x$fpl$dadd)
    __fpl_dcheck_NaN1                        0x0800f8b5   Thumb Code    10  dcheck1.o(x$fpl$dcheck1)
    __fpl_dcmp_Inf                           0x0800f8c5   Thumb Code    24  dcmpi.o(x$fpl$dcmpinf)
    __aeabi_ddiv                             0x0800f8dd   Thumb Code     0  ddiv.o(x$fpl$ddiv)
    _ddiv                                    0x0800f8dd   Thumb Code   552  ddiv.o(x$fpl$ddiv)
    __aeabi_d2iz                             0x0800fb8d   Thumb Code     0  dfix.o(x$fpl$dfix)
    _dfix                                    0x0800fb8d   Thumb Code    94  dfix.o(x$fpl$dfix)
    __aeabi_d2uiz                            0x0800fbed   Thumb Code     0  dfixu.o(x$fpl$dfixu)
    _dfixu                                   0x0800fbed   Thumb Code    90  dfixu.o(x$fpl$dfixu)
    __aeabi_i2d                              0x0800fc47   Thumb Code     0  dflt_clz.o(x$fpl$dflt)
    _dflt                                    0x0800fc47   Thumb Code    46  dflt_clz.o(x$fpl$dflt)
    __aeabi_ui2d                             0x0800fc75   Thumb Code     0  dflt_clz.o(x$fpl$dfltu)
    _dfltu                                   0x0800fc75   Thumb Code    38  dflt_clz.o(x$fpl$dfltu)
    __aeabi_cdcmple                          0x0800fc9d   Thumb Code     0  dleqf.o(x$fpl$dleqf)
    _dcmple                                  0x0800fc9d   Thumb Code   120  dleqf.o(x$fpl$dleqf)
    __fpl_dcmple_InfNaN                      0x0800fcff   Thumb Code     0  dleqf.o(x$fpl$dleqf)
    __aeabi_dmul                             0x0800fd15   Thumb Code     0  dmul.o(x$fpl$dmul)
    _dmul                                    0x0800fd15   Thumb Code   332  dmul.o(x$fpl$dmul)
    __fpl_dnaninf                            0x0800fe69   Thumb Code   156  dnaninf.o(x$fpl$dnaninf)
    __fpl_dretinf                            0x0800ff05   Thumb Code    12  dretinf.o(x$fpl$dretinf)
    __aeabi_cdrcmple                         0x0800ff11   Thumb Code     0  drleqf.o(x$fpl$drleqf)
    _drcmple                                 0x0800ff11   Thumb Code   108  drleqf.o(x$fpl$drleqf)
    __aeabi_drsub                            0x0800ff7d   Thumb Code     0  daddsub_clz.o(x$fpl$drsb)
    _drsb                                    0x0800ff7d   Thumb Code    22  daddsub_clz.o(x$fpl$drsb)
    _dsqrt                                   0x0800ff95   Thumb Code   404  dsqrt_umaal.o(x$fpl$dsqrt)
    __aeabi_dsub                             0x0801012d   Thumb Code     0  daddsub_clz.o(x$fpl$dsub)
    _dsub                                    0x0801012d   Thumb Code   464  daddsub_clz.o(x$fpl$dsub)
    __aeabi_f2d                              0x08010301   Thumb Code     0  f2d.o(x$fpl$f2d)
    _f2d                                     0x08010301   Thumb Code    86  f2d.o(x$fpl$f2d)
    __fpl_fnaninf                            0x08010357   Thumb Code   140  fnaninf.o(x$fpl$fnaninf)
    _fp_init                                 0x080103e3   Thumb Code    10  fpinit.o(x$fpl$fpinit)
    __fplib_config_fpu_vfp                   0x080103eb   Thumb Code     0  fpinit.o(x$fpl$fpinit)
    __fplib_config_pureend_doubles           0x080103eb   Thumb Code     0  fpinit.o(x$fpl$fpinit)
    __fpl_fretinf                            0x080103ed   Thumb Code    10  fretinf.o(x$fpl$fretinf)
    __fpl_return_NaN                         0x080103f7   Thumb Code   100  retnan.o(x$fpl$retnan)
    __ARM_scalbn                             0x0801045b   Thumb Code    92  scalbn.o(x$fpl$scalbn)
    __fpl_cmpreturn                          0x080104b7   Thumb Code    48  trapv.o(x$fpl$trapveneer)
    __I$use$fp                               0x080104e6   Number         0  usenofp.o(x$fpl$usenofp)
    __mathlib_zero                           0x080107f8   Data           8  qnan.o(.constdata)
    Region$$Table$$Base                      0x08010910   Number         0  anon$$obj.o(Region$$Table)
    Region$$Table$$Limit                     0x08010930   Number         0  anon$$obj.o(Region$$Table)
    StartTask_Handler                        0x20000000   Data           4  main.o(.data)
    SystemMonitorTask_Handler                0x20000004   Data           4  main.o(.data)
    IMU_DataDealTask_Handler                 0x20000008   Data           4  main.o(.data)
    IMUSampleTask_Handler                    0x2000000c   Data           4  main.o(.data)
    Stabilizer_Task_Handler                  0x20000010   Data           4  main.o(.data)
    RemoterTaskTask_Handler                  0x20000014   Data           4  main.o(.data)
    AutoflyTask_Handler                      0x20000018   Data           4  main.o(.data)
    SendTask_Handler                         0x2000001c   Data           4  main.o(.data)
    __stdout                                 0x20000020   Data           4  retarget.o(.data)
    cnt_h                                    0x2000002c   Data           1  stabilizertask.o(.data)
    cnt_loc                                  0x2000002d   Data           1  stabilizertask.o(.data)
    cnt_locs                                 0x2000002e   Data           1  stabilizertask.o(.data)
    cnt_yaw                                  0x2000002f   Data           1  stabilizertask.o(.data)
    Throttle_out                             0x20000030   Data           4  stabilizertask.o(.data)
    u_gyrox                                  0x20000034   Data           4  stabilizertask.o(.data)
    u_gyroy                                  0x20000038   Data           4  stabilizertask.o(.data)
    u_gyroz                                  0x2000003c   Data           4  stabilizertask.o(.data)
    Throttle_th                              0x20000040   Data           2  stabilizertask.o(.data)
    Cos_Yaw_01                               0x20000044   Data           4  stabilizertask.o(.data)
    Sin_Yaw_01                               0x20000048   Data           4  stabilizertask.o(.data)
    Sin_roll_01                              0x2000004c   Data           4  stabilizertask.o(.data)
    Cos_roll_01                              0x20000050   Data           4  stabilizertask.o(.data)
    Sin_pitch_01                             0x20000054   Data           4  stabilizertask.o(.data)
    Cos_pitch_01                             0x20000058   Data           4  stabilizertask.o(.data)
    des_pitch                                0x20000060   Data           4  stabilizertask.o(.data)
    des_roll                                 0x20000064   Data           4  stabilizertask.o(.data)
    voltage                                  0x20000068   Data           4  stabilizertask.o(.data)
    real_voltage                             0x2000006c   Data           4  stabilizertask.o(.data)
    adc_value                                0x20000070   Data           2  stabilizertask.o(.data)
    Clear_IT                                 0x20000080   Data           2  stm32f4xx_it.o(.data)
    data_to_float                            0x20000084   Data           4  stm32f4xx_it.o(.data)
    U4_RX_Data                               0x20000088   Data           4  stm32f4xx_it.o(.data)
    x_pos                                    0x2000008c   Data           4  stm32f4xx_it.o(.data)
    y_pos                                    0x20000090   Data           4  stm32f4xx_it.o(.data)
    z_pos                                    0x20000094   Data           4  stm32f4xx_it.o(.data)
    des_x                                    0x20000098   Data           4  stm32f4xx_it.o(.data)
    des_y                                    0x2000009c   Data           4  stm32f4xx_it.o(.data)
    des_z                                    0x200000a0   Data           4  stm32f4xx_it.o(.data)
    x_test                                   0x200000a4   Data           4  autoflytask.o(.data)
    y_test                                   0x200000a8   Data           4  autoflytask.o(.data)
    yaw_test                                 0x200000ac   Data           4  autoflytask.o(.data)
    CurrentSDKState                          0x200000b0   Data           4  autoflytask.o(.data)
    SDKStateMAX                              0x200000b4   Data           4  autoflytask.o(.data)
    KeyPressedTimeMS                         0x200000b8   Data           4  autoflytask.o(.data)
    KeySDKflag                               0x200000bc   Data           1  autoflytask.o(.data)
    SDK_StateChangeFlag                      0x200000bd   Data           1  autoflytask.o(.data)
    SDK_DelayWakeFlag                        0x200000be   Data           1  autoflytask.o(.data)
    SDKLandFlag                              0x200000bf   Data           1  autoflytask.o(.data)
    temp_V_x                                 0x200000c0   Data           4  autoflytask.o(.data)
    temp_V_y                                 0x200000c4   Data           4  autoflytask.o(.data)
    temp_Gyroz                               0x200000c8   Data           4  autoflytask.o(.data)
    temp_V_h                                 0x200000cc   Data           4  autoflytask.o(.data)
    temp_Yaw                                 0x200000d0   Data           4  autoflytask.o(.data)
    take_off_flag                            0x200000d4   Data           4  autoflytask.o(.data)
    SearchLand_down_cnt                      0x200000d8   Data           4  autoflytask.o(.data)
    gyro_x                                   0x20000114   Data          20  bmi088_driver.o(.data)
    gyro_y                                   0x20000128   Data          20  bmi088_driver.o(.data)
    gyro_z                                   0x2000013c   Data          20  bmi088_driver.o(.data)
    acc_x                                    0x20000150   Data          20  bmi088_driver.o(.data)
    acc_y                                    0x20000164   Data          20  bmi088_driver.o(.data)
    acc_z                                    0x20000178   Data          20  bmi088_driver.o(.data)
    Cali_Cnt                                 0x2000018c   Data           2  bmi088_driver.o(.data)
    Cali_Cnt_ACC                             0x2000018e   Data           2  bmi088_driver.o(.data)
    Real_Temp                                0x20000190   Data           2  bmi088_driver.o(.data)
    Acc_X_Ori                                0x20000194   Data           4  bmi088_driver.o(.data)
    Acc_Y_Ori                                0x20000198   Data           4  bmi088_driver.o(.data)
    Acc_Z_Ori                                0x2000019c   Data           4  bmi088_driver.o(.data)
    Gyro_X_Ori                               0x200001a0   Data           4  bmi088_driver.o(.data)
    Gyro_Y_Ori                               0x200001a4   Data           4  bmi088_driver.o(.data)
    Gyro_Z_Ori                               0x200001a8   Data           4  bmi088_driver.o(.data)
    Acc_X_Real                               0x200001ac   Data           4  bmi088_driver.o(.data)
    Acc_Y_Real                               0x200001b0   Data           4  bmi088_driver.o(.data)
    Acc_Z_Real                               0x200001b4   Data           4  bmi088_driver.o(.data)
    Gyro_X_Real                              0x200001b8   Data           4  bmi088_driver.o(.data)
    Gyro_Y_Real                              0x200001bc   Data           4  bmi088_driver.o(.data)
    Gyro_Z_Real                              0x200001c0   Data           4  bmi088_driver.o(.data)
    Acc_X_Offset                             0x200001c4   Data           4  bmi088_driver.o(.data)
    Acc_Y_Offset                             0x200001c8   Data           4  bmi088_driver.o(.data)
    Acc_Z_Offset                             0x200001cc   Data           4  bmi088_driver.o(.data)
    Gyro_X_Offset                            0x200001d0   Data           4  bmi088_driver.o(.data)
    Gyro_Y_Offset                            0x200001d4   Data           4  bmi088_driver.o(.data)
    Gyro_Z_Offset                            0x200001d8   Data           4  bmi088_driver.o(.data)
    Const_offset                             0x200001dc   Data           4  bmi088_driver.o(.data)
    flag_offset                              0x200001e0   Data           4  bmi088_driver.o(.data)
    SEE                                      0x200001e4   Data           4  bmi088_driver.o(.data)
    Acc_Range_Coe                            0x200001e8   Data           4  bmi088_driver.o(.data)
    Acc_ID                                   0x200001ec   Data           1  bmi088_driver.o(.data)
    Gyro_ID                                  0x200001ed   Data           1  bmi088_driver.o(.data)
    GetStill                                 0x200001f0   Data           4  bmi088_driver.o(.data)
    gyro_flag                                0x200001f4   Data           4  bmi088_driver.o(.data)
    acc_flag                                 0x200001f8   Data           4  bmi088_driver.o(.data)
    G_Cal                                    0x200001fc   Data           4  bmi088_driver.o(.data)
    Warning                                  0x20000200   Data           1  bmi088_driver.o(.data)
    Gyro_X_Lpf                               0x20000204   Data          20  bmi088_driver.o(.data)
    Gyro_Y_Lpf                               0x20000218   Data          20  bmi088_driver.o(.data)
    Gyro_Z_Lpf                               0x2000022c   Data          20  bmi088_driver.o(.data)
    ORI_Gyrox                                0x20000240   Data           4  bmi088_driver.o(.data)
    ORI_Gyroy                                0x20000244   Data           4  bmi088_driver.o(.data)
    ORI_Gyroz                                0x20000248   Data           4  bmi088_driver.o(.data)
    ORI_Accx                                 0x2000024c   Data           4  bmi088_driver.o(.data)
    ORI_Accy                                 0x20000250   Data           4  bmi088_driver.o(.data)
    ORI_Accz                                 0x20000254   Data           4  bmi088_driver.o(.data)
    imu_data                                 0x20000258   Data         108  imu_update.o(.data)
    Kp                                       0x200002c4   Data           4  imu_update.o(.data)
    Ki                                       0x200002c8   Data           4  imu_update.o(.data)
    exInt                                    0x200002cc   Data           4  imu_update.o(.data)
    eyInt                                    0x200002d0   Data           4  imu_update.o(.data)
    ezInt                                    0x200002d4   Data           4  imu_update.o(.data)
    Ctrler                                   0x200002fc   Data        1008  pid.o(.data)
    flight_phase                             0x20000739   Data           1  flight_fsm.o(.data)
    mymotor                                  0x2000073e   Data           8  pwm.o(.data)
    UART4_Rcr                                0x20000748   Data          28  usart4.o(.data)
    gs_cmd_head                              0x20000764   Data           1  usart4.o(.data)
    gs_cmd_tail                              0x20000765   Data           1  usart4.o(.data)
    gs_cmd_drop_count                        0x20000768   Data           4  usart4.o(.data)
    UART5_Rcr                                0x2000076c   Data          28  usart5.o(.data)
    sbus_lost                                0x20000788   Data           1  global_declare.o(.data)
    sbus_last_valid_tick                     0x2000078c   Data           4  global_declare.o(.data)
    bench_mode_active                        0x20000790   Data           1  global_declare.o(.data)
    motor_test_active                        0x20000791   Data           1  global_declare.o(.data)
    motor_test_id                            0x20000792   Data           1  global_declare.o(.data)
    motor_test_ccr                           0x20000794   Data           2  global_declare.o(.data)
    motor_test_watchdog                      0x20000798   Data           4  global_declare.o(.data)
    gs_max_horizontal_speed_mps              0x2000079c   Data           4  global_declare.o(.data)
    gs_max_vertical_speed_mps                0x200007a0   Data           4  global_declare.o(.data)
    gs_max_pitch_deg                         0x200007a4   Data           4  global_declare.o(.data)
    gs_max_roll_deg                          0x200007a8   Data           4  global_declare.o(.data)
    gs_throttle_min_pct                      0x200007ac   Data           4  global_declare.o(.data)
    gs_throttle_max_pct                      0x200007b0   Data           4  global_declare.o(.data)
    TWC_arrived                              0x200007b4   Data           1  global_declare.o(.data)
    sbus_flyup_trigger                       0x200007b5   Data           1  global_declare.o(.data)
    sbus_path_trigger                        0x200007b6   Data           1  global_declare.o(.data)
    waypoint_spacing                         0x200007b8   Data           4  global_declare.o(.data)
    GS_KeySDKflag                            0x200007bc   Data           1  global_declare.o(.data)
    SystemCoreClock                          0x200007d0   Data           4  system_stm32f4xx.o(.data)
    AHBPrescTable                            0x200007d4   Data          16  system_stm32f4xx.o(.data)
    pxCurrentTCB                             0x200007e4   Data           4  tasks.o(.data)
    channel                                  0x20000858   Data          16  remotertask.o(.bss)
    TWC                                      0x20000868   Data          36  stabilizertask.o(.bss)
    SDK_StateMachine                         0x2000088c   Data         800  autoflytask.o(.bss)
    stm32_to_linux_flag                      0x20000bac   Data          32  send_data.o(.bss)
    DataBuf_to_linux                         0x20000bcc   Data          52  send_data.o(.bss)
    Buf_Telemetry_UART4                      0x20000c00   Data         512  send_data.o(.bss)
    Filters                                  0x20000e00   Data         248  bmi088_driver.o(.bss)
    sensor                                   0x20000ef8   Data         120  bmi088_driver.o(.bss)
    acc_data                                 0x20000f70   Data          28  bmi088_driver.o(.bss)
    Status_offset                            0x20000f8c   Data       60000  bmi088_driver.o(.bss)
    Num_offset                               0x2000f9ec   Data       20000  bmi088_driver.o(.bss)
    testvalue                                0x2001480c   Data          12  bmi088_driver.o(.bss)
    mrac_state                               0x20014818   Data         464  mrac.o(.bss)
    mrac_flags                               0x200149e8   Data          13  mrac.o(.bss)
    mrac_config_pitch                        0x200149f8   Data         172  mrac.o(.bss)
    mrac_config_roll                         0x20014aa4   Data         172  mrac.o(.bss)
    mrac_config_yaw                          0x20014b50   Data         172  mrac.o(.bss)
    mrac_config_z                            0x20014bfc   Data         172  mrac.o(.bss)
    ano_of                                   0x20014e18   Data         108  ano_of.o(.bss)
    sbus_channel                             0x20014ec4   Data          32  usart1.o(.bss)
    linux_data                               0x20014f00   Data          56  usart4.o(.bss)
    linux_yolo_data                          0x20014f38   Data         128  usart4.o(.bss)
    UA4RxDMAbuf                              0x20014fb8   Data         128  usart4.o(.bss)
    UA4RxMailbox                             0x20015038   Data         128  usart4.o(.bss)
    gs_cmd_queue                             0x200150b8   Data         128  usart4.o(.bss)
    UA5RxDMAbuf                              0x20015138   Data         128  usart5.o(.bss)
    UA5RxMailbox                             0x200151b8   Data         128  usart5.o(.bss)
    system_monitor                           0x20015238   Data          56  global_declare.o(.bss)
    Remoter                                  0x20015270   Data          14  global_declare.o(.bss)
    DroneStatus                              0x20015280   Data          12  global_declare.o(.bss)
    StickMotion                              0x2001528c   Data          32  global_declare.o(.bss)
    sinusoid_path                            0x200152ac   Data          32  global_declare.o(.bss)
    circle_path                              0x200152cc   Data          36  global_declare.o(.bss)
    figure8_path                             0x200152f0   Data          36  global_declare.o(.bss)
    xQueueRegistry                           0x20015314   Data          64  queue.o(.bss)
    __libspace_start                         0x2001a660   Data          96  libspace.o(.bss)
    __temporary_stack_top$libspace           0x2001a6c0   Data           0  libspace.o(.bss)



==============================================================================

Memory Map of the image

  Image Entry point : 0x08000189

  Load Region LR_IROM1 (Base: 0x08000000, Size: 0x00011188, Max: 0x00100000, ABSOLUTE, COMPRESSED[0x00010ab8])

    Execution Region ER_IROM1 (Base: 0x08000000, Size: 0x00010930, Max: 0x00100000, ABSOLUTE)

    Base Addr    Size         Type   Attr      Idx    E Section Name        Object

    0x08000000   0x00000188   Data   RO         6807    RESET               startup_stm32f40_41xxx.o
    0x08000188   0x00000008   Code   RO         7943  * !!!main             c_w.l(__main.o)
    0x08000190   0x00000034   Code   RO         8395    !!!scatter          c_w.l(__scatter.o)
    0x080001c4   0x0000005a   Code   RO         8393    !!dczerorl2         c_w.l(__dczerorl2.o)
    0x0800021e   0x00000002   PAD
    0x08000220   0x0000001c   Code   RO         8397    !!handler_zi        c_w.l(__scatter_zi.o)
    0x0800023c   0x00000000   Code   RO         7930    .ARM.Collect$$_printf_percent$$00000000  c_w.l(_printf_percent.o)
    0x0800023c   0x00000006   Code   RO         7928    .ARM.Collect$$_printf_percent$$00000009  c_w.l(_printf_d.o)
    0x08000242   0x00000006   Code   RO         7927    .ARM.Collect$$_printf_percent$$00000014  c_w.l(_printf_s.o)
    0x08000248   0x00000004   Code   RO         8146    .ARM.Collect$$_printf_percent$$00000017  c_w.l(_printf_percent_end.o)
    0x0800024c   0x00000002   Code   RO         8266    .ARM.Collect$$libinit$$00000000  c_w.l(libinit.o)
    0x0800024e   0x00000004   Code   RO         8271    .ARM.Collect$$libinit$$00000001  c_w.l(libinit2.o)
    0x08000252   0x00000000   Code   RO         8274    .ARM.Collect$$libinit$$00000004  c_w.l(libinit2.o)
    0x08000252   0x00000000   Code   RO         8277    .ARM.Collect$$libinit$$0000000A  c_w.l(libinit2.o)
    0x08000252   0x00000000   Code   RO         8279    .ARM.Collect$$libinit$$0000000C  c_w.l(libinit2.o)
    0x08000252   0x00000000   Code   RO         8281    .ARM.Collect$$libinit$$0000000E  c_w.l(libinit2.o)
    0x08000252   0x00000000   Code   RO         8284    .ARM.Collect$$libinit$$00000011  c_w.l(libinit2.o)
    0x08000252   0x00000000   Code   RO         8286    .ARM.Collect$$libinit$$00000013  c_w.l(libinit2.o)
    0x08000252   0x00000000   Code   RO         8288    .ARM.Collect$$libinit$$00000015  c_w.l(libinit2.o)
    0x08000252   0x00000000   Code   RO         8290    .ARM.Collect$$libinit$$00000017  c_w.l(libinit2.o)
    0x08000252   0x00000000   Code   RO         8292    .ARM.Collect$$libinit$$00000019  c_w.l(libinit2.o)
    0x08000252   0x00000000   Code   RO         8294    .ARM.Collect$$libinit$$0000001B  c_w.l(libinit2.o)
    0x08000252   0x00000000   Code   RO         8296    .ARM.Collect$$libinit$$0000001D  c_w.l(libinit2.o)
    0x08000252   0x00000000   Code   RO         8298    .ARM.Collect$$libinit$$0000001F  c_w.l(libinit2.o)
    0x08000252   0x00000000   Code   RO         8300    .ARM.Collect$$libinit$$00000021  c_w.l(libinit2.o)
    0x08000252   0x00000000   Code   RO         8302    .ARM.Collect$$libinit$$00000023  c_w.l(libinit2.o)
    0x08000252   0x00000000   Code   RO         8304    .ARM.Collect$$libinit$$00000025  c_w.l(libinit2.o)
    0x08000252   0x00000000   Code   RO         8308    .ARM.Collect$$libinit$$0000002C  c_w.l(libinit2.o)
    0x08000252   0x00000000   Code   RO         8310    .ARM.Collect$$libinit$$0000002E  c_w.l(libinit2.o)
    0x08000252   0x00000000   Code   RO         8312    .ARM.Collect$$libinit$$00000030  c_w.l(libinit2.o)
    0x08000252   0x00000000   Code   RO         8314    .ARM.Collect$$libinit$$00000032  c_w.l(libinit2.o)
    0x08000252   0x00000002   Code   RO         8315    .ARM.Collect$$libinit$$00000033  c_w.l(libinit2.o)
    0x08000254   0x00000002   Code   RO         8335    .ARM.Collect$$libshutdown$$00000000  c_w.l(libshutdown.o)
    0x08000256   0x00000000   Code   RO         8345    .ARM.Collect$$libshutdown$$00000002  c_w.l(libshutdown2.o)
    0x08000256   0x00000000   Code   RO         8347    .ARM.Collect$$libshutdown$$00000004  c_w.l(libshutdown2.o)
    0x08000256   0x00000000   Code   RO         8350    .ARM.Collect$$libshutdown$$00000007  c_w.l(libshutdown2.o)
    0x08000256   0x00000000   Code   RO         8353    .ARM.Collect$$libshutdown$$0000000A  c_w.l(libshutdown2.o)
    0x08000256   0x00000000   Code   RO         8355    .ARM.Collect$$libshutdown$$0000000C  c_w.l(libshutdown2.o)
    0x08000256   0x00000000   Code   RO         8358    .ARM.Collect$$libshutdown$$0000000F  c_w.l(libshutdown2.o)
    0x08000256   0x00000002   Code   RO         8359    .ARM.Collect$$libshutdown$$00000010  c_w.l(libshutdown2.o)
    0x08000258   0x00000000   Code   RO         8133    .ARM.Collect$$rtentry$$00000000  c_w.l(__rtentry.o)
    0x08000258   0x00000000   Code   RO         8225    .ARM.Collect$$rtentry$$00000002  c_w.l(__rtentry2.o)
    0x08000258   0x00000006   Code   RO         8237    .ARM.Collect$$rtentry$$00000004  c_w.l(__rtentry4.o)
    0x0800025e   0x00000000   Code   RO         8227    .ARM.Collect$$rtentry$$00000009  c_w.l(__rtentry2.o)
    0x0800025e   0x00000004   Code   RO         8228    .ARM.Collect$$rtentry$$0000000A  c_w.l(__rtentry2.o)
    0x08000262   0x00000000   Code   RO         8230    .ARM.Collect$$rtentry$$0000000C  c_w.l(__rtentry2.o)
    0x08000262   0x00000008   Code   RO         8231    .ARM.Collect$$rtentry$$0000000D  c_w.l(__rtentry2.o)
    0x0800026a   0x00000002   Code   RO         8269    .ARM.Collect$$rtexit$$00000000  c_w.l(rtexit.o)
    0x0800026c   0x00000000   Code   RO         8319    .ARM.Collect$$rtexit$$00000002  c_w.l(rtexit2.o)
    0x0800026c   0x00000004   Code   RO         8320    .ARM.Collect$$rtexit$$00000003  c_w.l(rtexit2.o)
    0x08000270   0x00000006   Code   RO         8321    .ARM.Collect$$rtexit$$00000004  c_w.l(rtexit2.o)
    0x08000276   0x00000002   PAD
    0x08000278   0x000000b6   Code   RO         7748    .emb_text           port.o
    0x0800032e   0x00000002   PAD
    0x08000330   0x00000040   Code   RO         6808    .text               startup_stm32f40_41xxx.o
    0x08000370   0x00000002   Code   RO         7890    .text               c_w.l(use_no_semi_2.o)
    0x08000372   0x00000002   PAD
    0x08000374   0x00000018   Code   RO         7896    .text               c_w.l(noretval__2printf.o)
    0x0800038c   0x00000068   Code   RO         7900    .text               c_w.l(__printf.o)
    0x080003f4   0x00000052   Code   RO         7902    .text               c_w.l(_printf_str.o)
    0x08000446   0x00000002   PAD
    0x08000448   0x00000078   Code   RO         7904    .text               c_w.l(_printf_dec.o)
    0x080004c0   0x0000008a   Code   RO         7935    .text               c_w.l(rt_memcpy_v6.o)
    0x0800054a   0x00000064   Code   RO         7937    .text               c_w.l(rt_memcpy_w.o)
    0x080005ae   0x00000010   Code   RO         7939    .text               c_w.l(aeabi_memset.o)
    0x080005be   0x00000006   Code   RO         7941    .text               c_w.l(heapauxi.o)
    0x080005c4   0x00000002   Code   RO         8131    .text               c_w.l(use_no_semi.o)
    0x080005c6   0x00000016   Code   RO         8134    .text               c_w.l(_rserrno.o)
    0x080005dc   0x000000b2   Code   RO         8136    .text               c_w.l(_printf_intcommon.o)
    0x0800068e   0x00000002   PAD
    0x08000690   0x00000030   Code   RO         8138    .text               c_w.l(_printf_char_common.o)
    0x080006c0   0x0000002c   Code   RO         8142    .text               c_w.l(_printf_char.o)
    0x080006ec   0x00000024   Code   RO         8144    .text               c_w.l(_printf_char_file.o)
    0x08000710   0x00000044   Code   RO         8147    .text               c_w.l(rt_memclr.o)
    0x08000754   0x00000008   Code   RO         8242    .text               c_w.l(rt_errno_addr_intlibspace.o)
    0x0800075c   0x00000008   Code   RO         8246    .text               c_w.l(ferror.o)
    0x08000764   0x0000004e   Code   RO         8250    .text               c_w.l(rt_memclr_w.o)
    0x080007b2   0x00000002   PAD
    0x080007b4   0x00000008   Code   RO         8254    .text               c_w.l(libspace.o)
    0x080007bc   0x0000004a   Code   RO         8257    .text               c_w.l(sys_stackheap_outer.o)
    0x08000806   0x00000012   Code   RO         8259    .text               c_w.l(exit.o)
    0x08000818   0x00000084   Code   RO         1634    i.ADC1_Configuration  adc.o
    0x0800089c   0x00000006   Code   RO         2088    i.ADC_ClearFlag     stm32f4xx_adc.o
    0x080008a2   0x00000016   Code   RO         2090    i.ADC_Cmd           stm32f4xx_adc.o
    0x080008b8   0x00000030   Code   RO         2091    i.ADC_CommonInit    stm32f4xx_adc.o
    0x080008e8   0x0000000c   Code   RO         2092    i.ADC_CommonStructInit  stm32f4xx_adc.o
    0x080008f4   0x00000008   Code   RO         2102    i.ADC_GetConversionValue  stm32f4xx_adc.o
    0x080008fc   0x00000012   Code   RO         2103    i.ADC_GetFlagStatus  stm32f4xx_adc.o
    0x0800090e   0x00000002   PAD
    0x08000910   0x00000054   Code   RO         2110    i.ADC_Init          stm32f4xx_adc.o
    0x08000964   0x0000003c   Code   RO         1635    i.ADC_Read          adc.o
    0x080009a0   0x000000b8   Code   RO         2115    i.ADC_RegularChannelConfig  stm32f4xx_adc.o
    0x08000a58   0x0000000a   Code   RO         2117    i.ADC_SoftwareStartConv  stm32f4xx_adc.o
    0x08000a62   0x00000014   Code   RO         2119    i.ADC_StructInit    stm32f4xx_adc.o
    0x08000a76   0x00000002   PAD
    0x08000a78   0x00000188   Code   RO         1449    i.AnoOF_DataAnl     ano_of.o
    0x08000c00   0x00000118   Code   RO         1450    i.AnoOF_GetOneByte  ano_of.o
    0x08000d18   0x0000009c   Code   RO          685    i.AutoflyTask       autoflytask.o
    0x08000db4   0x00000138   Code   RO          686    i.AutoflyTask_CommitRef  autoflytask.o
    0x08000eec   0x00000088   Code   RO          687    i.AutoflyTask_PathArbitrate  autoflytask.o
    0x08000f74   0x000000fc   Code   RO          688    i.AutoflyTask_RunCircle  autoflytask.o
    0x08001070   0x0000015c   Code   RO          689    i.AutoflyTask_RunFigure8  autoflytask.o
    0x080011cc   0x00000128   Code   RO          690    i.AutoflyTask_RunSinusoid  autoflytask.o
    0x080012f4   0x00000020   Code   RO          691    i.AutoflyTask_WaypointReset  autoflytask.o
    0x08001314   0x00000028   Code   RO            3    i.Autofly_Task      main.o
    0x0800133c   0x00000040   Code   RO          383    i.BEEP_Init         led.o
    0x0800137c   0x00000038   Code   RO          835    i.BMI088_Read_Acc_Data  bmi088_driver.o
    0x080013b4   0x00000030   Code   RO          836    i.BMI088_Read_Gyro_Data  bmi088_driver.o
    0x080013e4   0x0000002c   Code   RO          837    i.BMI088_Write_Acc_Data  bmi088_driver.o
    0x08001410   0x0000002c   Code   RO          838    i.BMI088_Write_Gyro_Data  bmi088_driver.o
    0x0800143c   0x00000088   Code   RO         1669    i.BSP_Init          bsp.o
    0x080014c4   0x0000007c   Code   RO          839    i.Butterworth30HzLPF  bmi088_driver.o
    0x08001540   0x000000a4   Code   RO          840    i.Butterworth50HzLPF  bmi088_driver.o
    0x080015e4   0x000000f8   Code   RO          412    i.Check_Fly_Mode    remotertask.o
    0x080016dc   0x00000238   Code   RO          413    i.Check_Stick_Motion  remotertask.o
    0x08001914   0x00000064   Code   RO         1014    i.Clear_Structure   pid.o
    0x08001978   0x00000214   Code   RO         1015    i.ComputePID        pid.o
    0x08001b8c   0x00000264   Code   RO         1018    i.ComputeYawPID     pid.o
    0x08001df0   0x000003e0   Code   RO          461    i.Compute_Motor     stabilizertask.o
    0x080021d0   0x0000002a   Code   RO          462    i.Constrain_Float   stabilizertask.o
    0x080021fa   0x00000002   PAD
    0x080021fc   0x00000028   Code   RO          568    i.DMA1_Stream3_IRQHandler  stm32f4xx_it.o
    0x08002224   0x0000002c   Code   RO          569    i.DMA1_Stream6_IRQHandler  stm32f4xx_it.o
    0x08002250   0x00000028   Code   RO          570    i.DMA1_Stream7_IRQHandler  stm32f4xx_it.o
    0x08002278   0x00000034   Code   RO         3027    i.DMA_ClearFlag     stm32f4xx_dma.o
    0x080022ac   0x00000034   Code   RO         3028    i.DMA_ClearITPendingBit  stm32f4xx_dma.o
    0x080022e0   0x00000016   Code   RO         3029    i.DMA_Cmd           stm32f4xx_dma.o
    0x080022f6   0x00000002   PAD
    0x080022f8   0x00000158   Code   RO         3030    i.DMA_DeInit        stm32f4xx_dma.o
    0x08002450   0x00000014   Code   RO         3034    i.DMA_GetCmdStatus  stm32f4xx_dma.o
    0x08002464   0x00000008   Code   RO         3035    i.DMA_GetCurrDataCounter  stm32f4xx_dma.o
    0x0800246c   0x00000064   Code   RO         3039    i.DMA_GetITStatus   stm32f4xx_dma.o
    0x080024d0   0x0000003a   Code   RO         3040    i.DMA_ITConfig      stm32f4xx_dma.o
    0x0800250a   0x00000002   PAD
    0x0800250c   0x00000058   Code   RO         3041    i.DMA_Init          stm32f4xx_dma.o
    0x08002564   0x000003fc   Code   RO          572    i.Decode_RX_Data_t265  stm32f4xx_it.o
    0x08002960   0x000001e8   Code   RO         1792    i.DrvSbusGetOneByte  usart1.o
    0x08002b48   0x000000b4   Code   RO         1367    i.FlightFSM_Event   flight_fsm.o
    0x08002bfc   0x00000018   Code   RO         1368    i.FlightFSM_GetState  flight_fsm.o
    0x08002c14   0x00000090   Code   RO         3763    i.GPIO_Init         stm32f4xx_gpio.o
    0x08002ca4   0x00000046   Code   RO         3764    i.GPIO_PinAFConfig  stm32f4xx_gpio.o
    0x08002cea   0x00000004   Code   RO         3770    i.GPIO_ResetBits    stm32f4xx_gpio.o
    0x08002cee   0x00000004   Code   RO         3771    i.GPIO_SetBits      stm32f4xx_gpio.o
    0x08002cf2   0x00000012   Code   RO         3772    i.GPIO_StructInit   stm32f4xx_gpio.o
    0x08002d04   0x00000220   Code   RO          841    i.GetOffset         bmi088_driver.o
    0x08002f24   0x0000024c   Code   RO          842    i.GetValue          bmi088_driver.o
    0x08003170   0x0000005c   Code   RO          463    i.Get_Voltage       stabilizertask.o
    0x080031cc   0x0000003c   Code   RO          777    i.GroundStation_AbortAllPaths  send_data.o
    0x08003208   0x00000070   Code   RO         1258    i.GyroFilter_Apply  gyro_filter.o
    0x08003278   0x00000080   Code   RO         1259    i.GyroFilter_Init   gyro_filter.o
    0x080032f8   0x00000030   Code   RO         1260    i.GyroFilter_SetCutoff  gyro_filter.o
    0x08003328   0x00000014   Code   RO         1261    i.GyroFilter_SetEnabled  gyro_filter.o
    0x0800333c   0x00000120   Code   RO         1825    i.Handle_UART4_GroundStation_Command  usart4.o
    0x0800345c   0x00000120   Code   RO         1897    i.Handle_UART5_GroundStation_Command  usart5.o
    0x0800357c   0x00000028   Code   RO            4    i.IMUSample_Task    main.o
    0x080035a4   0x00000038   Code   RO            5    i.IMU_DataDeal_Task  main.o
    0x080035dc   0x0000053c   Code   RO          982    i.IMU_Update_Mahony  imu_update.o
    0x08003b18   0x00000088   Code   RO          384    i.LED_Init          led.o
    0x08003ba0   0x0000002c   Code   RO          843    i.Limit_Zero        bmi088_driver.o
    0x08003bcc   0x00000194   Code   RO         1064    i.MRAC_Control      mrac.o
    0x08003d60   0x00000064   Code   RO         1065    i.MRAC_GenerateStructuredBasis  mrac.o
    0x08003dc4   0x000003f0   Code   RO         1066    i.MRAC_Init         mrac.o
    0x080041b4   0x00000140   Code   RO         1068    i.MRAC_ProjectGradient  mrac.o
    0x080042f4   0x00000138   Code   RO         1069    i.MRAC_Reset        mrac.o
    0x0800442c   0x00000444   Code   RO         1070    i.MRAC_UpdateAxis   mrac.o
    0x08004870   0x00000038   Code   RO         1130    i.MRAC_VectorNormSquare  mrac_math.o
    0x080048a8   0x00000078   Code   RO         2040    i.NVIC_Init         misc.o
    0x08004920   0x00000014   Code   RO         2041    i.NVIC_PriorityGroupConfig  misc.o
    0x08004934   0x00000140   Code   RO         1692    i.PWM_TIM2_Init     pwm.o
    0x08004a74   0x0000013c   Code   RO         1693    i.PWM_TIM3_Init     pwm.o
    0x08004bb0   0x000000f4   Code   RO         1694    i.PWM_TIM4_Init     pwm.o
    0x08004ca4   0x00000a44   Code   RO          778    i.Process_GroundStation_Command  send_data.o
    0x080056e8   0x00000020   Code   RO         4627    i.RCC_AHB1PeriphClockCmd  stm32f4xx_rcc.o
    0x08005708   0x00000020   Code   RO         4636    i.RCC_APB1PeriphClockCmd  stm32f4xx_rcc.o
    0x08005728   0x00000020   Code   RO         4638    i.RCC_APB1PeriphResetCmd  stm32f4xx_rcc.o
    0x08005748   0x00000020   Code   RO         4639    i.RCC_APB2PeriphClockCmd  stm32f4xx_rcc.o
    0x08005768   0x00000020   Code   RO         4641    i.RCC_APB2PeriphResetCmd  stm32f4xx_rcc.o
    0x08005788   0x000000e8   Code   RO         4648    i.RCC_GetClocksFreq  stm32f4xx_rcc.o
    0x08005870   0x0000011c   Code   RO         1298    i.RCInput_Get       rc_input.o
    0x0800598c   0x0000000c   Code   RO         1299    i.RCInput_GetAuthority  rc_input.o
    0x08005998   0x0000009c   Code   RO         1300    i.RCInput_IsActive  rc_input.o
    0x08005a34   0x000000e4   Code   RO         1302    i.RCInput_SetAuthority  rc_input.o
    0x08005b18   0x00000054   Code   RO         1303    i.RCInput_SetVirtualStick  rc_input.o
    0x08005b6c   0x000001f4   Code   RO         1304    i.RCInput_Update    rc_input.o
    0x08005d60   0x00000028   Code   RO            6    i.Remoter_Task      main.o
    0x08005d88   0x00000214   Code   RO          692    i.SDK_Set_Gyroz     autoflytask.o
    0x08005f9c   0x000003d0   Code   RO          693    i.SDK_Set_V_Loc     autoflytask.o
    0x0800636c   0x00000020   Code   RO          694    i.SDK_StateMachine_Init  autoflytask.o
    0x0800638c   0x00000244   Code   RO          695    i.SDK_StateMachine_Loop  autoflytask.o
    0x080065d0   0x00000014   Code   RO          696    i.SDK_StateMachine_Reset  autoflytask.o
    0x080065e4   0x00000018   Code   RO         5744    i.SPI_Cmd           stm32f4xx_spi.o
    0x080065fc   0x00000114   Code   RO         1766    i.SPI_Configuration  spi.o
    0x08006710   0x000000b0   Code   RO         5751    i.SPI_I2S_DeInit    stm32f4xx_spi.o
    0x080067c0   0x0000003c   Code   RO         5757    i.SPI_Init          stm32f4xx_spi.o
    0x080067fc   0x00000894   Code   RO          779    i.Send_Groundstation_Telemetry_UART4  send_data.o
    0x08007090   0x00000054   Code   RO            7    i.Send_Task         main.o
    0x080070e4   0x00000388   Code   RO          844    i.Sensor_Data_Prepare  bmi088_driver.o
    0x0800746c   0x00000020   Code   RO         1695    i.SetBeep           pwm.o
    0x0800748c   0x000000ec   Code   RO         6770    i.SetSysClock       system_stm32f4xx.o
    0x08007578   0x00000020   Code   RO         1698    i.Set_IDLE_Motors   pwm.o
    0x08007598   0x000000d8   Code   RO         1699    i.Set_PWM_Motors    pwm.o
    0x08007670   0x00000020   Code   RO         1700    i.Set_Zero_Motors   pwm.o
    0x08007690   0x00000038   Code   RO            8    i.Stabilizer_Task   main.o
    0x080076c8   0x00000018   Code   RO         1154    i.SysID_Abort       sysid.o
    0x080076e0   0x0000000c   Code   RO         1155    i.SysID_GetAxis     sysid.o
    0x080076ec   0x0000000c   Code   RO         1156    i.SysID_GetDither   sysid.o
    0x080076f8   0x0000000c   Code   RO         1157    i.SysID_GetRateSetpoint  sysid.o
    0x08007704   0x0000000c   Code   RO         1158    i.SysID_GetState    sysid.o
    0x08007710   0x00000038   Code   RO         1159    i.SysID_IsAxisActive  sysid.o
    0x08007748   0x00000014   Code   RO         1160    i.SysID_SetGeofence  sysid.o
    0x0800775c   0x00000360   Code   RO         1161    i.SysID_Start       sysid.o
    0x08007abc   0x000000cc   Code   RO         1162    i.SysID_Update      sysid.o
    0x08007b88   0x00000010   Code   RO          944    i.SysTick_Handler   delay.o
    0x08007b98   0x00000128   Code   RO          662    i.SystemErrorDetect  systemmonitor_task.o
    0x08007cc0   0x00000068   Code   RO         6772    i.SystemInit        system_stm32f4xx.o
    0x08007d28   0x00000020   Code   RO            9    i.SystemMonitor_Task  main.o
    0x08007d48   0x00000018   Code   RO         5962    i.TIM_ARRPreloadConfig  stm32f4xx_tim.o
    0x08007d60   0x00000018   Code   RO         5974    i.TIM_Cmd           stm32f4xx_tim.o
    0x08007d78   0x0000001e   Code   RO         5976    i.TIM_CtrlPWMOutputs  stm32f4xx_tim.o
    0x08007d96   0x00000002   PAD
    0x08007d98   0x0000007c   Code   RO         6003    i.TIM_OC1Init       stm32f4xx_tim.o
    0x08007e14   0x00000012   Code   RO         6006    i.TIM_OC1PreloadConfig  stm32f4xx_tim.o
    0x08007e26   0x00000002   PAD
    0x08007e28   0x000000a4   Code   RO         6008    i.TIM_OC2Init       stm32f4xx_tim.o
    0x08007ecc   0x0000001a   Code   RO         6011    i.TIM_OC2PreloadConfig  stm32f4xx_tim.o
    0x08007ee6   0x00000002   PAD
    0x08007ee8   0x000000a0   Code   RO         6013    i.TIM_OC3Init       stm32f4xx_tim.o
    0x08007f88   0x00000078   Code   RO         6018    i.TIM_OC4Init       stm32f4xx_tim.o
    0x08008000   0x00000014   Code   RO         6021    i.TIM_OCStructInit  stm32f4xx_tim.o
    0x08008014   0x00000004   Code   RO         6038    i.TIM_SetCompare3   stm32f4xx_tim.o
    0x08008018   0x00000084   Code   RO         6046    i.TIM_TimeBaseInit  stm32f4xx_tim.o
    0x0800809c   0x00000012   Code   RO         6047    i.TIM_TimeBaseStructInit  stm32f4xx_tim.o
    0x080080ae   0x00000002   PAD
    0x080080b0   0x0000018c   Code   RO         1826    i.UART4_Configuration  usart4.o
    0x0800823c   0x00000054   Code   RO          573    i.UART4_IRQHandler  stm32f4xx_it.o
    0x08008290   0x000001c0   Code   RO         1898    i.UART5_Configuration  usart5.o
    0x08008450   0x0000004c   Code   RO          574    i.UART5_IRQHandler  stm32f4xx_it.o
    0x0800849c   0x000000b8   Code   RO         1793    i.USART1_Configuration  usart1.o
    0x08008554   0x00000038   Code   RO          575    i.USART1_IRQHandler  stm32f4xx_it.o
    0x0800858c   0x000000b4   Code   RO         1859    i.USART2_Configuration  usart2.o
    0x08008640   0x0000004c   Code   RO          576    i.USART2_IRQHandler  stm32f4xx_it.o
    0x0800868c   0x000001a4   Code   RO         1931    i.USART3_Configuration  usart3.o
    0x08008830   0x00000028   Code   RO          577    i.USART3_IRQHandler  stm32f4xx_it.o
    0x08008858   0x00000002   Code   RO          578    i.USART6_IRQHandler  stm32f4xx_it.o
    0x0800885a   0x0000001e   Code   RO         6521    i.USART_ClearITPendingBit  stm32f4xx_usart.o
    0x08008878   0x00000018   Code   RO         6524    i.USART_Cmd         stm32f4xx_usart.o
    0x08008890   0x00000012   Code   RO         6525    i.USART_DMACmd      stm32f4xx_usart.o
    0x080088a2   0x00000002   PAD
    0x080088a4   0x000000f0   Code   RO         6526    i.USART_DeInit      stm32f4xx_usart.o
    0x08008994   0x00000054   Code   RO         6528    i.USART_GetITStatus  stm32f4xx_usart.o
    0x080089e8   0x0000004a   Code   RO         6530    i.USART_ITConfig    stm32f4xx_usart.o
    0x08008a32   0x00000002   PAD
    0x08008a34   0x000000d4   Code   RO         6531    i.USART_Init        stm32f4xx_usart.o
    0x08008b08   0x000000b6   Code   RO          579    i.USART_Receive     stm32f4xx_it.o
    0x08008bbe   0x00000002   PAD
    0x08008bc0   0x00000484   Code   RO          464    i.Update_Data       stabilizertask.o
    0x08009044   0x0000063c   Code   RO          465    i.Update_Des        stabilizertask.o
    0x08009680   0x00000260   Code   RO          466    i.Update_Motor      stabilizertask.o
    0x080098e0   0x0000001c   Code   RO         1636    i.Voltage_Calculation  adc.o
    0x080098fc   0x00000030   Code   RO         8189    i.__ARM_fpclassify  m_wm.l(fpclassify.o)
    0x0800992c   0x00000026   Code   RO         8191    i.__ARM_fpclassifyf  m_wm.l(fpclassifyf.o)
    0x08009952   0x00000012   Code   RO          467    i.__ARM_isfinitef   stabilizertask.o
    0x08009964   0x0000012c   Code   RO         7981    i.__hardfp_asinf    m_wm.l(asinf.o)
    0x08009a90   0x00000250   Code   RO         7993    i.__hardfp_atan2f   m_wm.l(atan2f.o)
    0x08009ce0   0x000000c8   Code   RO         8005    i.__hardfp_cos      m_wm.l(cos.o)
    0x08009da8   0x00000150   Code   RO         8017    i.__hardfp_cosf     m_wm.l(cosf.o)
    0x08009ef8   0x000001e8   Code   RO         8029    i.__hardfp_expf     m_wm.l(expf.o)
    0x0800a0e0   0x00000c50   Code   RO         8043    i.__hardfp_pow      m_wm.l(pow.o)
    0x0800ad30   0x00000664   Code   RO         8057    i.__hardfp_powf     m_wm.l(powf.o)
    0x0800b394   0x00000004   PAD
    0x0800b398   0x000000c8   Code   RO         8071    i.__hardfp_sin      m_wm.l(sin.o)
    0x0800b460   0x00000190   Code   RO         8083    i.__hardfp_sinf     m_wm.l(sinf.o)
    0x0800b5f0   0x0000007a   Code   RO         8095    i.__hardfp_sqrt     m_wm.l(sqrt.o)
    0x0800b66a   0x0000003a   Code   RO         8107    i.__hardfp_sqrtf    m_wm.l(sqrtf.o)
    0x0800b6a4   0x000000e4   Code   RO         8119    i.__hardfp_tanhf    m_wm.l(tanhf.o)
    0x0800b788   0x00000438   Code   RO         8210    i.__ieee754_rem_pio2  m_wm.l(rred.o)
    0x0800bbc0   0x00000170   Code   RO         8166    i.__kernel_cos      m_wm.l(cos_i.o)
    0x0800bd30   0x000000f8   Code   RO         8207    i.__kernel_poly     m_wm.l(poly.o)
    0x0800be28   0x00000130   Code   RO         8218    i.__kernel_sin      m_wm.l(sin_i.o)
    0x0800bf58   0x00000030   Code   RO         8169    i.__mathlib_dbl_divzero  m_wm.l(dunder.o)
    0x0800bf88   0x00000014   Code   RO         8170    i.__mathlib_dbl_infnan  m_wm.l(dunder.o)
    0x0800bf9c   0x00000014   Code   RO         8171    i.__mathlib_dbl_infnan2  m_wm.l(dunder.o)
    0x0800bfb0   0x00000020   Code   RO         8172    i.__mathlib_dbl_invalid  m_wm.l(dunder.o)
    0x0800bfd0   0x00000020   Code   RO         8173    i.__mathlib_dbl_overflow  m_wm.l(dunder.o)
    0x0800bff0   0x00000020   Code   RO         8175    i.__mathlib_dbl_underflow  m_wm.l(dunder.o)
    0x0800c010   0x00000014   Code   RO         8193    i.__mathlib_flt_divzero  m_wm.l(funder.o)
    0x0800c024   0x00000006   Code   RO         8194    i.__mathlib_flt_infnan  m_wm.l(funder.o)
    0x0800c02a   0x00000006   Code   RO         8195    i.__mathlib_flt_infnan2  m_wm.l(funder.o)
    0x0800c030   0x00000010   Code   RO         8196    i.__mathlib_flt_invalid  m_wm.l(funder.o)
    0x0800c040   0x00000010   Code   RO         8197    i.__mathlib_flt_overflow  m_wm.l(funder.o)
    0x0800c050   0x00000010   Code   RO         8199    i.__mathlib_flt_underflow  m_wm.l(funder.o)
    0x0800c060   0x00000154   Code   RO         8215    i.__mathlib_rredf2  m_wm.l(rredf.o)
    0x0800c1b4   0x00000004   Code   RO          350    i._sys_exit         retarget.o
    0x0800c1b8   0x00000124   Code   RO          468    i.accel_to_lean_angles  stabilizertask.o
    0x0800c2dc   0x00000124   Code   RO         1262    i.biquad_design     gyro_filter.o
    0x0800c400   0x00000180   Code   RO          845    i.bmi088_init       bmi088_driver.o
    0x0800c580   0x0000001c   Code   RO          946    i.delay_ms          delay.o
    0x0800c59c   0x00000018   Code   RO         8185    i.fabs              m_wm.l(fabs.o)
    0x0800c5b4   0x00000038   Code   RO          469    i.fast_atan         stabilizertask.o
    0x0800c5ec   0x00000002   Code   RO          351    i.fputc             retarget.o
    0x0800c5ee   0x00000002   PAD
    0x0800c5f0   0x0000003c   Code   RO          983    i.invSqrt           imu_update.o
    0x0800c62c   0x000000e8   Code   RO          846    i.leastSquareLinearFit  bmi088_driver.o
    0x0800c714   0x00000038   Code   RO           10    i.main              main.o
    0x0800c74c   0x00000098   Code   RO         7242    i.prvAddCurrentTaskToDelayedList  tasks.o
    0x0800c7e4   0x000000b8   Code   RO         7243    i.prvAddNewTaskToReadyList  tasks.o
    0x0800c89c   0x00000064   Code   RO         7610    i.prvCheckForValidListAndQueue  timers.o
    0x0800c900   0x00000064   Code   RO         7244    i.prvCheckTasksWaitingTermination  tasks.o
    0x0800c964   0x0000002a   Code   RO         6998    i.prvCopyDataFromQueue  queue.o
    0x0800c98e   0x0000007c   Code   RO         6999    i.prvCopyDataToQueue  queue.o
    0x0800ca0a   0x00000012   Code   RO         7245    i.prvDeleteTCB      tasks.o
    0x0800ca1c   0x00000028   Code   RO         7611    i.prvGetNextExpireTime  timers.o
    0x0800ca44   0x0000007c   Code   RO         7833    i.prvHeapInit       heap_4.o
    0x0800cac0   0x00000028   Code   RO         7246    i.prvIdleTask       tasks.o
    0x0800cae8   0x0000002e   Code   RO         7001    i.prvInitialiseNewQueue  queue.o
    0x0800cb16   0x00000002   PAD
    0x0800cb18   0x000000d0   Code   RO         7247    i.prvInitialiseNewTask  tasks.o
    0x0800cbe8   0x00000068   Code   RO         7248    i.prvInitialiseTaskLists  tasks.o
    0x0800cc50   0x00000068   Code   RO         7834    i.prvInsertBlockIntoFreeList  heap_4.o
    0x0800ccb8   0x00000058   Code   RO         7613    i.prvInsertTimerInActiveList  timers.o
    0x0800cd10   0x0000001a   Code   RO         7002    i.prvIsQueueEmpty   queue.o
    0x0800cd2a   0x0000001e   Code   RO         7003    i.prvIsQueueFull    queue.o
    0x0800cd48   0x000000a0   Code   RO         7004    i.prvNotifyQueueSetContainer  queue.o
    0x0800cde8   0x00000080   Code   RO         7614    i.prvProcessExpiredTimer  timers.o
    0x0800ce68   0x0000012c   Code   RO         7615    i.prvProcessReceivedCommands  timers.o
    0x0800cf94   0x00000074   Code   RO         7616    i.prvProcessTimerOrBlockTask  timers.o
    0x0800d008   0x00000034   Code   RO         7250    i.prvResetNextTaskUnblockTime  tasks.o
    0x0800d03c   0x0000002c   Code   RO         7617    i.prvSampleTimeNow  timers.o
    0x0800d068   0x000000bc   Code   RO         7618    i.prvSwitchTimerLists  timers.o
    0x0800d124   0x00000074   Code   RO         7749    i.prvTaskExitError  port.o
    0x0800d198   0x0000001a   Code   RO         7619    i.prvTimerTask      timers.o
    0x0800d1b2   0x00000092   Code   RO         7005    i.prvUnlockQueue    queue.o
    0x0800d244   0x00000154   Code   RO         7835    i.pvPortMalloc      heap_4.o
    0x0800d398   0x00000020   Code   RO         7254    i.pvTaskIncrementMutexHeldCount  tasks.o
    0x0800d3b8   0x0000002c   Code   RO         7750    i.pxPortInitialiseStack  port.o
    0x0800d3e4   0x000002a0   Code   RO          414    i.remoter_task      remotertask.o
    0x0800d684   0x0000002a   Code   RO         1305    i.s_clamp           rc_input.o
    0x0800d6ae   0x00000002   PAD
    0x0800d6b0   0x00000020   Code   RO         1306    i.s_normalize       rc_input.o
    0x0800d6d0   0x0000002c   Code   RO         1370    i.s_sync            flight_fsm.o
    0x0800d6fc   0x00000208   Code   RO          780    i.send_to_linux     send_data.o
    0x0800d904   0x00000030   Code   RO         1767    i.spi2_read_write_byte  spi.o
    0x0800d934   0x0000006e   Code   RO         8097    i.sqrt              m_wm.l(sqrt.o)
    0x0800d9a2   0x0000003e   Code   RO         8109    i.sqrtf             m_wm.l(sqrtf.o)
    0x0800d9e0   0x00000014   Code   RO          471    i.stabilizer_Task   stabilizertask.o
    0x0800d9f4   0x00000160   Code   RO           11    i.start_task        main.o
    0x0800db54   0x00000108   Code   RO         1164    i.sysid_abort_condition  sysid.o
    0x0800dc5c   0x0000003c   Code   RO         1165    i.sysid_amp_max     sysid.o
    0x0800dc98   0x00000060   Code   RO         1166    i.sysid_enter_recovery  sysid.o
    0x0800dcf8   0x000000f8   Code   RO         1167    i.sysid_envelope    sysid.o
    0x0800ddf0   0x00000028   Code   RO         1168    i.sysid_finish      sysid.o
    0x0800de18   0x00000154   Code   RO         1169    i.sysid_signal_raw  sysid.o
    0x0800df6c   0x000000d4   Code   RO          781    i.usart3_send       send_data.o
    0x0800e040   0x00000028   Code   RO         6953    i.uxListRemove      list.o
    0x0800e068   0x0000001a   Code   RO         6954    i.vListInitialise   list.o
    0x0800e082   0x00000006   Code   RO         6955    i.vListInitialiseItem  list.o
    0x0800e088   0x00000034   Code   RO         6956    i.vListInsert       list.o
    0x0800e0bc   0x00000018   Code   RO         6957    i.vListInsertEnd    list.o
    0x0800e0d4   0x00000088   Code   RO         7752    i.vPortEnterCritical  port.o
    0x0800e15c   0x00000070   Code   RO         7753    i.vPortExitCritical  port.o
    0x0800e1cc   0x000000b8   Code   RO         7836    i.vPortFree         heap_4.o
    0x0800e284   0x00000020   Code   RO         7754    i.vPortSetupTimerInterrupt  port.o
    0x0800e2a4   0x000000a0   Code   RO         7755    i.vPortValidateInterruptPriority  port.o
    0x0800e344   0x0000002c   Code   RO         7011    i.vQueueAddToRegistry  queue.o
    0x0800e370   0x0000004a   Code   RO         7015    i.vQueueWaitForMessageRestricted  queue.o
    0x0800e3ba   0x00000002   PAD
    0x0800e3bc   0x00000074   Code   RO         7262    i.vTaskDelay        tasks.o
    0x0800e430   0x000000dc   Code   RO         7263    i.vTaskDelayUntil   tasks.o
    0x0800e50c   0x0000010c   Code   RO         7264    i.vTaskDelete       tasks.o
    0x0800e618   0x0000000c   Code   RO         7268    i.vTaskMissedYield  tasks.o
    0x0800e624   0x00000054   Code   RO         7270    i.vTaskPlaceOnEventList  tasks.o
    0x0800e678   0x0000005c   Code   RO         7271    i.vTaskPlaceOnEventListRestricted  tasks.o
    0x0800e6d4   0x000000b0   Code   RO         7273    i.vTaskPriorityInherit  tasks.o
    0x0800e784   0x0000004c   Code   RO         7277    i.vTaskSetTimeOutState  tasks.o
    0x0800e7d0   0x000000ac   Code   RO         7278    i.vTaskStartScheduler  tasks.o
    0x0800e87c   0x00000010   Code   RO         7280    i.vTaskSuspendAll   tasks.o
    0x0800e88c   0x000000a8   Code   RO         7281    i.vTaskSwitchContext  tasks.o
    0x0800e934   0x0000015c   Code   RO         7756    i.xPortStartScheduler  port.o
    0x0800ea90   0x00000034   Code   RO         7757    i.xPortSysTickHandler  port.o
    0x0800eac4   0x00000074   Code   RO         7020    i.xQueueGenericCreate  queue.o
    0x0800eb38   0x000001c8   Code   RO         7021    i.xQueueGenericReceive  queue.o
    0x0800ed00   0x000000b0   Code   RO         7022    i.xQueueGenericReset  queue.o
    0x0800edb0   0x000001c4   Code   RO         7023    i.xQueueGenericSend  queue.o
    0x0800ef74   0x00000110   Code   RO         7024    i.xQueueGenericSendFromISR  queue.o
    0x0800f084   0x000000a0   Code   RO         7282    i.xTaskCheckForTimeOut  tasks.o
    0x0800f124   0x00000060   Code   RO         7283    i.xTaskCreate       tasks.o
    0x0800f184   0x00000020   Code   RO         7287    i.xTaskGetSchedulerState  tasks.o
    0x0800f1a4   0x0000000c   Code   RO         7288    i.xTaskGetTickCount  tasks.o
    0x0800f1b0   0x00000014   Code   RO         7289    i.xTaskGetTickCountFromISR  tasks.o
    0x0800f1c4   0x00000160   Code   RO         7290    i.xTaskIncrementTick  tasks.o
    0x0800f324   0x000000d8   Code   RO         7293    i.xTaskPriorityDisinherit  tasks.o
    0x0800f3fc   0x000000b4   Code   RO         7294    i.xTaskRemoveFromEventList  tasks.o
    0x0800f4b0   0x00000120   Code   RO         7296    i.xTaskResumeAll    tasks.o
    0x0800f5d0   0x00000074   Code   RO         7623    i.xTimerCreateTimerTask  timers.o
    0x0800f644   0x000000a4   Code   RO         7624    i.xTimerGenericCommand  timers.o
    0x0800f6e8   0x00000018   Code   RO         7945    x$fpl$basic         fz_wm.l(basic.o)
    0x0800f700   0x00000062   Code   RO         7947    x$fpl$d2f           fz_wm.l(d2f.o)
    0x0800f762   0x00000002   PAD
    0x0800f764   0x00000150   Code   RO         7949    x$fpl$dadd          fz_wm.l(daddsub_clz.o)
    0x0800f8b4   0x00000010   Code   RO         8252    x$fpl$dcheck1       fz_wm.l(dcheck1.o)
    0x0800f8c4   0x00000018   Code   RO         8149    x$fpl$dcmpinf       fz_wm.l(dcmpi.o)
    0x0800f8dc   0x000002b0   Code   RO         7956    x$fpl$ddiv          fz_wm.l(ddiv.o)
    0x0800fb8c   0x0000005e   Code   RO         7959    x$fpl$dfix          fz_wm.l(dfix.o)
    0x0800fbea   0x00000002   PAD
    0x0800fbec   0x0000005a   Code   RO         7963    x$fpl$dfixu         fz_wm.l(dfixu.o)
    0x0800fc46   0x0000002e   Code   RO         7968    x$fpl$dflt          fz_wm.l(dflt_clz.o)
    0x0800fc74   0x00000026   Code   RO         7967    x$fpl$dfltu         fz_wm.l(dflt_clz.o)
    0x0800fc9a   0x00000002   PAD
    0x0800fc9c   0x00000078   Code   RO         7973    x$fpl$dleqf         fz_wm.l(dleqf.o)
    0x0800fd14   0x00000154   Code   RO         7975    x$fpl$dmul          fz_wm.l(dmul.o)
    0x0800fe68   0x0000009c   Code   RO         8151    x$fpl$dnaninf       fz_wm.l(dnaninf.o)
    0x0800ff04   0x0000000c   Code   RO         8153    x$fpl$dretinf       fz_wm.l(dretinf.o)
    0x0800ff10   0x0000006c   Code   RO         7977    x$fpl$drleqf        fz_wm.l(drleqf.o)
    0x0800ff7c   0x00000016   Code   RO         7950    x$fpl$drsb          fz_wm.l(daddsub_clz.o)
    0x0800ff92   0x00000002   PAD
    0x0800ff94   0x00000198   Code   RO         8155    x$fpl$dsqrt         fz_wm.l(dsqrt_umaal.o)
    0x0801012c   0x000001d4   Code   RO         7951    x$fpl$dsub          fz_wm.l(daddsub_clz.o)
    0x08010300   0x00000056   Code   RO         7979    x$fpl$f2d           fz_wm.l(f2d.o)
    0x08010356   0x0000008c   Code   RO         8157    x$fpl$fnaninf       fz_wm.l(fnaninf.o)
    0x080103e2   0x0000000a   Code   RO         8327    x$fpl$fpinit        fz_wm.l(fpinit.o)
    0x080103ec   0x0000000a   Code   RO         8159    x$fpl$fretinf       fz_wm.l(fretinf.o)
    0x080103f6   0x00000064   Code   RO         8267    x$fpl$retnan        fz_wm.l(retnan.o)
    0x0801045a   0x0000005c   Code   RO         8163    x$fpl$scalbn        fz_wm.l(scalbn.o)
    0x080104b6   0x00000030   Code   RO         8316    x$fpl$trapveneer    fz_wm.l(trapv.o)
    0x080104e6   0x00000000   Code   RO         8165    x$fpl$usenofp       fz_wm.l(usenofp.o)
    0x080104e6   0x00000002   PAD
    0x080104e8   0x00000040   Data   RO          783    .constdata          send_data.o
    0x08010528   0x000000a8   Data   RO         1072    .constdata          mrac.o
    0x080105d0   0x00000030   Data   RO         8032    .constdata          m_wm.l(expf.o)
    0x08010600   0x00000088   Data   RO         8046    .constdata          m_wm.l(pow.o)
    0x08010688   0x00000140   Data   RO         8060    .constdata          m_wm.l(powf.o)
    0x080107c8   0x00000030   Data   RO         8167    .constdata          m_wm.l(cos_i.o)
    0x080107f8   0x00000008   Data   RO         8209    .constdata          m_wm.l(qnan.o)
    0x08010800   0x000000c8   Data   RO         8212    .constdata          m_wm.l(rred.o)
    0x080108c8   0x00000020   Data   RO         8216    .constdata          m_wm.l(rredf.o)
    0x080108e8   0x00000028   Data   RO         8219    .constdata          m_wm.l(sin_i.o)
    0x08010910   0x00000020   Data   RO         8391    Region$$Table       anon$$obj.o


    Execution Region RW_IRAM1 (Base: 0x20000000, Size: 0x0001acc0, Max: 0x00020000, ABSOLUTE, COMPRESSED[0x00000188])

    Base Addr    Size         Type   Attr      Idx    E Section Name        Object

    0x20000000   0x00000020   Data   RW           12    .data               main.o
    0x20000020   0x00000004   Data   RW          352    .data               retarget.o
    0x20000024   0x00000007   Data   RW          416    .data               remotertask.o
    0x2000002b   0x00000001   PAD
    0x2000002c   0x00000052   Data   RW          474    .data               stabilizertask.o
    0x2000007e   0x00000002   PAD
    0x20000080   0x00000024   Data   RW          580    .data               stm32f4xx_it.o
    0x200000a4   0x00000050   Data   RW          698    .data               autoflytask.o
    0x200000f4   0x00000020   Data   RW          784    .data               send_data.o
    0x20000114   0x00000144   Data   RW          848    .data               bmi088_driver.o
    0x20000258   0x000000a4   Data   RW          984    .data               imu_update.o
    0x200002fc   0x000003f0   Data   RW         1019    .data               pid.o
    0x200006ec   0x00000035   Data   RW         1171    .data               sysid.o
    0x20000721   0x00000003   PAD
    0x20000724   0x00000005   Data   RW         1264    .data               gyro_filter.o
    0x20000729   0x00000003   PAD
    0x2000072c   0x0000000c   Data   RW         1308    .data               rc_input.o
    0x20000738   0x00000002   Data   RW         1371    .data               flight_fsm.o
    0x2000073a   0x00000003   Data   RW         1452    .data               ano_of.o
    0x2000073d   0x00000001   PAD
    0x2000073e   0x00000008   Data   RW         1701    .data               pwm.o
    0x20000746   0x00000002   Data   RW         1795    .data               usart1.o
    0x20000748   0x00000024   Data   RW         1828    .data               usart4.o
    0x2000076c   0x0000001c   Data   RW         1900    .data               usart5.o
    0x20000788   0x00000035   Data   RW         1959    .data               global_declare.o
    0x200007bd   0x00000010   Data   RW         4680    .data               stm32f4xx_rcc.o
    0x200007cd   0x00000003   PAD
    0x200007d0   0x00000014   Data   RW         6773    .data               system_stm32f4xx.o
    0x200007e4   0x0000003c   Data   RW         7299    .data               tasks.o
    0x20000820   0x00000014   Data   RW         7632    .data               timers.o
    0x20000834   0x0000000c   Data   RW         7758    .data               port.o
    0x20000840   0x00000018   Data   RW         7841    .data               heap_4.o
    0x20000858   0x00000010   Zero   RW          415    .bss                remotertask.o
    0x20000868   0x00000024   Zero   RW          472    .bss                stabilizertask.o
    0x2000088c   0x00000320   Zero   RW          697    .bss                autoflytask.o
    0x20000bac   0x00000254   Zero   RW          782    .bss                send_data.o
    0x20000e00   0x00013a18   Zero   RW          847    .bss                bmi088_driver.o
    0x20014818   0x00000490   Zero   RW         1071    .bss                mrac.o
    0x20014ca8   0x000000f0   Zero   RW         1170    .bss                sysid.o
    0x20014d98   0x00000060   Zero   RW         1263    .bss                gyro_filter.o
    0x20014df8   0x00000020   Zero   RW         1307    .bss                rc_input.o
    0x20014e18   0x000000ac   Zero   RW         1451    .bss                ano_of.o
    0x20014ec4   0x00000039   Zero   RW         1794    .bss                usart1.o
    0x20014efd   0x00000003   PAD
    0x20014f00   0x00000238   Zero   RW         1827    .bss                usart4.o
    0x20015138   0x00000100   Zero   RW         1899    .bss                usart5.o
    0x20015238   0x000000dc   Zero   RW         1958    .bss                global_declare.o
    0x20015314   0x00000040   Zero   RW         7035    .bss                queue.o
    0x20015354   0x000002e4   Zero   RW         7298    .bss                tasks.o
    0x20015638   0x00000028   Zero   RW         7631    .bss                timers.o
    0x20015660   0x00005000   Zero   RW         7840    .bss                heap_4.o
    0x2001a660   0x00000060   Zero   RW         8255    .bss                c_w.l(libspace.o)
    0x2001a6c0   0x00000200   Zero   RW         6806    HEAP                startup_stm32f40_41xxx.o
    0x2001a8c0   0x00000400   Zero   RW         6805    STACK               startup_stm32f40_41xxx.o


==============================================================================

Image component sizes


      Code (inc. data)   RO Data    RW Data    ZI Data      Debug   Object Name

       220         22          0          0          0       1910   adc.o
       672         42          0          3        172       3360   ano_of.o
      3672        384          0         80        800      11227   autoflytask.o
      3176        362          0        324      80408      13876   bmi088_driver.o
       136         16          0          0          0        571   bsp.o
        44          0          0          0          0       1133   delay.o
         0          0          0          0          0      11912   event_groups.o
       248         20          0          2          0       3186   flight_fsm.o
         0          0          0         53        220       4463   global_declare.o
       600         66          0          5         96       4556   gyro_filter.o
       752        176          0         24      20480       4179   heap_4.o
      1400        110          0        164          0       2805   imu_update.o
       200         14          0          0          0       1147   led.o
       148          0          0          0          0       3430   list.o
       756        242          0         32          0     344968   main.o
       140         24          0          0          0       1639   misc.o
      3236        166        168          0       1168      10061   mrac.o
        56          4          0          0          0        728   mrac_math.o
      1244         20          0       1008          0       2400   pid.o
      1182        396          0         12          0      11297   port.o
      1192         52          0          8          0       5341   pwm.o
      2164        238          0          0         64      16413   queue.o
      1338        158          0         12         32       7082   rc_input.o
      1488        110          0          7         16       4782   remotertask.o
         6          0          0          4          0       2898   retarget.o
      5616        390         64         32        596       8917   send_data.o
       324         18          0          0          0       1327   spi.o
      4872        458          0         82         36      16589   stabilizertask.o
        64         26        392          0       1536        888   startup_stm32f40_41xxx.o
       412         24          0          0          0       7562   stm32f4xx_adc.o
       744         72          0          0          0       7311   stm32f4xx_dma.o
       240          0          0          0          0       3625   stm32f4xx_gpio.o
      1660        114          0         36          0       7959   stm32f4xx_it.o
       392         48          0         16          0       6073   stm32f4xx_rcc.o
       260         24          0          0          0       2510   stm32f4xx_spi.o
       864         66          0          0          0       9205   stm32f4xx_tim.o
       682         42          0          0          0       5910   stm32f4xx_usart.o
      2264        366          0         53        240      11155   sysid.o
       340         32          0         20          0       1993   system_stm32f4xx.o
       296         20          0          0          0        696   systemmonitor_task.o
      3646        932          0         60        740      32236   tasks.o
      1310        312          0         20         40       9291   timers.o
       672         40          0          2         57       2246   usart1.o
       180         16          0          0          0        699   usart2.o
       420         16          0          0          0        907   usart3.o
       684         46          0         36        568       2934   usart4.o
       736         46          0         28        256       2885   usart5.o

    ----------------------------------------------------------------------
     50782       5730        656       2136     107528     618282   Object Totals
         0          0         32          0          0          0   (incl. Generated)
        34          0          0         13          3          0   (incl. Padding)

    ----------------------------------------------------------------------

      Code (inc. data)   RO Data    RW Data    ZI Data      Debug   Library Member Name

        90          0          0          0          0          0   __dczerorl2.o
         8          0          0          0          0         68   __main.o
       104          0          0          0          0         84   __printf.o
         0          0          0          0          0          0   __rtentry.o
        12          0          0          0          0          0   __rtentry2.o
         6          0          0          0          0          0   __rtentry4.o
        52          8          0          0          0          0   __scatter.o
        28          0          0          0          0          0   __scatter_zi.o
        44          0          0          0          0        108   _printf_char.o
        48          6          0          0          0         96   _printf_char_common.o
        36          4          0          0          0         80   _printf_char_file.o
         6          0          0          0          0          0   _printf_d.o
       120         16          0          0          0         92   _printf_dec.o
       178          0          0          0          0         88   _printf_intcommon.o
         0          0          0          0          0          0   _printf_percent.o
         4          0          0          0          0          0   _printf_percent_end.o
         6          0          0          0          0          0   _printf_s.o
        82          0          0          0          0         80   _printf_str.o
        22          0          0          0          0        100   _rserrno.o
        16          0          0          0          0         68   aeabi_memset.o
        18          0          0          0          0         80   exit.o
         8          0          0          0          0         68   ferror.o
         6          0          0          0          0        152   heapauxi.o
         2          0          0          0          0          0   libinit.o
         6          0          0          0          0          0   libinit2.o
         2          0          0          0          0          0   libshutdown.o
         2          0          0          0          0          0   libshutdown2.o
         8          4          0          0         96         68   libspace.o
        24          4          0          0          0         84   noretval__2printf.o
         8          4          0          0          0         68   rt_errno_addr_intlibspace.o
        68          0          0          0          0         68   rt_memclr.o
        78          0          0          0          0         80   rt_memclr_w.o
       138          0          0          0          0         68   rt_memcpy_v6.o
       100          0          0          0          0         80   rt_memcpy_w.o
         2          0          0          0          0          0   rtexit.o
        10          0          0          0          0          0   rtexit2.o
        74          0          0          0          0         80   sys_stackheap_outer.o
         2          0          0          0          0         68   use_no_semi.o
         2          0          0          0          0         68   use_no_semi_2.o
        24          0          0          0          0        164   basic.o
        98          4          0          0          0        140   d2f.o
       826         16          0          0          0        492   daddsub_clz.o
        16          4          0          0          0        116   dcheck1.o
        24          0          0          0          0        116   dcmpi.o
       688        140          0          0          0        256   ddiv.o
        94          4          0          0          0        140   dfix.o
        90          4          0          0          0        140   dfixu.o
        84          0          0          0          0        232   dflt_clz.o
       120          4          0          0          0        140   dleqf.o
       340         12          0          0          0        152   dmul.o
       156          4          0          0          0        140   dnaninf.o
        12          0          0          0          0        116   dretinf.o
       108          0          0          0          0        128   drleqf.o
       408         56          0          0          0        168   dsqrt_umaal.o
        86          4          0          0          0        132   f2d.o
       140          4          0          0          0        132   fnaninf.o
        10          0          0          0          0        116   fpinit.o
        10          0          0          0          0        116   fretinf.o
       100          0          0          0          0        116   retnan.o
        92          0          0          0          0        116   scalbn.o
        48          0          0          0          0        116   trapv.o
         0          0          0          0          0          0   usenofp.o
       300         42          0          0          0        176   asinf.o
       592         90          0          0          0        184   atan2f.o
       200         20          0          0          0        164   cos.o
       368         46         48          0          0        200   cos_i.o
       336         56          0          0          0        136   cosf.o
       184         44          0          0          0        744   dunder.o
       488         62         48          0          0        236   expf.o
        24          0          0          0          0        124   fabs.o
        48          0          0          0          0        124   fpclassify.o
        38          0          0          0          0        116   fpclassifyf.o
        80         24          0          0          0        696   funder.o
       248          0          0          0          0        152   poly.o
      3152        296        136          0          0        352   pow.o
      1636        110        320          0          0        372   powf.o
         0          0          8          0          0          0   qnan.o
      1080        142        200          0          0        188   rred.o
       340         24         32          0          0        160   rredf.o
       200         20          0          0          0        164   sin.o
       304         24         40          0          0        208   sin_i.o
       400         56          0          0          0        212   sinf.o
       232          0          0          0          0        296   sqrt.o
       120          0          0          0          0        272   sqrtf.o
       228         20          0          0          0        152   tanhf.o

    ----------------------------------------------------------------------
     15618       1382        832          0         96      10808   Library Totals
        26          4          0          0          0          0   (incl. Padding)

    ----------------------------------------------------------------------

      Code (inc. data)   RO Data    RW Data    ZI Data      Debug   Library Name

      1420         46          0          0         96       1896   c_w.l
      3574        256          0          0          0       3484   fz_wm.l
     10598       1076        832          0          0       5428   m_wm.l

    ----------------------------------------------------------------------
     15618       1382        832          0         96      10808   Library Totals

    ----------------------------------------------------------------------

==============================================================================


      Code (inc. data)   RO Data    RW Data    ZI Data      Debug   

     66400       7112       1488       2136     107624     597602   Grand Totals
     66400       7112       1488        392     107624     597602   ELF Image Totals (compressed)
     66400       7112       1488        392          0          0   ROM Totals

==============================================================================

    Total RO  Size (Code + RO Data)                67888 (  66.30kB)
    Total RW  Size (RW Data + ZI Data)            109760 ( 107.19kB)
    Total ROM Size (Code + RO Data + RW Data)      68280 (  66.68kB)

==============================================================================

