Component: ARM Compiler 5.06 update 3 (build 300) Tool: armlink [4d35c9]

==============================================================================

Section Cross References

    main.o(i.Autofly_Task) refers to tasks.o(i.xTaskGetTickCount) for xTaskGetTickCount
    main.o(i.Autofly_Task) refers to autoflytask.o(i.AutoflyTask) for AutoflyTask
    main.o(i.Autofly_Task) refers to tasks.o(i.vTaskDelayUntil) for vTaskDelayUntil
    main.o(i.Autofly_Task) refers to global_declare.o(.bss) for system_monitor
    main.o(i.IMUSample_Task) refers to tasks.o(i.xTaskGetTickCount) for xTaskGetTickCount
    main.o(i.IMUSample_Task) refers to bmi088_driver.o(i.Sensor_Data_Prepare) for Sensor_Data_Prepare
    main.o(i.IMUSample_Task) refers to tasks.o(i.vTaskDelayUntil) for vTaskDelayUntil
    main.o(i.IMUSample_Task) refers to global_declare.o(.bss) for system_monitor
    main.o(i.IMU_DataDeal_Task) refers to tasks.o(i.xTaskGetTickCount) for xTaskGetTickCount
    main.o(i.IMU_DataDeal_Task) refers to imu_update.o(i.IMU_Update_Mahony) for IMU_Update_Mahony
    main.o(i.IMU_DataDeal_Task) refers to tasks.o(i.vTaskDelayUntil) for vTaskDelayUntil
    main.o(i.IMU_DataDeal_Task) refers to imu_update.o(.data) for imu_data
    main.o(i.IMU_DataDeal_Task) refers to global_declare.o(.bss) for system_monitor
    main.o(i.Remoter_Task) refers to tasks.o(i.xTaskGetTickCount) for xTaskGetTickCount
    main.o(i.Remoter_Task) refers to remotertask.o(i.remoter_task) for remoter_task
    main.o(i.Remoter_Task) refers to tasks.o(i.vTaskDelayUntil) for vTaskDelayUntil
    main.o(i.Remoter_Task) refers to global_declare.o(.bss) for system_monitor
    main.o(i.Send_Task) refers to tasks.o(i.xTaskGetTickCount) for xTaskGetTickCount
    main.o(i.Send_Task) refers to send_data.o(i.Send_Groundstation_Telemetry_UART4) for Send_Groundstation_Telemetry_UART4
    main.o(i.Send_Task) refers to send_data.o(i.Process_GroundStation_Command) for Process_GroundStation_Command
    main.o(i.Send_Task) refers to tasks.o(i.vTaskDelay) for vTaskDelay
    main.o(i.Send_Task) refers to send_data.o(i.send_to_linux) for send_to_linux
    main.o(i.Send_Task) refers to send_data.o(i.usart3_send) for usart3_send
    main.o(i.Send_Task) refers to tasks.o(i.vTaskDelayUntil) for vTaskDelayUntil
    main.o(i.Send_Task) refers to mrac.o(.bss) for mrac_flags
    main.o(i.Send_Task) refers to global_declare.o(.bss) for system_monitor
    main.o(i.Stabilizer_Task) refers to tasks.o(i.xTaskGetTickCount) for xTaskGetTickCount
    main.o(i.Stabilizer_Task) refers to mrac.o(i.MRAC_Init) for MRAC_Init
    main.o(i.Stabilizer_Task) refers to gyro_filter.o(i.GyroFilter_Init) for GyroFilter_Init
    main.o(i.Stabilizer_Task) refers to stabilizertask.o(i.stabilizer_Task) for stabilizer_Task
    main.o(i.Stabilizer_Task) refers to tasks.o(i.vTaskDelayUntil) for vTaskDelayUntil
    main.o(i.Stabilizer_Task) refers to global_declare.o(.bss) for system_monitor
    main.o(i.SystemMonitor_Task) refers to tasks.o(i.xTaskGetTickCount) for xTaskGetTickCount
    main.o(i.SystemMonitor_Task) refers to systemmonitor_task.o(i.SystemErrorDetect) for SystemErrorDetect
    main.o(i.SystemMonitor_Task) refers to stabilizertask.o(i.Get_Voltage) for Get_Voltage
    main.o(i.SystemMonitor_Task) refers to tasks.o(i.vTaskDelayUntil) for vTaskDelayUntil
    main.o(i.main) refers to bsp.o(i.BSP_Init) for BSP_Init
    main.o(i.main) refers to tasks.o(i.xTaskCreate) for xTaskCreate
    main.o(i.main) refers to tasks.o(i.vTaskStartScheduler) for vTaskStartScheduler
    main.o(i.main) refers to main.o(.data) for StartTask_Handler
    main.o(i.main) refers to main.o(i.start_task) for start_task
    main.o(i.start_task) refers to port.o(i.vPortEnterCritical) for vPortEnterCritical
    main.o(i.start_task) refers to tasks.o(i.xTaskCreate) for xTaskCreate
    main.o(i.start_task) refers to tasks.o(i.vTaskDelete) for vTaskDelete
    main.o(i.start_task) refers to port.o(i.vPortExitCritical) for vPortExitCritical
    main.o(i.start_task) refers to main.o(.data) for SystemMonitorTask_Handler
    main.o(i.start_task) refers to main.o(i.SystemMonitor_Task) for SystemMonitor_Task
    main.o(i.start_task) refers to main.o(i.IMU_DataDeal_Task) for IMU_DataDeal_Task
    main.o(i.start_task) refers to main.o(i.IMUSample_Task) for IMUSample_Task
    main.o(i.start_task) refers to main.o(i.Stabilizer_Task) for Stabilizer_Task
    main.o(i.start_task) refers to main.o(i.Remoter_Task) for Remoter_Task
    main.o(i.start_task) refers to main.o(i.Autofly_Task) for Autofly_Task
    main.o(i.start_task) refers to main.o(i.Send_Task) for Send_Task
    retarget.o(.rev16_text) refers (Special) to use_no_semi_2.o(.text) for __use_no_semihosting
    retarget.o(.revsh_text) refers (Special) to use_no_semi_2.o(.text) for __use_no_semihosting
    retarget.o(i._sys_exit) refers (Special) to use_no_semi_2.o(.text) for __use_no_semihosting
    retarget.o(i.fputc) refers (Special) to use_no_semi_2.o(.text) for __use_no_semihosting
[...]
    USART_DMACmd                             0x0800a8b1   Thumb Code    18  stm32f4xx_usart.o(i.USART_DMACmd)
    USART_DeInit                             0x0800a8c5   Thumb Code   206  stm32f4xx_usart.o(i.USART_DeInit)
    USART_GetITStatus                        0x0800a9b5   Thumb Code    84  stm32f4xx_usart.o(i.USART_GetITStatus)
    USART_ITConfig                           0x0800aa09   Thumb Code    74  stm32f4xx_usart.o(i.USART_ITConfig)
    USART_Init                               0x0800aa55   Thumb Code   204  stm32f4xx_usart.o(i.USART_Init)
    USART_Receive                            0x0800ab29   Thumb Code   182  stm32f4xx_it.o(i.USART_Receive)
    Update_Data                              0x0800abe1   Thumb Code  1804  stabilizertask.o(i.Update_Data)
    Update_Des                               0x0800b349   Thumb Code  1686  stabilizertask.o(i.Update_Des)
    Update_Motor                             0x0800ba2d   Thumb Code   532  stabilizertask.o(i.Update_Motor)
    Voltage_Calculation                      0x0800bc8d   Thumb Code    22  adc.o(i.Voltage_Calculation)
    __ARM_fpclassify                         0x0800bca9   Thumb Code    48  fpclassify.o(i.__ARM_fpclassify)
    __ARM_fpclassifyf                        0x0800bcd9   Thumb Code    38  fpclassifyf.o(i.__ARM_fpclassifyf)
    __hardfp_asinf                           0x0800bd11   Thumb Code   258  asinf.o(i.__hardfp_asinf)
    __hardfp_atan2f                          0x0800be3d   Thumb Code   502  atan2f.o(i.__hardfp_atan2f)
    __hardfp_cos                             0x0800c091   Thumb Code   180  cos.o(i.__hardfp_cos)
    __hardfp_cosf                            0x0800c159   Thumb Code   280  cosf.o(i.__hardfp_cosf)
    __hardfp_expf                            0x0800c2a9   Thumb Code   426  expf.o(i.__hardfp_expf)
    __mathlib_expf                           0x0800c2a9   Thumb Code     0  expf.o(i.__hardfp_expf)
    __hardfp_pow                             0x0800c491   Thumb Code  3072  pow.o(i.__hardfp_pow)
    __hardfp_powf                            0x0800d0e1   Thumb Code  1606  powf.o(i.__hardfp_powf)
    __mathlib_powf                           0x0800d0e1   Thumb Code     0  powf.o(i.__hardfp_powf)
    __hardfp_sin                             0x0800d749   Thumb Code   180  sin.o(i.__hardfp_sin)
    __hardfp_sinf                            0x0800d811   Thumb Code   344  sinf.o(i.__hardfp_sinf)
    __hardfp_sqrt                            0x0800d9a1   Thumb Code   122  sqrt.o(i.__hardfp_sqrt)
    __hardfp_sqrtf                           0x0800da1b   Thumb Code    58  sqrtf.o(i.__hardfp_sqrtf)
    __hardfp_tanf                            0x0800da55   Thumb Code   322  tanf.o(i.__hardfp_tanf)
    __hardfp_tanhf                           0x0800dbd1   Thumb Code   208  tanhf.o(i.__hardfp_tanhf)
    __ieee754_rem_pio2                       0x0800dcb9   Thumb Code   938  rred.o(i.__ieee754_rem_pio2)
    __kernel_cos                             0x0800e0f1   Thumb Code   322  cos_i.o(i.__kernel_cos)
    __kernel_poly                            0x0800e261   Thumb Code   248  poly.o(i.__kernel_poly)
    __kernel_sin                             0x0800e359   Thumb Code   280  sin_i.o(i.__kernel_sin)
    __mathlib_dbl_divzero                    0x0800e489   Thumb Code    28  dunder.o(i.__mathlib_dbl_divzero)
    __mathlib_dbl_infnan                     0x0800e4b9   Thumb Code    20  dunder.o(i.__mathlib_dbl_infnan)
    __mathlib_dbl_infnan2                    0x0800e4cd   Thumb Code    20  dunder.o(i.__mathlib_dbl_infnan2)
    __mathlib_dbl_invalid                    0x0800e4e1   Thumb Code    24  dunder.o(i.__mathlib_dbl_invalid)
    __mathlib_dbl_overflow                   0x0800e501   Thumb Code    24  dunder.o(i.__mathlib_dbl_overflow)
    __mathlib_dbl_underflow                  0x0800e521   Thumb Code    24  dunder.o(i.__mathlib_dbl_underflow)
    __mathlib_flt_divzero                    0x0800e541   Thumb Code    14  funder.o(i.__mathlib_flt_divzero)
    __mathlib_flt_infnan                     0x0800e555   Thumb Code     6  funder.o(i.__mathlib_flt_infnan)
    __mathlib_flt_infnan2                    0x0800e55b   Thumb Code     6  funder.o(i.__mathlib_flt_infnan2)
    __mathlib_flt_invalid                    0x0800e561   Thumb Code    10  funder.o(i.__mathlib_flt_invalid)
    __mathlib_flt_overflow                   0x0800e571   Thumb Code    10  funder.o(i.__mathlib_flt_overflow)
    __mathlib_flt_underflow                  0x0800e581   Thumb Code    10  funder.o(i.__mathlib_flt_underflow)
    __mathlib_rredf2                         0x0800e591   Thumb Code   316  rredf.o(i.__mathlib_rredf2)
    _sys_exit                                0x0800e6e5   Thumb Code     4  retarget.o(i._sys_exit)
    accel_to_lean_angles                     0x0800e6e9   Thumb Code   268  stabilizertask.o(i.accel_to_lean_angles)
    bmi088_init                              0x0800e931   Thumb Code   358  bmi088_driver.o(i.bmi088_init)
    delay_ms                                 0x0800eaf5   Thumb Code    28  delay.o(i.delay_ms)
    fabs                                     0x0800eb11   Thumb Code    24  fabs.o(i.fabs)
    fast_atan                                0x0800eb29   Thumb Code    42  stabilizertask.o(i.fast_atan)
    fputc                                    0x0800eb61   Thumb Code     2  retarget.o(i.fputc)
    invSqrt                                  0x0800eb65   Thumb Code    56  imu_update.o(i.invSqrt)
    leastSquareLinearFit                     0x0800eba1   Thumb Code   224  bmi088_driver.o(i.leastSquareLinearFit)
    main                                     0x0800ec89   Thumb Code    34  main.o(i.main)
    pvPortMalloc                             0x0800f7b9   Thumb Code   262  heap_4.o(i.pvPortMalloc)
    pvTaskIncrementMutexHeldCount            0x0800f90d   Thumb Code    26  tasks.o(i.pvTaskIncrementMutexHeldCount)
    pxPortInitialiseStack                    0x0800f92d   Thumb Code    38  port.o(i.pxPortInitialiseStack)
    remoter_task                             0x0800f959   Thumb Code   618  remotertask.o(i.remoter_task)
    send_to_linux                            0x0800ff11   Thumb Code   512  send_data.o(i.send_to_linux)
    spi2_read_write_byte                     0x08010129   Thumb Code    44  spi.o(i.spi2_read_write_byte)
    sqrt                                     0x08010159   Thumb Code   110  sqrt.o(i.sqrt)
    sqrtf                                    0x080101c7   Thumb Code    62  sqrtf.o(i.sqrtf)
    stabilizer_Task                          0x08010205   Thumb Code   146  stabilizertask.o(i.stabilizer_Task)
    start_task                               0x080102b5   Thumb Code   176  main.o(i.start_task)
    usart3_send                              0x0801082d   Thumb Code   200  send_data.o(i.usart3_send)
    uxListRemove                             0x08010901   Thumb Code    40  list.o(i.uxListRemove)
    vListInitialise                          0x08010929   Thumb Code    26  list.o(i.vListInitialise)
    vListInitialiseItem                      0x08010943   Thumb Code     6  list.o(i.vListInitialiseItem)
    vListInsert                              0x08010949   Thumb Code    52  list.o(i.vListInsert)
    vListInsertEnd                           0x0801097d   Thumb Code    24  list.o(i.vListInsertEnd)
    vPortEnterCritical                       0x08010995   Thumb Code    68  port.o(i.vPortEnterCritical)
    vPortExitCritical                        0x08010a1d   Thumb Code    48  port.o(i.vPortExitCritical)
    vPortFree                                0x08010a8d   Thumb Code   120  heap_4.o(i.vPortFree)
    vPortSetupTimerInterrupt                 0x08010b45   Thumb Code    26  port.o(i.vPortSetupTimerInterrupt)
    vPortValidateInterruptPriority           0x08010b65   Thumb Code    86  port.o(i.vPortValidateInterruptPriority)
    vQueueAddToRegistry                      0x08010c05   Thumb Code    38  queue.o(i.vQueueAddToRegistry)
    vQueueWaitForMessageRestricted           0x08010c31   Thumb Code    74  queue.o(i.vQueueWaitForMessageRestricted)
    vTaskDelay                               0x08010c7d   Thumb Code    72  tasks.o(i.vTaskDelay)
    vTaskDelayUntil                          0x08010cf1   Thumb Code   170  tasks.o(i.vTaskDelayUntil)
    vTaskDelete                              0x08010dcd   Thumb Code   192  tasks.o(i.vTaskDelete)
    vTaskMissedYield                         0x08010ed9   Thumb Code     8  tasks.o(i.vTaskMissedYield)
    vTaskPlaceOnEventList                    0x08010ee5   Thumb Code    42  tasks.o(i.vTaskPlaceOnEventList)
    vTaskPlaceOnEventListRestricted          0x08010f39   Thumb Code    50  tasks.o(i.vTaskPlaceOnEventListRestricted)
    vTaskPriorityInherit                     0x08010f95   Thumb Code   164  tasks.o(i.vTaskPriorityInherit)
    vTaskSetTimeOutState                     0x08011045   Thumb Code    32  tasks.o(i.vTaskSetTimeOutState)
    vTaskStartScheduler                      0x08011091   Thumb Code   108  tasks.o(i.vTaskStartScheduler)
    vTaskSuspendAll                          0x0801113d   Thumb Code    12  tasks.o(i.vTaskSuspendAll)
    vTaskSwitchContext                       0x0801114d   Thumb Code   110  tasks.o(i.vTaskSwitchContext)
    xPortStartScheduler                      0x080111f5   Thumb Code   258  port.o(i.xPortStartScheduler)
    xPortSysTickHandler                      0x08011351   Thumb Code    46  port.o(i.xPortSysTickHandler)
    xQueueGenericCreate                      0x08011385   Thumb Code    78  queue.o(i.xQueueGenericCreate)
    xQueueGenericReceive                     0x080113f9   Thumb Code   416  queue.o(i.xQueueGenericReceive)
    xQueueGenericReset                       0x080115c1   Thumb Code   136  queue.o(i.xQueueGenericReset)
    xQueueGenericSend                        0x08011671   Thumb Code   412  queue.o(i.xQueueGenericSend)
    xQueueGenericSendFromISR                 0x08011835   Thumb Code   234  queue.o(i.xQueueGenericSendFromISR)
    xTaskCheckForTimeOut                     0x08011945   Thumb Code   116  tasks.o(i.xTaskCheckForTimeOut)
    xTaskCreate                              0x080119e5   Thumb Code    96  tasks.o(i.xTaskCreate)
    xTaskGetSchedulerState                   0x08011a45   Thumb Code    24  tasks.o(i.xTaskGetSchedulerState)
    xTaskGetTickCount                        0x08011a65   Thumb Code     6  tasks.o(i.xTaskGetTickCount)
    xTaskGetTickCountFromISR                 0x08011a71   Thumb Code    16  tasks.o(i.xTaskGetTickCountFromISR)
    xTaskIncrementTick                       0x08011a85   Thumb Code   272  tasks.o(i.xTaskIncrementTick)
    xTaskPriorityDisinherit                  0x08011be5   Thumb Code   168  tasks.o(i.xTaskPriorityDisinherit)
    xTaskRemoveFromEventList                 0x08011cbd   Thumb Code   118  tasks.o(i.xTaskRemoveFromEventList)
    xTaskResumeAll                           0x08011d71   Thumb Code   214  tasks.o(i.xTaskResumeAll)
    xTimerCreateTimerTask                    0x08011e91   Thumb Code    56  timers.o(i.xTimerCreateTimerTask)
    xTimerGenericCommand                     0x08011f05   Thumb Code   118  timers.o(i.xTimerGenericCommand)
    __aeabi_dneg                             0x08011fa9   Thumb Code     0  basic.o(x$fpl$basic)
    _dneg                                    0x08011fa9   Thumb Code     6  basic.o(x$fpl$basic)
    __aeabi_fneg                             0x08011faf   Thumb Code     0  basic.o(x$fpl$basic)
    _fneg                                    0x08011faf   Thumb Code     6  basic.o(x$fpl$basic)
    _dabs                                    0x08011fb5   Thumb Code     6  basic.o(x$fpl$basic)
    _fabs                                    0x08011fbb   Thumb Code     6  basic.o(x$fpl$basic)
    __aeabi_d2f                              0x08011fc1   Thumb Code     0  d2f.o(x$fpl$d2f)
    _d2f                                     0x08011fc1   Thumb Code    98  d2f.o(x$fpl$d2f)
    __aeabi_dadd                             0x08012025   Thumb Code     0  daddsub_clz.o(x$fpl$dadd)
    _dadd                                    0x08012025   Thumb Code   332  daddsub_clz.o(x$fpl$dadd)
    __fpl_dcheck_NaN1                        0x08012175   Thumb Code    10  dcheck1.o(x$fpl$dcheck1)
    __fpl_dcmp_Inf                           0x08012185   Thumb Code    24  dcmpi.o(x$fpl$dcmpinf)
    __aeabi_ddiv                             0x0801219d   Thumb Code     0  ddiv.o(x$fpl$ddiv)
    _ddiv                                    0x0801219d   Thumb Code   552  ddiv.o(x$fpl$ddiv)
    __aeabi_d2iz                             0x0801244d   Thumb Code     0  dfix.o(x$fpl$dfix)
    _dfix                                    0x0801244d   Thumb Code    94  dfix.o(x$fpl$dfix)
    __aeabi_d2uiz                            0x080124ad   Thumb Code     0  dfixu.o(x$fpl$dfixu)
    _dfixu                                   0x080124ad   Thumb Code    90  dfixu.o(x$fpl$dfixu)
    __aeabi_i2d                              0x08012507   Thumb Code     0  dflt_clz.o(x$fpl$dflt)
    _dflt                                    0x08012507   Thumb Code    46  dflt_clz.o(x$fpl$dflt)
    __aeabi_ui2d                             0x08012535   Thumb Code     0  dflt_clz.o(x$fpl$dfltu)
    _dfltu                                   0x08012535   Thumb Code    38  dflt_clz.o(x$fpl$dfltu)
    __aeabi_cdcmple                          0x0801255d   Thumb Code     0  dleqf.o(x$fpl$dleqf)
    _dcmple                                  0x0801255d   Thumb Code   120  dleqf.o(x$fpl$dleqf)
    __fpl_dcmple_InfNaN                      0x080125bf   Thumb Code     0  dleqf.o(x$fpl$dleqf)
    __aeabi_dmul                             0x080125d5   Thumb Code     0  dmul.o(x$fpl$dmul)
    _dmul                                    0x080125d5   Thumb Code   332  dmul.o(x$fpl$dmul)
    __fpl_dnaninf                            0x08012729   Thumb Code   156  dnaninf.o(x$fpl$dnaninf)
    __fpl_dretinf                            0x080127c5   Thumb Code    12  dretinf.o(x$fpl$dretinf)
    __aeabi_cdrcmple                         0x080127d1   Thumb Code     0  drleqf.o(x$fpl$drleqf)
    _drcmple                                 0x080127d1   Thumb Code   108  drleqf.o(x$fpl$drleqf)
    __aeabi_drsub                            0x0801283d   Thumb Code     0  daddsub_clz.o(x$fpl$drsb)
    _drsb                                    0x0801283d   Thumb Code    22  daddsub_clz.o(x$fpl$drsb)
    _dsqrt                                   0x08012855   Thumb Code   404  dsqrt_umaal.o(x$fpl$dsqrt)
    __aeabi_dsub                             0x080129ed   Thumb Code     0  daddsub_clz.o(x$fpl$dsub)
    _dsub                                    0x080129ed   Thumb Code   464  daddsub_clz.o(x$fpl$dsub)
    __aeabi_f2d                              0x08012bc1   Thumb Code     0  f2d.o(x$fpl$f2d)
    _f2d                                     0x08012bc1   Thumb Code    86  f2d.o(x$fpl$f2d)
    __fpl_fnaninf                            0x08012c17   Thumb Code   140  fnaninf.o(x$fpl$fnaninf)
    _fp_init                                 0x08012ca3   Thumb Code    10  fpinit.o(x$fpl$fpinit)
    __fplib_config_fpu_vfp                   0x08012cab   Thumb Code     0  fpinit.o(x$fpl$fpinit)
    __fplib_config_pureend_doubles           0x08012cab   Thumb Code     0  fpinit.o(x$fpl$fpinit)
    __fpl_fretinf                            0x08012cad   Thumb Code    10  fretinf.o(x$fpl$fretinf)
    __fpl_return_NaN                         0x08012cb7   Thumb Code   100  retnan.o(x$fpl$retnan)
    __ARM_scalbn                             0x08012d1b   Thumb Code    92  scalbn.o(x$fpl$scalbn)
    __fpl_cmpreturn                          0x08012d77   Thumb Code    48  trapv.o(x$fpl$trapveneer)
    __I$use$fp                               0x08012da6   Number         0  usenofp.o(x$fpl$usenofp)
    __mathlib_zero                           0x080130b8   Data           8  qnan.o(.constdata)
    Region$$Table$$Base                      0x080131d0   Number         0  anon$$obj.o(Region$$Table)
    Region$$Table$$Limit                     0x080131f0   Number         0  anon$$obj.o(Region$$Table)
    StartTask_Handler                        0x20000000   Data           4  main.o(.data)
    SystemMonitorTask_Handler                0x20000004   Data           4  main.o(.data)
    IMU_DataDealTask_Handler                 0x20000008   Data           4  main.o(.data)
    IMUSampleTask_Handler                    0x2000000c   Data           4  main.o(.data)
    Stabilizer_Task_Handler                  0x20000010   Data           4  main.o(.data)
    RemoterTaskTask_Handler                  0x20000014   Data           4  main.o(.data)
    AutoflyTask_Handler                      0x20000018   Data           4  main.o(.data)
    SendTask_Handler                         0x2000001c   Data           4  main.o(.data)
    __stdout                                 0x20000020   Data           4  retarget.o(.data)
    cnt_h                                    0x2000002c   Data           1  stabilizertask.o(.data)
    cnt_loc                                  0x2000002d   Data           1  stabilizertask.o(.data)
    cnt_locs                                 0x2000002e   Data           1  stabilizertask.o(.data)
    cnt_yaw                                  0x2000002f   Data           1  stabilizertask.o(.data)
    Throttle_out                             0x20000030   Data           4  stabilizertask.o(.data)
    u_gyrox                                  0x20000034   Data           4  stabilizertask.o(.data)
    u_gyroy                                  0x20000038   Data           4  stabilizertask.o(.data)
    u_gyroz                                  0x2000003c   Data           4  stabilizertask.o(.data)
    Throttle_th                              0x20000040   Data           2  stabilizertask.o(.data)
    Cos_Yaw_01                               0x20000044   Data           4  stabilizertask.o(.data)
    Sin_Yaw_01                               0x20000048   Data           4  stabilizertask.o(.data)
    g_of_hold_active                         0x2000004c   Data           1  stabilizertask.o(.data)
    Sin_roll_01                              0x20000050   Data           4  stabilizertask.o(.data)
    Cos_roll_01                              0x20000054   Data           4  stabilizertask.o(.data)
    Sin_pitch_01                             0x20000058   Data           4  stabilizertask.o(.data)
    Cos_pitch_01                             0x2000005c   Data           4  stabilizertask.o(.data)
    s_of_bias_x                              0x20000064   Data           4  stabilizertask.o(.data)
    s_of_bias_y                              0x20000068   Data           4  stabilizertask.o(.data)
    g_cal_health                             0x2000006c   Data           2  stabilizertask.o(.data)
    g_of_bias_capture_req                    0x2000006e   Data           1  stabilizertask.o(.data)
    des_pitch                                0x20000070   Data           4  stabilizertask.o(.data)
    des_roll                                 0x20000074   Data           4  stabilizertask.o(.data)
    voltage                                  0x20000078   Data           4  stabilizertask.o(.data)
    real_voltage                             0x2000007c   Data           4  stabilizertask.o(.data)
    adc_value                                0x20000080   Data           2  stabilizertask.o(.data)
    Clear_IT                                 0x2000009c   Data           2  stm32f4xx_it.o(.data)
    data_to_float                            0x200000a0   Data           4  stm32f4xx_it.o(.data)
    U4_RX_Data                               0x200000a4   Data           4  stm32f4xx_it.o(.data)
    x_pos                                    0x200000a8   Data           4  stm32f4xx_it.o(.data)
    y_pos                                    0x200000ac   Data           4  stm32f4xx_it.o(.data)
    z_pos                                    0x200000b0   Data           4  stm32f4xx_it.o(.data)
    des_x                                    0x200000b4   Data           4  stm32f4xx_it.o(.data)
    des_y                                    0x200000b8   Data           4  stm32f4xx_it.o(.data)
    des_z                                    0x200000bc   Data           4  stm32f4xx_it.o(.data)
    x_test                                   0x200000c0   Data           4  autoflytask.o(.data)
    y_test                                   0x200000c4   Data           4  autoflytask.o(.data)
    yaw_test                                 0x200000c8   Data           4  autoflytask.o(.data)
    CurrentSDKState                          0x200000cc   Data           4  autoflytask.o(.data)
    SDKStateMAX                              0x200000d0   Data           4  autoflytask.o(.data)
    KeyPressedTimeMS                         0x200000d4   Data           4  autoflytask.o(.data)
    KeySDKflag                               0x200000d8   Data           1  autoflytask.o(.data)
    SDK_StateChangeFlag                      0x200000d9   Data           1  autoflytask.o(.data)
    SDK_DelayWakeFlag                        0x200000da   Data           1  autoflytask.o(.data)
    SDKLandFlag                              0x200000db   Data           1  autoflytask.o(.data)
    temp_V_x                                 0x200000dc   Data           4  autoflytask.o(.data)
    temp_V_y                                 0x200000e0   Data           4  autoflytask.o(.data)
    temp_Gyroz                               0x200000e4   Data           4  autoflytask.o(.data)
    temp_V_h                                 0x200000e8   Data           4  autoflytask.o(.data)
    temp_Yaw                                 0x200000ec   Data           4  autoflytask.o(.data)
    take_off_flag                            0x200000f0   Data           4  autoflytask.o(.data)
    SearchLand_down_cnt                      0x200000f4   Data           4  autoflytask.o(.data)
    gyro_x                                   0x20000134   Data          20  bmi088_driver.o(.data)
    gyro_y                                   0x20000148   Data          20  bmi088_driver.o(.data)
    gyro_z                                   0x2000015c   Data          20  bmi088_driver.o(.data)
    acc_x                                    0x20000170   Data          20  bmi088_driver.o(.data)
    acc_y                                    0x20000184   Data          20  bmi088_driver.o(.data)
    acc_z                                    0x20000198   Data          20  bmi088_driver.o(.data)
    Cali_Cnt                                 0x200001ac   Data           2  bmi088_driver.o(.data)
    Cali_Cnt_ACC                             0x200001ae   Data           2  bmi088_driver.o(.data)
    Real_Temp                                0x200001b0   Data           2  bmi088_driver.o(.data)
    Acc_X_Ori                                0x200001b4   Data           4  bmi088_driver.o(.data)
    Acc_Y_Ori                                0x200001b8   Data           4  bmi088_driver.o(.data)
    Acc_Z_Ori                                0x200001bc   Data           4  bmi088_driver.o(.data)
    Gyro_X_Ori                               0x200001c0   Data           4  bmi088_driver.o(.data)
    Gyro_Y_Ori                               0x200001c4   Data           4  bmi088_driver.o(.data)
    Gyro_Z_Ori                               0x200001c8   Data           4  bmi088_driver.o(.data)
    Acc_X_Real                               0x200001cc   Data           4  bmi088_driver.o(.data)
    Acc_Y_Real                               0x200001d0   Data           4  bmi088_driver.o(.data)
    Acc_Z_Real                               0x200001d4   Data           4  bmi088_driver.o(.data)
    Gyro_X_Real                              0x200001d8   Data           4  bmi088_driver.o(.data)
    Gyro_Y_Real                              0x200001dc   Data           4  bmi088_driver.o(.data)
    Gyro_Z_Real                              0x200001e0   Data           4  bmi088_driver.o(.data)
    Acc_X_Offset                             0x200001e4   Data           4  bmi088_driver.o(.data)
    Acc_Y_Offset                             0x200001e8   Data           4  bmi088_driver.o(.data)
    Acc_Z_Offset                             0x200001ec   Data           4  bmi088_driver.o(.data)
    Gyro_X_Offset                            0x200001f0   Data           4  bmi088_driver.o(.data)
    Gyro_Y_Offset                            0x200001f4   Data           4  bmi088_driver.o(.data)
    Gyro_Z_Offset                            0x200001f8   Data           4  bmi088_driver.o(.data)
    Const_offset                             0x200001fc   Data           4  bmi088_driver.o(.data)
    flag_offset                              0x20000200   Data           4  bmi088_driver.o(.data)
    SEE                                      0x20000204   Data           4  bmi088_driver.o(.data)
    Acc_Range_Coe                            0x20000208   Data           4  bmi088_driver.o(.data)
    Acc_ID                                   0x2000020c   Data           1  bmi088_driver.o(.data)
    Gyro_ID                                  0x2000020d   Data           1  bmi088_driver.o(.data)
    GetStill                                 0x20000210   Data           4  bmi088_driver.o(.data)
    gyro_flag                                0x20000214   Data           4  bmi088_driver.o(.data)
    acc_flag                                 0x20000218   Data           4  bmi088_driver.o(.data)
    G_Cal                                    0x2000021c   Data           4  bmi088_driver.o(.data)
    Warning                                  0x20000220   Data           1  bmi088_driver.o(.data)
    Gyro_X_Lpf                               0x20000224   Data          20  bmi088_driver.o(.data)
    Gyro_Y_Lpf                               0x20000238   Data          20  bmi088_driver.o(.data)
    Gyro_Z_Lpf                               0x2000024c   Data          20  bmi088_driver.o(.data)
    ORI_Gyrox                                0x20000260   Data           4  bmi088_driver.o(.data)
    ORI_Gyroy                                0x20000264   Data           4  bmi088_driver.o(.data)
    ORI_Gyroz                                0x20000268   Data           4  bmi088_driver.o(.data)
    ORI_Accx                                 0x2000026c   Data           4  bmi088_driver.o(.data)
    ORI_Accy                                 0x20000270   Data           4  bmi088_driver.o(.data)
    ORI_Accz                                 0x20000274   Data           4  bmi088_driver.o(.data)
    imu_data                                 0x20000278   Data         108  imu_update.o(.data)
    Kp                                       0x200002e4   Data           4  imu_update.o(.data)
    Ki                                       0x200002e8   Data           4  imu_update.o(.data)
    exInt                                    0x200002ec   Data           4  imu_update.o(.data)
    eyInt                                    0x200002f0   Data           4  imu_update.o(.data)
    ezInt                                    0x200002f4   Data           4  imu_update.o(.data)
    g_imu_settle_metric                      0x20000304   Data           4  imu_update.o(.data)
    g_estimator_ready                        0x20000308   Data           1  imu_update.o(.data)
    Lin_Acc_X_body                           0x2000031c   Data           4  imu_update.o(.data)
    Lin_Acc_Y_body                           0x20000320   Data           4  imu_update.o(.data)
    Lin_Acc_Z_body                           0x20000324   Data           4  imu_update.o(.data)
    Gravity_Body_X                           0x20000328   Data           4  imu_update.o(.data)
    Gravity_Body_Y                           0x2000032c   Data           4  imu_update.o(.data)
    Gravity_Body_Z                           0x20000330   Data           4  imu_update.o(.data)
    Ctrler                                   0x20000348   Data        1120  pid.o(.data)
    flight_phase                             0x200007f9   Data           1  flight_fsm.o(.data)
    mymotor                                  0x200007fe   Data           8  pwm.o(.data)
    UART4_Rcr                                0x20000808   Data          28  usart4.o(.data)
    gs_cmd_head                              0x20000824   Data           1  usart4.o(.data)
    gs_cmd_tail                              0x20000825   Data           1  usart4.o(.data)
    gs_cmd_drop_count                        0x20000828   Data           4  usart4.o(.data)
    UART5_Rcr                                0x2000082c   Data          28  usart5.o(.data)
    sbus_lost                                0x20000848   Data           1  global_declare.o(.data)
    sbus_last_valid_tick                     0x2000084c   Data           4  global_declare.o(.data)
    bench_mode_active                        0x20000850   Data           1  global_declare.o(.data)
    motor_test_active                        0x20000851   Data           1  global_declare.o(.data)
    motor_test_id                            0x20000852   Data           1  global_declare.o(.data)
    motor_test_ccr                           0x20000854   Data           2  global_declare.o(.data)
    motor_test_watchdog                      0x20000858   Data           4  global_declare.o(.data)
    gs_max_horizontal_speed_mps              0x2000085c   Data           4  global_declare.o(.data)
    gs_max_vertical_speed_mps                0x20000860   Data           4  global_declare.o(.data)
    gs_max_pitch_deg                         0x20000864   Data           4  global_declare.o(.data)
    gs_max_roll_deg                          0x20000868   Data           4  global_declare.o(.data)
    gs_throttle_min_pct                      0x2000086c   Data           4  global_declare.o(.data)
    gs_throttle_max_pct                      0x20000870   Data           4  global_declare.o(.data)
    TWC_arrived                              0x20000874   Data           1  global_declare.o(.data)
    sbus_flyup_trigger                       0x20000875   Data           1  global_declare.o(.data)
    sbus_path_trigger                        0x20000876   Data           1  global_declare.o(.data)
    waypoint_spacing                         0x20000878   Data           4  global_declare.o(.data)
    GS_KeySDKflag                            0x2000087c   Data           1  global_declare.o(.data)
    SystemCoreClock                          0x20000890   Data           4  system_stm32f4xx.o(.data)
    AHBPrescTable                            0x20000894   Data          16  system_stm32f4xx.o(.data)
    pxCurrentTCB                             0x200008a4   Data           4  tasks.o(.data)
    channel                                  0x20000918   Data          16  remotertask.o(.bss)
    TWC                                      0x20000928   Data          36  stabilizertask.o(.bss)
    s_cal_trim                               0x2000094c   Data          28  stabilizertask.o(.bss)
    s_cal_hot                                0x20000968   Data          24  stabilizertask.o(.bss)
    SDK_StateMachine                         0x20000980   Data         800  autoflytask.o(.bss)
    stm32_to_linux_flag                      0x20000edc   Data          32  send_data.o(.bss)
    DataBuf_to_linux                         0x20000f38   Data          52  send_data.o(.bss)
    Buf_Telemetry_UART4                      0x20000f6c   Data         512  send_data.o(.bss)
    Filters                                  0x2000116c   Data         248  bmi088_driver.o(.bss)
    sensor                                   0x20001264   Data         120  bmi088_driver.o(.bss)
    acc_data                                 0x200012dc   Data          28  bmi088_driver.o(.bss)
    Status_offset                            0x200012f8   Data       60000  bmi088_driver.o(.bss)
    Num_offset                               0x2000fd58   Data       20000  bmi088_driver.o(.bss)
    testvalue                                0x20014b78   Data          12  bmi088_driver.o(.bss)
    mrac_state                               0x20014b84   Data         464  mrac.o(.bss)
    mrac_flags                               0x20014d54   Data          14  mrac.o(.bss)
    mrac_config_pitch                        0x20014d64   Data         172  mrac.o(.bss)
    mrac_config_roll                         0x20014e10   Data         172  mrac.o(.bss)
    mrac_config_yaw                          0x20014ebc   Data         172  mrac.o(.bss)
    mrac_config_z                            0x20014f68   Data         172  mrac.o(.bss)
    ano_of                                   0x20015434   Data         108  ano_of.o(.bss)
    rpm_dbg_edges                            0x20015560   Data          16  rpm.o(.bss)
    rpm_dbg_period_cyc                       0x20015570   Data          16  rpm.o(.bss)
    sbus_channel                             0x20015580   Data          32  usart1.o(.bss)
    linux_data                               0x200155bc   Data          56  usart4.o(.bss)
    linux_yolo_data                          0x200155f4   Data         128  usart4.o(.bss)
    UA4RxDMAbuf                              0x20015674   Data         128  usart4.o(.bss)
    UA4RxMailbox                             0x200156f4   Data         128  usart4.o(.bss)
    gs_cmd_queue                             0x20015774   Data         128  usart4.o(.bss)
    UA5RxDMAbuf                              0x200157f4   Data         128  usart5.o(.bss)
    UA5RxMailbox                             0x20015874   Data         128  usart5.o(.bss)
    system_monitor                           0x200158f8   Data          56  global_declare.o(.bss)
    Remoter                                  0x20015930   Data          14  global_declare.o(.bss)
    DroneStatus                              0x20015940   Data          12  global_declare.o(.bss)
    StickMotion                              0x2001594c   Data          32  global_declare.o(.bss)
    sinusoid_path                            0x2001596c   Data          32  global_declare.o(.bss)
    circle_path                              0x2001598c   Data          36  global_declare.o(.bss)
    figure8_path                             0x200159b0   Data          36  global_declare.o(.bss)
    xQueueRegistry                           0x200159d4   Data          64  queue.o(.bss)
    __libspace_start                         0x2001ad20   Data          96  libspace.o(.bss)
    __temporary_stack_top$libspace           0x2001ad80   Data           0  libspace.o(.bss)



==============================================================================

Memory Map of the image

  Image Entry point : 0x08000189

  Load Region LR_IROM1 (Base: 0x08000000, Size: 0x00013b08, Max: 0x00100000, ABSOLUTE, COMPRESSED[0x0001338c])

    Execution Region ER_IROM1 (Base: 0x08000000, Size: 0x000131f0, Max: 0x00100000, ABSOLUTE)

    Base Addr    Size         Type   Attr      Idx    E Section Name        Object

    0x08000000   0x00000188   Data   RO         7032    RESET               startup_stm32f40_41xxx.o
    0x08000188   0x00000008   Code   RO         8170  * !!!main             c_w.l(__main.o)
    0x08000190   0x00000034   Code   RO         8644    !!!scatter          c_w.l(__scatter.o)
    0x080001c4   0x0000005a   Code   RO         8642    !!dczerorl2         c_w.l(__dczerorl2.o)
    0x0800021e   0x00000002   PAD
    0x08000220   0x0000001c   Code   RO         8646    !!handler_zi        c_w.l(__scatter_zi.o)
    0x0800023c   0x00000000   Code   RO         8157    .ARM.Collect$$_printf_percent$$00000000  c_w.l(_printf_percent.o)
    0x0800023c   0x00000006   Code   RO         8155    .ARM.Collect$$_printf_percent$$00000009  c_w.l(_printf_d.o)
    0x08000242   0x00000006   Code   RO         8154    .ARM.Collect$$_printf_percent$$00000014  c_w.l(_printf_s.o)
    0x08000248   0x00000004   Code   RO         8389    .ARM.Collect$$_printf_percent$$00000017  c_w.l(_printf_percent_end.o)
    0x0800024c   0x00000002   Code   RO         8515    .ARM.Collect$$libinit$$00000000  c_w.l(libinit.o)
    0x0800024e   0x00000004   Code   RO         8526    .ARM.Collect$$libinit$$00000001  c_w.l(libinit2.o)
    0x08000252   0x00000000   Code   RO         8529    .ARM.Collect$$libinit$$00000004  c_w.l(libinit2.o)
    0x08000252   0x00000000   Code   RO         8532    .ARM.Collect$$libinit$$0000000A  c_w.l(libinit2.o)
    0x08000252   0x00000000   Code   RO         8534    .ARM.Collect$$libinit$$0000000C  c_w.l(libinit2.o)
    0x08000252   0x00000000   Code   RO         8536    .ARM.Collect$$libinit$$0000000E  c_w.l(libinit2.o)
    0x08000252   0x00000000   Code   RO         8539    .ARM.Collect$$libinit$$00000011  c_w.l(libinit2.o)
    0x08000252   0x00000000   Code   RO         8541    .ARM.Collect$$libinit$$00000013  c_w.l(libinit2.o)
    0x08000252   0x00000000   Code   RO         8543    .ARM.Collect$$libinit$$00000015  c_w.l(libinit2.o)
    0x08000252   0x00000000   Code   RO         8545    .ARM.Collect$$libinit$$00000017  c_w.l(libinit2.o)
    0x08000252   0x00000000   Code   RO         8547    .ARM.Collect$$libinit$$00000019  c_w.l(libinit2.o)
    0x08000252   0x00000000   Code   RO         8549    .ARM.Collect$$libinit$$0000001B  c_w.l(libinit2.o)
    0x08000252   0x00000000   Code   RO         8551    .ARM.Collect$$libinit$$0000001D  c_w.l(libinit2.o)
    0x08000252   0x00000000   Code   RO         8553    .ARM.Collect$$libinit$$0000001F  c_w.l(libinit2.o)
    0x08000252   0x00000000   Code   RO         8555    .ARM.Collect$$libinit$$00000021  c_w.l(libinit2.o)
    0x08000252   0x00000000   Code   RO         8557    .ARM.Collect$$libinit$$00000023  c_w.l(libinit2.o)
    0x08000252   0x00000000   Code   RO         8559    .ARM.Collect$$libinit$$00000025  c_w.l(libinit2.o)
    0x08000252   0x00000000   Code   RO         8563    .ARM.Collect$$libinit$$0000002C  c_w.l(libinit2.o)
    0x08000252   0x00000000   Code   RO         8565    .ARM.Collect$$libinit$$0000002E  c_w.l(libinit2.o)
    0x08000252   0x00000000   Code   RO         8567    .ARM.Collect$$libinit$$00000030  c_w.l(libinit2.o)
    0x08000252   0x00000000   Code   RO         8569    .ARM.Collect$$libinit$$00000032  c_w.l(libinit2.o)
    0x08000252   0x00000002   Code   RO         8570    .ARM.Collect$$libinit$$00000033  c_w.l(libinit2.o)
    0x08000254   0x00000002   Code   RO         8598    .ARM.Collect$$libshutdown$$00000000  c_w.l(libshutdown.o)
    0x08000256   0x00000000   Code   RO         8625    .ARM.Collect$$libshutdown$$00000002  c_w.l(libshutdown2.o)
    0x08000256   0x00000000   Code   RO         8627    .ARM.Collect$$libshutdown$$00000004  c_w.l(libshutdown2.o)
    0x08000256   0x00000000   Code   RO         8630    .ARM.Collect$$libshutdown$$00000007  c_w.l(libshutdown2.o)
    0x08000256   0x00000000   Code   RO         8633    .ARM.Collect$$libshutdown$$0000000A  c_w.l(libshutdown2.o)
    0x08000256   0x00000000   Code   RO         8635    .ARM.Collect$$libshutdown$$0000000C  c_w.l(libshutdown2.o)
    0x08000256   0x00000000   Code   RO         8638    .ARM.Collect$$libshutdown$$0000000F  c_w.l(libshutdown2.o)
    0x08000256   0x00000002   Code   RO         8639    .ARM.Collect$$libshutdown$$00000010  c_w.l(libshutdown2.o)
    0x08000258   0x00000000   Code   RO         8372    .ARM.Collect$$rtentry$$00000000  c_w.l(__rtentry.o)
    0x08000258   0x00000000   Code   RO         8468    .ARM.Collect$$rtentry$$00000002  c_w.l(__rtentry2.o)
    0x08000258   0x00000006   Code   RO         8480    .ARM.Collect$$rtentry$$00000004  c_w.l(__rtentry4.o)
    0x0800025e   0x00000000   Code   RO         8470    .ARM.Collect$$rtentry$$00000009  c_w.l(__rtentry2.o)
    0x0800025e   0x00000004   Code   RO         8471    .ARM.Collect$$rtentry$$0000000A  c_w.l(__rtentry2.o)
    0x08000262   0x00000000   Code   RO         8473    .ARM.Collect$$rtentry$$0000000C  c_w.l(__rtentry2.o)
    0x08000262   0x00000008   Code   RO         8474    .ARM.Collect$$rtentry$$0000000D  c_w.l(__rtentry2.o)
    0x0800026a   0x00000002   Code   RO         8518    .ARM.Collect$$rtexit$$00000000  c_w.l(rtexit.o)
    0x0800026c   0x00000000   Code   RO         8574    .ARM.Collect$$rtexit$$00000002  c_w.l(rtexit2.o)
    0x0800026c   0x00000004   Code   RO         8575    .ARM.Collect$$rtexit$$00000003  c_w.l(rtexit2.o)
    0x08000270   0x00000006   Code   RO         8576    .ARM.Collect$$rtexit$$00000004  c_w.l(rtexit2.o)
    0x08000276   0x00000002   PAD
    0x08000278   0x000000b6   Code   RO         7973    .emb_text           port.o
    0x0800032e   0x00000002   PAD
    0x08000330   0x00000040   Code   RO         7033    .text               startup_stm32f40_41xxx.o
    0x08000370   0x00000002   Code   RO         8115    .text               c_w.l(use_no_semi_2.o)
    0x08000372   0x000000ee   Code   RO         8117    .text               c_w.l(lludivv7m.o)
    0x08000460   0x00000018   Code   RO         8123    .text               c_w.l(noretval__2printf.o)
    0x08000478   0x00000068   Code   RO         8127    .text               c_w.l(__printf.o)
    0x080004e0   0x00000052   Code   RO         8129    .text               c_w.l(_printf_str.o)
    0x08000532   0x00000002   PAD
    0x08000534   0x00000078   Code   RO         8131    .text               c_w.l(_printf_dec.o)
    0x080005ac   0x0000008a   Code   RO         8162    .text               c_w.l(rt_memcpy_v6.o)
    0x08000636   0x00000064   Code   RO         8164    .text               c_w.l(rt_memcpy_w.o)
    0x0800069a   0x00000010   Code   RO         8166    .text               c_w.l(aeabi_memset.o)
    0x080006aa   0x00000006   Code   RO         8168    .text               c_w.l(heapauxi.o)
    0x080006b0   0x00000002   Code   RO         8370    .text               c_w.l(use_no_semi.o)
    0x080006b2   0x00000016   Code   RO         8377    .text               c_w.l(_rserrno.o)
    0x080006c8   0x000000b2   Code   RO         8379    .text               c_w.l(_printf_intcommon.o)
    0x0800077a   0x00000002   PAD
    0x0800077c   0x00000030   Code   RO         8381    .text               c_w.l(_printf_char_common.o)
    0x080007ac   0x0000002c   Code   RO         8385    .text               c_w.l(_printf_char.o)
    0x080007d8   0x00000024   Code   RO         8387    .text               c_w.l(_printf_char_file.o)
    0x080007fc   0x00000044   Code   RO         8390    .text               c_w.l(rt_memclr.o)
    0x08000840   0x00000008   Code   RO         8487    .text               c_w.l(rt_errno_addr_intlibspace.o)
    0x08000848   0x00000008   Code   RO         8491    .text               c_w.l(ferror.o)
    0x08000850   0x0000004e   Code   RO         8495    .text               c_w.l(rt_memclr_w.o)
    0x0800089e   0x00000002   PAD
    0x080008a0   0x00000008   Code   RO         8499    .text               c_w.l(libspace.o)
    0x080008a8   0x0000004a   Code   RO         8502    .text               c_w.l(sys_stackheap_outer.o)
    0x080008f2   0x00000012   Code   RO         8504    .text               c_w.l(exit.o)
    0x08000904   0x00000084   Code   RO         1799    i.ADC1_Configuration  adc.o
    0x08000988   0x00000006   Code   RO         2313    i.ADC_ClearFlag     stm32f4xx_adc.o
    0x0800098e   0x00000016   Code   RO         2315    i.ADC_Cmd           stm32f4xx_adc.o
    0x080009a4   0x00000030   Code   RO         2316    i.ADC_CommonInit    stm32f4xx_adc.o
    0x080009d4   0x0000000c   Code   RO         2317    i.ADC_CommonStructInit  stm32f4xx_adc.o
    0x080009e0   0x00000008   Code   RO         2327    i.ADC_GetConversionValue  stm32f4xx_adc.o
    0x080009e8   0x00000012   Code   RO         2328    i.ADC_GetFlagStatus  stm32f4xx_adc.o
    0x080009fa   0x00000002   PAD
    0x080009fc   0x00000054   Code   RO         2335    i.ADC_Init          stm32f4xx_adc.o
    0x08000a50   0x0000003c   Code   RO         1800    i.ADC_Read          adc.o
    0x08000a8c   0x000000b8   Code   RO         2340    i.ADC_RegularChannelConfig  stm32f4xx_adc.o
    0x08000b44   0x0000000a   Code   RO         2342    i.ADC_SoftwareStartConv  stm32f4xx_adc.o
    0x08000b4e   0x00000014   Code   RO         2344    i.ADC_StructInit    stm32f4xx_adc.o
    0x08000b62   0x00000002   PAD
    0x08000b64   0x00000188   Code   RO         1614    i.AnoOF_DataAnl     ano_of.o
    0x08000cec   0x00000118   Code   RO         1615    i.AnoOF_GetOneByte  ano_of.o
    0x08000e04   0x0000009c   Code   RO          728    i.AutoflyTask       autoflytask.o
    0x08000ea0   0x00000138   Code   RO          729    i.AutoflyTask_CommitRef  autoflytask.o
    0x08000fd8   0x00000088   Code   RO          730    i.AutoflyTask_PathArbitrate  autoflytask.o
    0x08001060   0x000000fc   Code   RO          731    i.AutoflyTask_RunCircle  autoflytask.o
    0x0800115c   0x0000015c   Code   RO          732    i.AutoflyTask_RunFigure8  autoflytask.o
    0x080012b8   0x00000128   Code   RO          733    i.AutoflyTask_RunSinusoid  autoflytask.o
    0x080013e0   0x00000020   Code   RO          734    i.AutoflyTask_WaypointReset  autoflytask.o
    0x08001400   0x00000028   Code   RO            3    i.Autofly_Task      main.o
    0x08001428   0x00000040   Code   RO          383    i.BEEP_Init         led.o
    0x08001468   0x00000038   Code   RO          886    i.BMI088_Read_Acc_Data  bmi088_driver.o
    0x080014a0   0x00000030   Code   RO          887    i.BMI088_Read_Gyro_Data  bmi088_driver.o
    0x080014d0   0x0000002c   Code   RO          888    i.BMI088_Write_Acc_Data  bmi088_driver.o
    0x080014fc   0x0000002c   Code   RO          889    i.BMI088_Write_Gyro_Data  bmi088_driver.o
    0x08001528   0x00000088   Code   RO         1834    i.BSP_Init          bsp.o
    0x080015b0   0x0000007c   Code   RO          890    i.Butterworth30HzLPF  bmi088_driver.o
    0x0800162c   0x000000a4   Code   RO          891    i.Butterworth50HzLPF  bmi088_driver.o
    0x080016d0   0x0000002c   Code   RO         1418    i.CalHot_Init       calib.o
    0x080016fc   0x000001d4   Code   RO         1419    i.CalHot_Step       calib.o
    0x080018d0   0x00000034   Code   RO         1420    i.CalTrim_Init      calib.o
    0x08001904   0x000000f8   Code   RO         1421    i.CalTrim_Step      calib.o
    0x080019fc   0x000000f8   Code   RO          412    i.Check_Fly_Mode    remotertask.o
    0x08001af4   0x00000238   Code   RO          413    i.Check_Stick_Motion  remotertask.o
    0x08001d2c   0x00000064   Code   RO         1083    i.Clear_Structure   pid.o
    0x08001d90   0x00000682   Code   RO         1084    i.ComputePID        pid.o
    0x08002412   0x00000002   PAD
    0x08002414   0x00000264   Code   RO         1087    i.ComputeYawPID     pid.o
    0x08002678   0x000003e0   Code   RO          461    i.Compute_Motor     stabilizertask.o
    0x08002a58   0x0000002a   Code   RO          462    i.Constrain_Float   stabilizertask.o
    0x08002a82   0x00000002   PAD
    0x08002a84   0x00000028   Code   RO          589    i.DMA1_Stream3_IRQHandler  stm32f4xx_it.o
    0x08002aac   0x0000002c   Code   RO          590    i.DMA1_Stream6_IRQHandler  stm32f4xx_it.o
    0x08002ad8   0x00000028   Code   RO          591    i.DMA1_Stream7_IRQHandler  stm32f4xx_it.o
    0x08002b00   0x00000034   Code   RO         3252    i.DMA_ClearFlag     stm32f4xx_dma.o
    0x08002b34   0x00000034   Code   RO         3253    i.DMA_ClearITPendingBit  stm32f4xx_dma.o
    0x08002b68   0x00000016   Code   RO         3254    i.DMA_Cmd           stm32f4xx_dma.o
    0x08002b7e   0x00000002   PAD
    0x08002b80   0x00000158   Code   RO         3255    i.DMA_DeInit        stm32f4xx_dma.o
    0x08002cd8   0x00000014   Code   RO         3259    i.DMA_GetCmdStatus  stm32f4xx_dma.o
    0x08002cec   0x00000008   Code   RO         3260    i.DMA_GetCurrDataCounter  stm32f4xx_dma.o
    0x08002cf4   0x00000064   Code   RO         3264    i.DMA_GetITStatus   stm32f4xx_dma.o
    0x08002d58   0x0000003a   Code   RO         3265    i.DMA_ITConfig      stm32f4xx_dma.o
    0x08002d92   0x00000002   PAD
    0x08002d94   0x00000058   Code   RO         3266    i.DMA_Init          stm32f4xx_dma.o
    0x08002dec   0x000003fc   Code   RO          593    i.Decode_RX_Data_t265  stm32f4xx_it.o
    0x080031e8   0x000001e8   Code   RO         2016    i.DrvSbusGetOneByte  usart1.o
    0x080033d0   0x00000018   Code   RO          594    i.EXTI0_IRQHandler  stm32f4xx_it.o
    0x080033e8   0x00000018   Code   RO          595    i.EXTI1_IRQHandler  stm32f4xx_it.o
    0x08003400   0x0000002c   Code   RO          596    i.EXTI9_5_IRQHandler  stm32f4xx_it.o
    0x0800342c   0x0000000c   Code   RO         3512    i.EXTI_ClearITPendingBit  stm32f4xx_exti.o
    0x08003438   0x00000018   Code   RO         3516    i.EXTI_GetITStatus  stm32f4xx_exti.o
    0x08003450   0x00000094   Code   RO         3517    i.EXTI_Init         stm32f4xx_exti.o
    0x080034e4   0x00000148   Code   RO         1367    i.Ekf9_Init         ekf.o
    0x0800362c   0x0000021c   Code   RO         1368    i.Ekf9_Predict      ekf.o
    0x08003848   0x0000004a   Code   RO         1369    i.Ekf9_UpdateAccXY  ekf.o
    0x08003892   0x0000004a   Code   RO         1370    i.Ekf9_UpdateOf     ekf.o
    0x080038dc   0x000001b4   Code   RO         1371    i.Ekf9_UpdateZRate  ekf.o
    0x08003a90   0x000000b8   Code   RO         1532    i.FlightFSM_Event   flight_fsm.o
    0x08003b48   0x00000018   Code   RO         1533    i.FlightFSM_GetState  flight_fsm.o
    0x08003b60   0x00000090   Code   RO         3988    i.GPIO_Init         stm32f4xx_gpio.o
    0x08003bf0   0x00000046   Code   RO         3989    i.GPIO_PinAFConfig  stm32f4xx_gpio.o
    0x08003c36   0x00000004   Code   RO         3995    i.GPIO_ResetBits    stm32f4xx_gpio.o
    0x08003c3a   0x00000004   Code   RO         3996    i.GPIO_SetBits      stm32f4xx_gpio.o
    0x08003c3e   0x00000012   Code   RO         3997    i.GPIO_StructInit   stm32f4xx_gpio.o
    0x08003c50   0x00000220   Code   RO          892    i.GetOffset         bmi088_driver.o
    0x08003e70   0x0000024c   Code   RO          893    i.GetValue          bmi088_driver.o
    0x080040bc   0x0000005c   Code   RO          463    i.Get_Voltage       stabilizertask.o
    0x08004118   0x0000003c   Code   RO          820    i.GroundStation_AbortAllPaths  send_data.o
    0x08004154   0x00000070   Code   RO         1327    i.GyroFilter_Apply  gyro_filter.o
    0x080041c4   0x00000080   Code   RO         1328    i.GyroFilter_Init   gyro_filter.o
    0x08004244   0x00000030   Code   RO         1329    i.GyroFilter_SetCutoff  gyro_filter.o
    0x08004274   0x00000014   Code   RO         1330    i.GyroFilter_SetEnabled  gyro_filter.o
    0x08004288   0x00000120   Code   RO         2049    i.Handle_UART4_GroundStation_Command  usart4.o
    0x080043a8   0x00000120   Code   RO         2121    i.Handle_UART5_GroundStation_Command  usart5.o
    0x080044c8   0x00000028   Code   RO            4    i.IMUSample_Task    main.o
    0x080044f0   0x00000038   Code   RO            5    i.IMU_DataDeal_Task  main.o
    0x08004528   0x0000000c   Code   RO         1033    i.IMU_EstimatorReady  imu_update.o
    0x08004534   0x000006f0   Code   RO         1034    i.IMU_Update_Mahony  imu_update.o
    0x08004c24   0x00000030   Code   RO         1835    i.IRSensors_Init    bsp.o
    0x08004c54   0x00000088   Code   RO          384    i.LED_Init          led.o
    0x08004cdc   0x0000002c   Code   RO          894    i.Limit_Zero        bmi088_driver.o
    0x08004d08   0x00000194   Code   RO         1133    i.MRAC_Control      mrac.o
    0x08004e9c   0x00000064   Code   RO         1134    i.MRAC_GenerateStructuredBasis  mrac.o
    0x08004f00   0x0000041c   Code   RO         1135    i.MRAC_Init         mrac.o
    0x0800531c   0x00000140   Code   RO         1137    i.MRAC_ProjectGradient  mrac.o
    0x0800545c   0x00000138   Code   RO         1138    i.MRAC_Reset        mrac.o
    0x08005594   0x00000444   Code   RO         1139    i.MRAC_UpdateAxis   mrac.o
    0x080059d8   0x00000038   Code   RO         1199    i.MRAC_VectorNormSquare  mrac_math.o
    0x08005a10   0x00000078   Code   RO         2265    i.NVIC_Init         misc.o
    0x08005a88   0x00000014   Code   RO         2266    i.NVIC_PriorityGroupConfig  misc.o
    0x08005a9c   0x0000013c   Code   RO         1864    i.PWM_TIM3_Init     pwm.o
    0x08005bd8   0x000000f4   Code   RO         1865    i.PWM_TIM4_Init     pwm.o
    0x08005ccc   0x00000a9c   Code   RO          821    i.Process_GroundStation_Command  send_data.o
    0x08006768   0x00000020   Code   RO         4852    i.RCC_AHB1PeriphClockCmd  stm32f4xx_rcc.o
    0x08006788   0x00000020   Code   RO         4861    i.RCC_APB1PeriphClockCmd  stm32f4xx_rcc.o
    0x080067a8   0x00000020   Code   RO         4863    i.RCC_APB1PeriphResetCmd  stm32f4xx_rcc.o
    0x080067c8   0x00000020   Code   RO         4864    i.RCC_APB2PeriphClockCmd  stm32f4xx_rcc.o
    0x080067e8   0x00000020   Code   RO         4866    i.RCC_APB2PeriphResetCmd  stm32f4xx_rcc.o
    0x08006808   0x000000e8   Code   RO         4873    i.RCC_GetClocksFreq  stm32f4xx_rcc.o
    0x080068f0   0x0000013c   Code   RO         1457    i.RCInput_Get       rc_input.o
    0x08006a2c   0x0000000c   Code   RO         1458    i.RCInput_GetAuthority  rc_input.o
    0x08006a38   0x0000009c   Code   RO         1459    i.RCInput_IsActive  rc_input.o
    0x08006ad4   0x000000e4   Code   RO         1461    i.RCInput_SetAuthority  rc_input.o
    0x08006bb8   0x00000054   Code   RO         1462    i.RCInput_SetVirtualStick  rc_input.o
    0x08006c0c   0x000001f4   Code   RO         1463    i.RCInput_Update    rc_input.o
    0x08006e00   0x0000018c   Code   RO         1464    i.RCInput_UpdateNeutral  rc_input.o
    0x08006f8c   0x00000028   Code   RO         1937    i.RPM_DwtInit       rpm.o
    0x08006fb4   0x000000a8   Code   RO         1938    i.RPM_EdgeISR       rpm.o
    0x0800705c   0x00000094   Code   RO         1939    i.RPM_Get           rpm.o
    0x080070f0   0x000000fc   Code   RO         1940    i.RPM_GpioInit      rpm.o
    0x080071ec   0x00000010   Code   RO         1941    i.RPM_Init          rpm.o
    0x080071fc   0x0000003a   Code   RO         1942    i.RPM_NvicInit      rpm.o
    0x08007236   0x00000002   PAD
    0x08007238   0x00000028   Code   RO            6    i.Remoter_Task      main.o
    0x08007260   0x00000074   Code   RO          464    i.Reset_World_Origin  stabilizertask.o
    0x080072d4   0x00000214   Code   RO          735    i.SDK_Set_Gyroz     autoflytask.o
    0x080074e8   0x000003d0   Code   RO          736    i.SDK_Set_V_Loc     autoflytask.o
    0x080078b8   0x00000020   Code   RO          737    i.SDK_StateMachine_Init  autoflytask.o
    0x080078d8   0x00000244   Code   RO          738    i.SDK_StateMachine_Loop  autoflytask.o
    0x08007b1c   0x00000014   Code   RO          739    i.SDK_StateMachine_Reset  autoflytask.o
    0x08007b30   0x00000018   Code   RO         5969    i.SPI_Cmd           stm32f4xx_spi.o
    0x08007b48   0x00000114   Code   RO         1990    i.SPI_Configuration  spi.o
    0x08007c5c   0x000000b0   Code   RO         5976    i.SPI_I2S_DeInit    stm32f4xx_spi.o
    0x08007d0c   0x0000003c   Code   RO         5982    i.SPI_Init          stm32f4xx_spi.o
    0x08007d48   0x00000040   Code   RO         6130    i.SYSCFG_EXTILineConfig  stm32f4xx_syscfg.o
    0x08007d88   0x000014b0   Code   RO          822    i.Send_Groundstation_Telemetry_UART4  send_data.o
    0x08009238   0x00000058   Code   RO            7    i.Send_Task         main.o
    0x08009290   0x00000388   Code   RO          895    i.Sensor_Data_Prepare  bmi088_driver.o
    0x08009618   0x00000020   Code   RO         1866    i.SetBeep           pwm.o
    0x08009638   0x000000ec   Code   RO         6995    i.SetSysClock       system_stm32f4xx.o
    0x08009724   0x00000020   Code   RO         1869    i.Set_IDLE_Motors   pwm.o
    0x08009744   0x000000d8   Code   RO         1870    i.Set_PWM_Motors    pwm.o
    0x0800981c   0x00000020   Code   RO         1871    i.Set_Zero_Motors   pwm.o
    0x0800983c   0x00000038   Code   RO            8    i.Stabilizer_Task   main.o
    0x08009874   0x00000018   Code   RO         1223    i.SysID_Abort       sysid.o
    0x0800988c   0x0000000c   Code   RO         1224    i.SysID_GetAxis     sysid.o
    0x08009898   0x0000000c   Code   RO         1225    i.SysID_GetDither   sysid.o
    0x080098a4   0x0000000c   Code   RO         1226    i.SysID_GetRateSetpoint  sysid.o
    0x080098b0   0x0000000c   Code   RO         1227    i.SysID_GetState    sysid.o
    0x080098bc   0x00000038   Code   RO         1228    i.SysID_IsAxisActive  sysid.o
    0x080098f4   0x00000014   Code   RO         1229    i.SysID_SetGeofence  sysid.o
    0x08009908   0x00000360   Code   RO         1230    i.SysID_Start       sysid.o
    0x08009c68   0x000000cc   Code   RO         1231    i.SysID_Update      sysid.o
    0x08009d34   0x00000010   Code   RO          995    i.SysTick_Handler   delay.o
    0x08009d44   0x00000128   Code   RO          705    i.SystemErrorDetect  systemmonitor_task.o
    0x08009e6c   0x00000068   Code   RO         6997    i.SystemInit        system_stm32f4xx.o
    0x08009ed4   0x00000020   Code   RO            9    i.SystemMonitor_Task  main.o
    0x08009ef4   0x00000018   Code   RO         6187    i.TIM_ARRPreloadConfig  stm32f4xx_tim.o
    0x08009f0c   0x00000018   Code   RO         6199    i.TIM_Cmd           stm32f4xx_tim.o
    0x08009f24   0x0000001e   Code   RO         6201    i.TIM_CtrlPWMOutputs  stm32f4xx_tim.o
    0x08009f42   0x00000002   PAD
    0x08009f44   0x0000007c   Code   RO         6228    i.TIM_OC1Init       stm32f4xx_tim.o
    0x08009fc0   0x00000012   Code   RO         6231    i.TIM_OC1PreloadConfig  stm32f4xx_tim.o
    0x08009fd2   0x00000002   PAD
    0x08009fd4   0x000000a4   Code   RO         6233    i.TIM_OC2Init       stm32f4xx_tim.o
    0x0800a078   0x0000001a   Code   RO         6236    i.TIM_OC2PreloadConfig  stm32f4xx_tim.o
    0x0800a092   0x00000002   PAD
    0x0800a094   0x000000a0   Code   RO         6238    i.TIM_OC3Init       stm32f4xx_tim.o
    0x0800a134   0x00000078   Code   RO         6243    i.TIM_OC4Init       stm32f4xx_tim.o
    0x0800a1ac   0x00000014   Code   RO         6246    i.TIM_OCStructInit  stm32f4xx_tim.o
    0x0800a1c0   0x00000004   Code   RO         6263    i.TIM_SetCompare3   stm32f4xx_tim.o
    0x0800a1c4   0x00000084   Code   RO         6271    i.TIM_TimeBaseInit  stm32f4xx_tim.o
    0x0800a248   0x00000012   Code   RO         6272    i.TIM_TimeBaseStructInit  stm32f4xx_tim.o
    0x0800a25a   0x00000002   PAD
    0x0800a25c   0x00000054   Code   RO          597    i.UART4_IRQHandler  stm32f4xx_it.o
    0x0800a2b0   0x000001c0   Code   RO         2122    i.UART5_Configuration  usart5.o
    0x0800a470   0x0000004c   Code   RO          598    i.UART5_IRQHandler  stm32f4xx_it.o
    0x0800a4bc   0x000000b8   Code   RO         2017    i.USART1_Configuration  usart1.o
    0x0800a574   0x00000038   Code   RO          599    i.USART1_IRQHandler  stm32f4xx_it.o
    0x0800a5ac   0x000000b4   Code   RO         2083    i.USART2_Configuration  usart2.o
    0x0800a660   0x0000004c   Code   RO          600    i.USART2_IRQHandler  stm32f4xx_it.o
    0x0800a6ac   0x000001a4   Code   RO         2155    i.USART3_Configuration  usart3.o
    0x0800a850   0x00000028   Code   RO          601    i.USART3_IRQHandler  stm32f4xx_it.o
    0x0800a878   0x00000002   Code   RO          602    i.USART6_IRQHandler  stm32f4xx_it.o
    0x0800a87a   0x0000001e   Code   RO         6746    i.USART_ClearITPendingBit  stm32f4xx_usart.o
    0x0800a898   0x00000018   Code   RO         6749    i.USART_Cmd         stm32f4xx_usart.o
    0x0800a8b0   0x00000012   Code   RO         6750    i.USART_DMACmd      stm32f4xx_usart.o
    0x0800a8c2   0x00000002   PAD
    0x0800a8c4   0x000000f0   Code   RO         6751    i.USART_DeInit      stm32f4xx_usart.o
    0x0800a9b4   0x00000054   Code   RO         6753    i.USART_GetITStatus  stm32f4xx_usart.o
    0x0800aa08   0x0000004a   Code   RO         6755    i.USART_ITConfig    stm32f4xx_usart.o
    0x0800aa52   0x00000002   PAD
    0x0800aa54   0x000000d4   Code   RO         6756    i.USART_Init        stm32f4xx_usart.o
    0x0800ab28   0x000000b6   Code   RO          603    i.USART_Receive     stm32f4xx_it.o
    0x0800abde   0x00000002   PAD
    0x0800abe0   0x00000768   Code   RO          465    i.Update_Data       stabilizertask.o
    0x0800b348   0x000006e4   Code   RO          466    i.Update_Des        stabilizertask.o
    0x0800ba2c   0x00000260   Code   RO          467    i.Update_Motor      stabilizertask.o
    0x0800bc8c   0x0000001c   Code   RO         1801    i.Voltage_Calculation  adc.o
    0x0800bca8   0x00000030   Code   RO         8432    i.__ARM_fpclassify  m_wm.l(fpclassify.o)
    0x0800bcd8   0x00000026   Code   RO         8434    i.__ARM_fpclassifyf  m_wm.l(fpclassifyf.o)
    0x0800bcfe   0x00000012   Code   RO          468    i.__ARM_isfinitef   stabilizertask.o
    0x0800bd10   0x0000012c   Code   RO         8208    i.__hardfp_asinf    m_wm.l(asinf.o)
    0x0800be3c   0x00000250   Code   RO         8220    i.__hardfp_atan2f   m_wm.l(atan2f.o)
    0x0800c08c   0x00000004   PAD
    0x0800c090   0x000000c8   Code   RO         8232    i.__hardfp_cos      m_wm.l(cos.o)
    0x0800c158   0x00000150   Code   RO         8244    i.__hardfp_cosf     m_wm.l(cosf.o)
    0x0800c2a8   0x000001e8   Code   RO         8256    i.__hardfp_expf     m_wm.l(expf.o)
    0x0800c490   0x00000c50   Code   RO         8270    i.__hardfp_pow      m_wm.l(pow.o)
    0x0800d0e0   0x00000664   Code   RO         8284    i.__hardfp_powf     m_wm.l(powf.o)
    0x0800d744   0x00000004   PAD
    0x0800d748   0x000000c8   Code   RO         8298    i.__hardfp_sin      m_wm.l(sin.o)
    0x0800d810   0x00000190   Code   RO         8310    i.__hardfp_sinf     m_wm.l(sinf.o)
    0x0800d9a0   0x0000007a   Code   RO         8322    i.__hardfp_sqrt     m_wm.l(sqrt.o)
    0x0800da1a   0x0000003a   Code   RO         8334    i.__hardfp_sqrtf    m_wm.l(sqrtf.o)
    0x0800da54   0x0000017c   Code   RO         8346    i.__hardfp_tanf     m_wm.l(tanf.o)
    0x0800dbd0   0x000000e4   Code   RO         8358    i.__hardfp_tanhf    m_wm.l(tanhf.o)
    0x0800dcb4   0x00000004   PAD
    0x0800dcb8   0x00000438   Code   RO         8453    i.__ieee754_rem_pio2  m_wm.l(rred.o)
    0x0800e0f0   0x00000170   Code   RO         8409    i.__kernel_cos      m_wm.l(cos_i.o)
    0x0800e260   0x000000f8   Code   RO         8450    i.__kernel_poly     m_wm.l(poly.o)
    0x0800e358   0x00000130   Code   RO         8461    i.__kernel_sin      m_wm.l(sin_i.o)
    0x0800e488   0x00000030   Code   RO         8412    i.__mathlib_dbl_divzero  m_wm.l(dunder.o)
    0x0800e4b8   0x00000014   Code   RO         8413    i.__mathlib_dbl_infnan  m_wm.l(dunder.o)
    0x0800e4cc   0x00000014   Code   RO         8414    i.__mathlib_dbl_infnan2  m_wm.l(dunder.o)
    0x0800e4e0   0x00000020   Code   RO         8415    i.__mathlib_dbl_invalid  m_wm.l(dunder.o)
    0x0800e500   0x00000020   Code   RO         8416    i.__mathlib_dbl_overflow  m_wm.l(dunder.o)
    0x0800e520   0x00000020   Code   RO         8418    i.__mathlib_dbl_underflow  m_wm.l(dunder.o)
    0x0800e540   0x00000014   Code   RO         8436    i.__mathlib_flt_divzero  m_wm.l(funder.o)
    0x0800e554   0x00000006   Code   RO         8437    i.__mathlib_flt_infnan  m_wm.l(funder.o)
    0x0800e55a   0x00000006   Code   RO         8438    i.__mathlib_flt_infnan2  m_wm.l(funder.o)
    0x0800e560   0x00000010   Code   RO         8439    i.__mathlib_flt_invalid  m_wm.l(funder.o)
    0x0800e570   0x00000010   Code   RO         8440    i.__mathlib_flt_overflow  m_wm.l(funder.o)
    0x0800e580   0x00000010   Code   RO         8442    i.__mathlib_flt_underflow  m_wm.l(funder.o)
    0x0800e590   0x00000154   Code   RO         8458    i.__mathlib_rredf2  m_wm.l(rredf.o)
    0x0800e6e4   0x00000004   Code   RO          350    i._sys_exit         retarget.o
    0x0800e6e8   0x00000124   Code   RO          469    i.accel_to_lean_angles  stabilizertask.o
    0x0800e80c   0x00000124   Code   RO         1331    i.biquad_design     gyro_filter.o
    0x0800e930   0x00000180   Code   RO          896    i.bmi088_init       bmi088_driver.o
    0x0800eab0   0x00000044   Code   RO          823    i.crc16_xmodem      send_data.o
    0x0800eaf4   0x0000001c   Code   RO          997    i.delay_ms          delay.o
    0x0800eb10   0x00000018   Code   RO         8428    i.fabs              m_wm.l(fabs.o)
    0x0800eb28   0x00000038   Code   RO          470    i.fast_atan         stabilizertask.o
    0x0800eb60   0x00000002   Code   RO          351    i.fputc             retarget.o
    0x0800eb62   0x00000002   PAD
    0x0800eb64   0x0000003c   Code   RO         1035    i.invSqrt           imu_update.o
    0x0800eba0   0x000000e8   Code   RO          897    i.leastSquareLinearFit  bmi088_driver.o
    0x0800ec88   0x00000038   Code   RO           10    i.main              main.o
    0x0800ecc0   0x00000098   Code   RO         7467    i.prvAddCurrentTaskToDelayedList  tasks.o
    0x0800ed58   0x000000b8   Code   RO         7468    i.prvAddNewTaskToReadyList  tasks.o
    0x0800ee10   0x00000064   Code   RO         7835    i.prvCheckForValidListAndQueue  timers.o
    0x0800ee74   0x00000064   Code   RO         7469    i.prvCheckTasksWaitingTermination  tasks.o
    0x0800eed8   0x0000002a   Code   RO         7223    i.prvCopyDataFromQueue  queue.o
    0x0800ef02   0x0000007c   Code   RO         7224    i.prvCopyDataToQueue  queue.o
    0x0800ef7e   0x00000012   Code   RO         7470    i.prvDeleteTCB      tasks.o
    0x0800ef90   0x00000028   Code   RO         7836    i.prvGetNextExpireTime  timers.o
    0x0800efb8   0x0000007c   Code   RO         8058    i.prvHeapInit       heap_4.o
    0x0800f034   0x00000028   Code   RO         7471    i.prvIdleTask       tasks.o
    0x0800f05c   0x0000002e   Code   RO         7226    i.prvInitialiseNewQueue  queue.o
    0x0800f08a   0x00000002   PAD
    0x0800f08c   0x000000d0   Code   RO         7472    i.prvInitialiseNewTask  tasks.o
    0x0800f15c   0x00000068   Code   RO         7473    i.prvInitialiseTaskLists  tasks.o
    0x0800f1c4   0x00000068   Code   RO         8059    i.prvInsertBlockIntoFreeList  heap_4.o
    0x0800f22c   0x00000058   Code   RO         7838    i.prvInsertTimerInActiveList  timers.o
    0x0800f284   0x0000001a   Code   RO         7227    i.prvIsQueueEmpty   queue.o
    0x0800f29e   0x0000001e   Code   RO         7228    i.prvIsQueueFull    queue.o
    0x0800f2bc   0x000000a0   Code   RO         7229    i.prvNotifyQueueSetContainer  queue.o
    0x0800f35c   0x00000080   Code   RO         7839    i.prvProcessExpiredTimer  timers.o
    0x0800f3dc   0x0000012c   Code   RO         7840    i.prvProcessReceivedCommands  timers.o
    0x0800f508   0x00000074   Code   RO         7841    i.prvProcessTimerOrBlockTask  timers.o
    0x0800f57c   0x00000034   Code   RO         7475    i.prvResetNextTaskUnblockTime  tasks.o
    0x0800f5b0   0x0000002c   Code   RO         7842    i.prvSampleTimeNow  timers.o
    0x0800f5dc   0x000000bc   Code   RO         7843    i.prvSwitchTimerLists  timers.o
    0x0800f698   0x00000074   Code   RO         7974    i.prvTaskExitError  port.o
    0x0800f70c   0x0000001a   Code   RO         7844    i.prvTimerTask      timers.o
    0x0800f726   0x00000092   Code   RO         7230    i.prvUnlockQueue    queue.o
    0x0800f7b8   0x00000154   Code   RO         8060    i.pvPortMalloc      heap_4.o
    0x0800f90c   0x00000020   Code   RO         7479    i.pvTaskIncrementMutexHeldCount  tasks.o
    0x0800f92c   0x0000002c   Code   RO         7975    i.pxPortInitialiseStack  port.o
    0x0800f958   0x000002a4   Code   RO          414    i.remoter_task      remotertask.o
    0x0800fbfc   0x0000029c   Code   RO         1372    i.s_Update2x2       ekf.o
    0x0800fe98   0x0000002a   Code   RO         1465    i.s_clamp           rc_input.o
    0x0800fec2   0x00000002   PAD
    0x0800fec4   0x00000020   Code   RO         1466    i.s_normalize       rc_input.o
    0x0800fee4   0x0000002c   Code   RO         1535    i.s_sync            flight_fsm.o
    0x0800ff10   0x00000218   Code   RO          824    i.send_to_linux     send_data.o
    0x08010128   0x00000030   Code   RO         1991    i.spi2_read_write_byte  spi.o
    0x08010158   0x0000006e   Code   RO         8324    i.sqrt              m_wm.l(sqrt.o)
    0x080101c6   0x0000003e   Code   RO         8336    i.sqrtf             m_wm.l(sqrtf.o)
    0x08010204   0x000000b0   Code   RO          472    i.stabilizer_Task   stabilizertask.o
    0x080102b4   0x00000160   Code   RO           11    i.start_task        main.o
    0x08010414   0x00000108   Code   RO         1233    i.sysid_abort_condition  sysid.o
    0x0801051c   0x0000003c   Code   RO         1234    i.sysid_amp_max     sysid.o
    0x08010558   0x00000060   Code   RO         1235    i.sysid_enter_recovery  sysid.o
    0x080105b8   0x000000f8   Code   RO         1236    i.sysid_envelope    sysid.o
    0x080106b0   0x00000028   Code   RO         1237    i.sysid_finish      sysid.o
    0x080106d8   0x00000154   Code   RO         1238    i.sysid_signal_raw  sysid.o
    0x0801082c   0x000000d4   Code   RO          825    i.usart3_send       send_data.o
    0x08010900   0x00000028   Code   RO         7178    i.uxListRemove      list.o
    0x08010928   0x0000001a   Code   RO         7179    i.vListInitialise   list.o
    0x08010942   0x00000006   Code   RO         7180    i.vListInitialiseItem  list.o
    0x08010948   0x00000034   Code   RO         7181    i.vListInsert       list.o
    0x0801097c   0x00000018   Code   RO         7182    i.vListInsertEnd    list.o
    0x08010994   0x00000088   Code   RO         7977    i.vPortEnterCritical  port.o
    0x08010a1c   0x00000070   Code   RO         7978    i.vPortExitCritical  port.o
    0x08010a8c   0x000000b8   Code   RO         8061    i.vPortFree         heap_4.o
    0x08010b44   0x00000020   Code   RO         7979    i.vPortSetupTimerInterrupt  port.o
    0x08010b64   0x000000a0   Code   RO         7980    i.vPortValidateInterruptPriority  port.o
    0x08010c04   0x0000002c   Code   RO         7236    i.vQueueAddToRegistry  queue.o
    0x08010c30   0x0000004a   Code   RO         7240    i.vQueueWaitForMessageRestricted  queue.o
    0x08010c7a   0x00000002   PAD
    0x08010c7c   0x00000074   Code   RO         7487    i.vTaskDelay        tasks.o
    0x08010cf0   0x000000dc   Code   RO         7488    i.vTaskDelayUntil   tasks.o
    0x08010dcc   0x0000010c   Code   RO         7489    i.vTaskDelete       tasks.o
    0x08010ed8   0x0000000c   Code   RO         7493    i.vTaskMissedYield  tasks.o
    0x08010ee4   0x00000054   Code   RO         7495    i.vTaskPlaceOnEventList  tasks.o
    0x08010f38   0x0000005c   Code   RO         7496    i.vTaskPlaceOnEventListRestricted  tasks.o
    0x08010f94   0x000000b0   Code   RO         7498    i.vTaskPriorityInherit  tasks.o
    0x08011044   0x0000004c   Code   RO         7502    i.vTaskSetTimeOutState  tasks.o
    0x08011090   0x000000ac   Code   RO         7503    i.vTaskStartScheduler  tasks.o
    0x0801113c   0x00000010   Code   RO         7505    i.vTaskSuspendAll   tasks.o
    0x0801114c   0x000000a8   Code   RO         7506    i.vTaskSwitchContext  tasks.o
    0x080111f4   0x0000015c   Code   RO         7981    i.xPortStartScheduler  port.o
    0x08011350   0x00000034   Code   RO         7982    i.xPortSysTickHandler  port.o
    0x08011384   0x00000074   Code   RO         7245    i.xQueueGenericCreate  queue.o
    0x080113f8   0x000001c8   Code   RO         7246    i.xQueueGenericReceive  queue.o
    0x080115c0   0x000000b0   Code   RO         7247    i.xQueueGenericReset  queue.o
    0x08011670   0x000001c4   Code   RO         7248    i.xQueueGenericSend  queue.o
    0x08011834   0x00000110   Code   RO         7249    i.xQueueGenericSendFromISR  queue.o
    0x08011944   0x000000a0   Code   RO         7507    i.xTaskCheckForTimeOut  tasks.o
    0x080119e4   0x00000060   Code   RO         7508    i.xTaskCreate       tasks.o
    0x08011a44   0x00000020   Code   RO         7512    i.xTaskGetSchedulerState  tasks.o
    0x08011a64   0x0000000c   Code   RO         7513    i.xTaskGetTickCount  tasks.o
    0x08011a70   0x00000014   Code   RO         7514    i.xTaskGetTickCountFromISR  tasks.o
    0x08011a84   0x00000160   Code   RO         7515    i.xTaskIncrementTick  tasks.o
    0x08011be4   0x000000d8   Code   RO         7518    i.xTaskPriorityDisinherit  tasks.o
    0x08011cbc   0x000000b4   Code   RO         7519    i.xTaskRemoveFromEventList  tasks.o
    0x08011d70   0x00000120   Code   RO         7521    i.xTaskResumeAll    tasks.o
    0x08011e90   0x00000074   Code   RO         7848    i.xTimerCreateTimerTask  timers.o
    0x08011f04   0x000000a4   Code   RO         7849    i.xTimerGenericCommand  timers.o
    0x08011fa8   0x00000018   Code   RO         8172    x$fpl$basic         fz_wm.l(basic.o)
    0x08011fc0   0x00000062   Code   RO         8174    x$fpl$d2f           fz_wm.l(d2f.o)
    0x08012022   0x00000002   PAD
    0x08012024   0x00000150   Code   RO         8176    x$fpl$dadd          fz_wm.l(daddsub_clz.o)
    0x08012174   0x00000010   Code   RO         8497    x$fpl$dcheck1       fz_wm.l(dcheck1.o)
    0x08012184   0x00000018   Code   RO         8392    x$fpl$dcmpinf       fz_wm.l(dcmpi.o)
    0x0801219c   0x000002b0   Code   RO         8183    x$fpl$ddiv          fz_wm.l(ddiv.o)
    0x0801244c   0x0000005e   Code   RO         8186    x$fpl$dfix          fz_wm.l(dfix.o)
    0x080124aa   0x00000002   PAD
    0x080124ac   0x0000005a   Code   RO         8190    x$fpl$dfixu         fz_wm.l(dfixu.o)
    0x08012506   0x0000002e   Code   RO         8195    x$fpl$dflt          fz_wm.l(dflt_clz.o)
    0x08012534   0x00000026   Code   RO         8194    x$fpl$dfltu         fz_wm.l(dflt_clz.o)
    0x0801255a   0x00000002   PAD
    0x0801255c   0x00000078   Code   RO         8200    x$fpl$dleqf         fz_wm.l(dleqf.o)
    0x080125d4   0x00000154   Code   RO         8202    x$fpl$dmul          fz_wm.l(dmul.o)
    0x08012728   0x0000009c   Code   RO         8394    x$fpl$dnaninf       fz_wm.l(dnaninf.o)
    0x080127c4   0x0000000c   Code   RO         8396    x$fpl$dretinf       fz_wm.l(dretinf.o)
    0x080127d0   0x0000006c   Code   RO         8204    x$fpl$drleqf        fz_wm.l(drleqf.o)
    0x0801283c   0x00000016   Code   RO         8177    x$fpl$drsb          fz_wm.l(daddsub_clz.o)
    0x08012852   0x00000002   PAD
    0x08012854   0x00000198   Code   RO         8398    x$fpl$dsqrt         fz_wm.l(dsqrt_umaal.o)
    0x080129ec   0x000001d4   Code   RO         8178    x$fpl$dsub          fz_wm.l(daddsub_clz.o)
    0x08012bc0   0x00000056   Code   RO         8206    x$fpl$f2d           fz_wm.l(f2d.o)
    0x08012c16   0x0000008c   Code   RO         8400    x$fpl$fnaninf       fz_wm.l(fnaninf.o)
    0x08012ca2   0x0000000a   Code   RO         8586    x$fpl$fpinit        fz_wm.l(fpinit.o)
    0x08012cac   0x0000000a   Code   RO         8402    x$fpl$fretinf       fz_wm.l(fretinf.o)
    0x08012cb6   0x00000064   Code   RO         8516    x$fpl$retnan        fz_wm.l(retnan.o)
    0x08012d1a   0x0000005c   Code   RO         8406    x$fpl$scalbn        fz_wm.l(scalbn.o)
    0x08012d76   0x00000030   Code   RO         8571    x$fpl$trapveneer    fz_wm.l(trapv.o)
    0x08012da6   0x00000000   Code   RO         8408    x$fpl$usenofp       fz_wm.l(usenofp.o)
    0x08012da6   0x00000002   PAD
    0x08012da8   0x00000040   Data   RO          827    .constdata          send_data.o
    0x08012de8   0x000000a8   Data   RO         1141    .constdata          mrac.o
    0x08012e90   0x00000030   Data   RO         8259    .constdata          m_wm.l(expf.o)
    0x08012ec0   0x00000088   Data   RO         8273    .constdata          m_wm.l(pow.o)
    0x08012f48   0x00000140   Data   RO         8287    .constdata          m_wm.l(powf.o)
    0x08013088   0x00000030   Data   RO         8410    .constdata          m_wm.l(cos_i.o)
    0x080130b8   0x00000008   Data   RO         8452    .constdata          m_wm.l(qnan.o)
    0x080130c0   0x000000c8   Data   RO         8455    .constdata          m_wm.l(rred.o)
    0x08013188   0x00000020   Data   RO         8459    .constdata          m_wm.l(rredf.o)
    0x080131a8   0x00000028   Data   RO         8462    .constdata          m_wm.l(sin_i.o)
    0x080131d0   0x00000020   Data   RO         8640    Region$$Table       anon$$obj.o


    Execution Region RW_IRAM1 (Base: 0x20000000, Size: 0x0001b380, Max: 0x00020000, ABSOLUTE, COMPRESSED[0x0000019c])

    Base Addr    Size         Type   Attr      Idx    E Section Name        Object

    0x20000000   0x00000020   Data   RW           12    .data               main.o
    0x20000020   0x00000004   Data   RW          352    .data               retarget.o
    0x20000024   0x00000007   Data   RW          416    .data               remotertask.o
    0x2000002b   0x00000001   PAD
    0x2000002c   0x0000006e   Data   RW          475    .data               stabilizertask.o
    0x2000009a   0x00000002   PAD
    0x2000009c   0x00000024   Data   RW          604    .data               stm32f4xx_it.o
    0x200000c0   0x00000050   Data   RW          741    .data               autoflytask.o
    0x20000110   0x00000024   Data   RW          828    .data               send_data.o
    0x20000134   0x00000144   Data   RW          899    .data               bmi088_driver.o
    0x20000278   0x000000d0   Data   RW         1036    .data               imu_update.o
    0x20000348   0x00000460   Data   RW         1088    .data               pid.o
    0x200007a8   0x00000035   Data   RW         1240    .data               sysid.o
    0x200007dd   0x00000003   PAD
    0x200007e0   0x00000005   Data   RW         1333    .data               gyro_filter.o
    0x200007e5   0x00000003   PAD
    0x200007e8   0x00000010   Data   RW         1468    .data               rc_input.o
    0x200007f8   0x00000002   Data   RW         1536    .data               flight_fsm.o
    0x200007fa   0x00000003   Data   RW         1617    .data               ano_of.o
    0x200007fd   0x00000001   PAD
    0x200007fe   0x00000008   Data   RW         1872    .data               pwm.o
    0x20000806   0x00000002   Data   RW         2019    .data               usart1.o
    0x20000808   0x00000024   Data   RW         2052    .data               usart4.o
    0x2000082c   0x0000001c   Data   RW         2124    .data               usart5.o
    0x20000848   0x00000035   Data   RW         2183    .data               global_declare.o
    0x2000087d   0x00000010   Data   RW         4905    .data               stm32f4xx_rcc.o
    0x2000088d   0x00000003   PAD
    0x20000890   0x00000014   Data   RW         6998    .data               system_stm32f4xx.o
    0x200008a4   0x0000003c   Data   RW         7524    .data               tasks.o
    0x200008e0   0x00000014   Data   RW         7857    .data               timers.o
    0x200008f4   0x0000000c   Data   RW         7983    .data               port.o
    0x20000900   0x00000018   Data   RW         8066    .data               heap_4.o
    0x20000918   0x00000010   Zero   RW          415    .bss                remotertask.o
    0x20000928   0x00000058   Zero   RW          473    .bss                stabilizertask.o
    0x20000980   0x00000320   Zero   RW          740    .bss                autoflytask.o
    0x20000ca0   0x000004cc   Zero   RW          826    .bss                send_data.o
    0x2000116c   0x00013a18   Zero   RW          898    .bss                bmi088_driver.o
    0x20014b84   0x00000490   Zero   RW         1140    .bss                mrac.o
    0x20015014   0x000000f0   Zero   RW         1239    .bss                sysid.o
    0x20015104   0x00000060   Zero   RW         1332    .bss                gyro_filter.o
    0x20015164   0x00000288   Zero   RW         1373    .bss                ekf.o
    0x200153ec   0x0000000c   Zero   RW         1422    .bss                calib.o
    0x200153f8   0x0000003c   Zero   RW         1467    .bss                rc_input.o
    0x20015434   0x000000ac   Zero   RW         1616    .bss                ano_of.o
    0x200154e0   0x000000a0   Zero   RW         1943    .bss                rpm.o
    0x20015580   0x00000039   Zero   RW         2018    .bss                usart1.o
    0x200155b9   0x00000003   PAD
    0x200155bc   0x00000238   Zero   RW         2051    .bss                usart4.o
    0x200157f4   0x00000100   Zero   RW         2123    .bss                usart5.o
    0x200158f4   0x00000004   PAD
    0x200158f8   0x000000dc   Zero   RW         2182    .bss                global_declare.o
    0x200159d4   0x00000040   Zero   RW         7260    .bss                queue.o
    0x20015a14   0x000002e4   Zero   RW         7523    .bss                tasks.o
    0x20015cf8   0x00000028   Zero   RW         7856    .bss                timers.o
    0x20015d20   0x00005000   Zero   RW         8065    .bss                heap_4.o
    0x2001ad20   0x00000060   Zero   RW         8500    .bss                c_w.l(libspace.o)
    0x2001ad80   0x00000200   Zero   RW         7031    HEAP                startup_stm32f40_41xxx.o
    0x2001af80   0x00000400   Zero   RW         7030    STACK               startup_stm32f40_41xxx.o


==============================================================================

Image component sizes


      Code (inc. data)   RO Data    RW Data    ZI Data      Debug   Object Name

       220         22          0          0          0       1910   adc.o
       672         42          0          3        172       3360   ano_of.o
      3672        384          0         80        800      11227   autoflytask.o
      3176        362          0        324      80408      13876   bmi088_driver.o
       184         22          0          0          0       1112   bsp.o
       812         44          0          0         12       4222   calib.o
        44          0          0          0          0       1133   delay.o
      2120         50          0          0        648       6773   ekf.o
         0          0          0          0          0      11912   event_groups.o
       252         18          0          2          0       3210   flight_fsm.o
         0          0          0         53        220       5014   global_declare.o
       600         66          0          5         96       4556   gyro_filter.o
       752        176          0         24      20480       4179   heap_4.o
      1848        198          0        208          0       4146   imu_update.o
       200         14          0          0          0       1147   led.o
       148          0          0          0          0       3430   list.o
       760        240          0         32          0     347985   main.o
       140         24          0          0          0       1639   misc.o
      3280        166        168          0       1168      10093   mrac.o
        56          4          0          0          0        728   mrac_math.o
      2378         20          0       1120          0       2904   pid.o
      1182        396          0         12          0      11297   port.o
       872         44          0          8          0       4529   pwm.o
      2164        238          0          0         64      16413   queue.o
      1766        204          0         16         60       8014   rc_input.o
      1492        110          0          7         16       4786   remotertask.o
         6          0          0          4          0       2898   retarget.o
       682         58          0          0        160       4746   rpm.o
      8888        610         64         36       1228      12919   send_data.o
       324         18          0          0          0       1327   spi.o
      6052        658          0        110         88      19607   stabilizertask.o
        64         26        392          0       1536        888   startup_stm32f40_41xxx.o
       412         24          0          0          0       7562   stm32f4xx_adc.o
       744         72          0          0          0       7311   stm32f4xx_dma.o
       184         16          0          0          0       2232   stm32f4xx_exti.o
       240          0          0          0          0       3625   stm32f4xx_gpio.o
      1752        114          0         36          0       9634   stm32f4xx_it.o
       392         48          0         16          0       6073   stm32f4xx_rcc.o
       260         24          0          0          0       2510   stm32f4xx_spi.o
        64          4          0          0          0        688   stm32f4xx_syscfg.o
       864         66          0          0          0       9205   stm32f4xx_tim.o
       682         42          0          0          0       5910   stm32f4xx_usart.o
      2264        366          0         53        240      11155   sysid.o
       340         32          0         20          0       1993   system_stm32f4xx.o
       296         20          0          0          0        696   systemmonitor_task.o
      3646        932          0         60        740      32236   tasks.o
      1310        312          0         20         40       9291   timers.o
       672         40          0          2         57       2246   usart1.o
       180         16          0          0          0        699   usart2.o
       420         16          0          0          0        907   usart3.o
       288         24          0         36        568       2060   usart4.o
       736         46          0         28        256       2885   usart5.o

    ----------------------------------------------------------------------
     60590       6428        656       2328     109064     650898   Object Totals
         0          0         32          0          0          0   (incl. Generated)
        38          0          0         13          7          0   (incl. Padding)

    ----------------------------------------------------------------------

      Code (inc. data)   RO Data    RW Data    ZI Data      Debug   Library Member Name

        90          0          0          0          0          0   __dczerorl2.o
         8          0          0          0          0         68   __main.o
       104          0          0          0          0         84   __printf.o
         0          0          0          0          0          0   __rtentry.o
        12          0          0          0          0          0   __rtentry2.o
         6          0          0          0          0          0   __rtentry4.o
        52          8          0          0          0          0   __scatter.o
        28          0          0          0          0          0   __scatter_zi.o
        44          0          0          0          0        108   _printf_char.o
        48          6          0          0          0         96   _printf_char_common.o
        36          4          0          0          0         80   _printf_char_file.o
         6          0          0          0          0          0   _printf_d.o
       120         16          0          0          0         92   _printf_dec.o
       178          0          0          0          0         88   _printf_intcommon.o
         0          0          0          0          0          0   _printf_percent.o
         4          0          0          0          0          0   _printf_percent_end.o
         6          0          0          0          0          0   _printf_s.o
        82          0          0          0          0         80   _printf_str.o
        22          0          0          0          0        100   _rserrno.o
        16          0          0          0          0         68   aeabi_memset.o
        18          0          0          0          0         80   exit.o
         8          0          0          0          0         68   ferror.o
         6          0          0          0          0        152   heapauxi.o
         2          0          0          0          0          0   libinit.o
         6          0          0          0          0          0   libinit2.o
         2          0          0          0          0          0   libshutdown.o
         2          0          0          0          0          0   libshutdown2.o
         8          4          0          0         96         68   libspace.o
       238          0          0          0          0        100   lludivv7m.o
        24          4          0          0          0         84   noretval__2printf.o
         8          4          0          0          0         68   rt_errno_addr_intlibspace.o
        68          0          0          0          0         68   rt_memclr.o
        78          0          0          0          0         80   rt_memclr_w.o
       138          0          0          0          0         68   rt_memcpy_v6.o
       100          0          0          0          0         80   rt_memcpy_w.o
         2          0          0          0          0          0   rtexit.o
        10          0          0          0          0          0   rtexit2.o
        74          0          0          0          0         80   sys_stackheap_outer.o
         2          0          0          0          0         68   use_no_semi.o
         2          0          0          0          0         68   use_no_semi_2.o
        24          0          0          0          0        164   basic.o
        98          4          0          0          0        140   d2f.o
       826         16          0          0          0        492   daddsub_clz.o
        16          4          0          0          0        116   dcheck1.o
        24          0          0          0          0        116   dcmpi.o
       688        140          0          0          0        256   ddiv.o
        94          4          0          0          0        140   dfix.o
        90          4          0          0          0        140   dfixu.o
        84          0          0          0          0        232   dflt_clz.o
       120          4          0          0          0        140   dleqf.o
       340         12          0          0          0        152   dmul.o
       156          4          0          0          0        140   dnaninf.o
        12          0          0          0          0        116   dretinf.o
       108          0          0          0          0        128   drleqf.o
       408         56          0          0          0        168   dsqrt_umaal.o
        86          4          0          0          0        132   f2d.o
       140          4          0          0          0        132   fnaninf.o
        10          0          0          0          0        116   fpinit.o
        10          0          0          0          0        116   fretinf.o
       100          0          0          0          0        116   retnan.o
        92          0          0          0          0        116   scalbn.o
        48          0          0          0          0        116   trapv.o
         0          0          0          0          0          0   usenofp.o
       300         42          0          0          0        176   asinf.o
       592         90          0          0          0        184   atan2f.o
       200         20          0          0          0        164   cos.o
       368         46         48          0          0        200   cos_i.o
       336         56          0          0          0        136   cosf.o
       184         44          0          0          0        744   dunder.o
       488         62         48          0          0        236   expf.o
        24          0          0          0          0        124   fabs.o
        48          0          0          0          0        124   fpclassify.o
        38          0          0          0          0        116   fpclassifyf.o
        80         24          0          0          0        696   funder.o
       248          0          0          0          0        152   poly.o
      3152        296        136          0          0        352   pow.o
      1636        110        320          0          0        372   powf.o
         0          0          8          0          0          0   qnan.o
      1080        142        200          0          0        188   rred.o
       340         24         32          0          0        160   rredf.o
       200         20          0          0          0        164   sin.o
       304         24         40          0          0        208   sin_i.o
       400         56          0          0          0        212   sinf.o
       232          0          0          0          0        296   sqrt.o
       120          0          0          0          0        272   sqrtf.o
       380         58          0          0          0        200   tanf.o
       228         20          0          0          0        152   tanhf.o

    ----------------------------------------------------------------------
     16242       1448        832          0         96      11108   Library Totals
        32         12          0          0          0          0   (incl. Padding)

    ----------------------------------------------------------------------

      Code (inc. data)   RO Data    RW Data    ZI Data      Debug   Library Name

      1658         46          0          0         96       1996   c_w.l
      3574        256          0          0          0       3484   fz_wm.l
     10978       1134        832          0          0       5628   m_wm.l

    ----------------------------------------------------------------------
     16242       1448        832          0         96      11108   Library Totals

    ----------------------------------------------------------------------

==============================================================================


      Code (inc. data)   RO Data    RW Data    ZI Data      Debug   

     76832       7876       1488       2328     109160     627966   Grand Totals
     76832       7876       1488        412     109160     627966   ELF Image Totals (compressed)
     76832       7876       1488        412          0          0   ROM Totals

==============================================================================

    Total RO  Size (Code + RO Data)                78320 (  76.48kB)
    Total RW  Size (RW Data + ZI Data)            111488 ( 108.88kB)
    Total ROM Size (Code + RO Data + RW Data)      78732 (  76.89kB)

==============================================================================

