<html>
<body>
<pre>
<h1>µVision Build Log</h1>
<h2>Tool Versions:</h2>
IDE-Version: µVision V5.21.1.0
Copyright (C) 2016 ARM Ltd and ARM Germany GmbH. All rights reserved.
License Information: Youss Acer, free palestine, LIC=MPPDY-IG0BD-HKTBD-8S5QQ-XURX3-CK4ME
 
Tool Versions:
Toolchain:       MDK-ARM Plus  Version: 5.21a
Toolchain Path:  C:\Keil_v5\ARM\ARMCC\Bin
C Compiler:      Armcc.exe V5.06 update 3 (build 300)
Assembler:       Armasm.exe V5.06 update 3 (build 300)
Linker/Locator:  ArmLink.exe V5.06 update 3 (build 300)
Library Manager: ArmAr.exe V5.06 update 3 (build 300)
Hex Converter:   FromElf.exe V5.06 update 3 (build 300)
CPU DLL:         SARMCM3.DLL V5.21a
Dialog DLL:      DCM.DLL V1.13.8.0
Target DLL:      CMSIS_AGDI.dll V1.26.5.0
Dialog DLL:      TCM.DLL V1.14.14.0
 
<h2>Project:</h2>
C:\Users\Acer\Desktop\UAV_lab\FreeRTOS---Six_Degrees_of_Freedom _Adaptive_controller\USER\JX_FLY.uvprojx
Project File Date:  05/19/2026

<h2>Output:</h2>
*** Using Compiler 'V5.06 update 3 (build 300)', folder: 'C:\Keil_v5\ARM\ARMCC\Bin'
Rebuild target 'JX_FLY'
compiling retarget.c...
compiling led.c...
compiling RemoterTask.c...
compiling stm32f4xx_it.c...
compiling systemmonitor_task.c...
compiling main.c...
compiling StabilizerTask.c...
compiling mrac.c...
..\API\mrac_math.h(53): warning:  #1-D: last line of file ends without a newline
  #endif // MRAC_MATH_H
..\API\mrac.c(37): warning:  #177-D: function "MRAC_InverseMixer" was declared but never referenced
  static void MRAC_InverseMixer(float current_vbatt, float pwm1, float pwm2, float pwm3, float pwm4,
..\API\mrac.c: 2 warnings, 0 errors
compiling delay.c...
compiling AutoflyTask.c...
compiling imu_update.c...
compiling pid.c...
compiling mrac_math.c...
..\API\mrac_math.h(53): warning:  #1-D: last line of file ends without a newline
  #endif // MRAC_MATH_H
..\API\mrac_math.c(74): warning:  #1-D: last line of file ends without a newline
  }
..\API\mrac_math.c: 2 warnings, 0 errors
compiling send_data.c...
compiling bmi088_driver.c...
compiling tf_mini_plus.c...
compiling rc_input.c...
compiling Filter.c...
compiling time_estimate.c...
compiling sys.c...
compiling Ano_OF.c...
compiling flight_fsm.c...
compiling GPS.c...
compiling Accel_Calibartion.c...
compiling SINS.c...
compiling spi.c...
compiling BSP.c...
compiling ADC.c...
compiling pwm.c...
compiling usart1.c...
compiling usart2.c...
compiling usart4.c...
compiling usart6.c...
compiling usart5.c...
compiling global_declare.c...
compiling usart3.c...
compiling misc.c...
compiling globaluse_basic_function.c...
compiling algorithm.c...
compiling stm32f4xx_adc.c...
compiling stm32f4xx_can.c...
compiling stm32f4xx_cryp_tdes.c...
compiling stm32f4xx_crc.c...
compiling stm32f4xx_cryp.c...
compiling stm32f4xx_cryp_des.c...
compiling stm32f4xx_dac.c...
compiling stm32f4xx_cryp_aes.c...
compiling stm32f4xx_dcmi.c...
compiling stm32f4xx_dbgmcu.c...
compiling stm32f4xx_dma2d.c...
compiling stm32f4xx_exti.c...
compiling stm32f4xx_dma.c...
compiling stm32f4xx_flash.c...
compiling stm32f4xx_flash_ramfunc.c...
compiling stm32f4xx_fsmc.c...
compiling stm32f4xx_iwdg.c...
compiling stm32f4xx_hash_sha1.c...
compiling stm32f4xx_hash_md5.c...
compiling stm32f4xx_gpio.c...
compiling stm32f4xx_hash.c...
compiling stm32f4xx_i2c.c...
compiling stm32f4xx_rng.c...
compiling stm32f4xx_sai.c...
compiling stm32f4xx_pwr.c...
compiling stm32f4xx_ltdc.c...
compiling stm32f4xx_sdio.c...
compiling stm32f4xx_rcc.c...
compiling stm32f4xx_rtc.c...
assembling startup_stm32f40_41xxx.s...
compiling stm32f4xx_spi.c...
compiling stm32f4xx_syscfg.c...
compiling stm32f4xx_usart.c...
compiling stm32f4xx_wwdg.c...
compiling stm32f4xx_tim.c...
compiling system_stm32f4xx.c...
compiling croutine.c...
compiling event_groups.c...
compiling list.c...
compiling queue.c...
compiling timers.c...
compiling port.c...
compiling heap_4.c...
compiling tasks.c...
linking...
Program Size: Code=57716 RO-data=1172 RW-data=2008 ZI-data=107112  
FromELF: creating hex file...
"..\OBJ\JX_FLY.axf" - 0 Error(s), 4 Warning(s).

<h2>Collection of Component include folders:</h2>
  C:\Users\Acer\Desktop\UAV_lab\FreeRTOS---Six_Degrees_of_Freedom _Adaptive_controller\USER\RTE
  C:\Keil_v5\ARM\PACK\Keil\STM32F4xx_DFP\2.2.0\Drivers\CMSIS\Device\ST\STM32F4xx\Include

<h2>Collection of Component Files used:</h2>
Build Time Elapsed:  00:00:54
</pre>
</body>
</html>
